
Discarded input sections

 .group         0x00000000        0x8 hx_stream.c.o
 .group         0x00000000        0x8 hx_stream.c.o
 .group         0x00000000        0x8 hx_stream.c.o
 .group         0x00000000        0x8 hx_stream.c.o
 .group         0x00000000        0x8 hx_stream.c.o
 .group         0x00000000        0x8 hx_stream.c.o
 .group         0x00000000        0x8 hx_stream.c.o
 .group         0x00000000        0x8 hx_stream.c.o
 .group         0x00000000        0x8 hx_stream.c.o
 .group         0x00000000        0x8 hx_stream.c.o
 .group         0x00000000        0x8 hx_stream.c.o
 .group         0x00000000        0x8 hx_stream.c.o
 .group         0x00000000        0x8 hx_stream.c.o
 .group         0x00000000        0x8 hx_stream.c.o
 .group         0x00000000        0x8 hx_stream.c.o
 .group         0x00000000        0x8 hx_stream.c.o
 .group         0x00000000        0x8 hx_stream.c.o
 .group         0x00000000        0x8 hx_stream.c.o
 .group         0x00000000        0x8 hx_stream.c.o
 .group         0x00000000        0x8 hx_stream.c.o
 .group         0x00000000        0x8 hx_stream.c.o
 .group         0x00000000        0x8 hx_stream.c.o
 .group         0x00000000        0x8 hx_stream.c.o
 .group         0x00000000        0x8 hx_stream.c.o
 .group         0x00000000        0x8 hx_stream.c.o
 .group         0x00000000        0x8 hx_stream.c.o
 .group         0x00000000        0x8 hx_stream.c.o
 .group         0x00000000        0x8 hx_stream.c.o
 .group         0x00000000        0x8 hx_stream.c.o
 .group         0x00000000        0x8 hx_stream.c.o
 .group         0x00000000        0x8 hx_stream.c.o
 .group         0x00000000        0x8 hx_stream.c.o
 .group         0x00000000        0x8 hx_stream.c.o
 .group         0x00000000        0x8 hx_stream.c.o
 .debug_macro   0x00000000      0x8c2 hx_stream.c.o
 .debug_macro   0x00000000       0x22 hx_stream.c.o
 .debug_macro   0x00000000      0x89f hx_stream.c.o
 .debug_macro   0x00000000       0xc9 hx_stream.c.o
 .debug_macro   0x00000000       0x10 hx_stream.c.o
 .debug_macro   0x00000000       0x88 hx_stream.c.o
 .debug_macro   0x00000000      0x14e hx_stream.c.o
 .debug_macro   0x00000000      0x125 hx_stream.c.o
 .debug_macro   0x00000000       0x58 hx_stream.c.o
 .debug_macro   0x00000000       0x22 hx_stream.c.o
 .debug_macro   0x00000000       0xd1 hx_stream.c.o
 .debug_macro   0x00000000      0x6c1 hx_stream.c.o
 .debug_macro   0x00000000       0x22 hx_stream.c.o
 .debug_macro   0x00000000       0x58 hx_stream.c.o
 .debug_macro   0x00000000       0x4c hx_stream.c.o
 .debug_macro   0x00000000       0x49 hx_stream.c.o
 .debug_macro   0x00000000      0x106 hx_stream.c.o
 .debug_macro   0x00000000       0x23 hx_stream.c.o
 .debug_macro   0x00000000       0x28 hx_stream.c.o
 .debug_macro   0x00000000       0x98 hx_stream.c.o
 .debug_macro   0x00000000       0x16 hx_stream.c.o
 .debug_macro   0x00000000       0x59 hx_stream.c.o
 .debug_macro   0x00000000      0x11b hx_stream.c.o
 .debug_macro   0x00000000       0x46 hx_stream.c.o
 .debug_macro   0x00000000      0x27f hx_stream.c.o
 .debug_macro   0x00000000       0x10 hx_stream.c.o
 .debug_macro   0x00000000      0x195 hx_stream.c.o
 .debug_macro   0x00000000       0x8a hx_stream.c.o
 .debug_macro   0x00000000       0x10 hx_stream.c.o
 .debug_macro   0x00000000       0x10 hx_stream.c.o
 .debug_macro   0x00000000       0x39 hx_stream.c.o
 .debug_macro   0x00000000       0xb4 hx_stream.c.o
 .debug_macro   0x00000000       0x41 hx_stream.c.o
 .debug_macro   0x00000000       0x4d hx_stream.c.o
 .group         0x00000000        0x8 perf_counter.c.o
 .group         0x00000000        0x8 perf_counter.c.o
 .group         0x00000000        0x8 perf_counter.c.o
 .group         0x00000000        0x8 perf_counter.c.o
 .group         0x00000000        0x8 perf_counter.c.o
 .group         0x00000000        0x8 perf_counter.c.o
 .group         0x00000000        0x8 perf_counter.c.o
 .group         0x00000000        0x8 perf_counter.c.o
 .group         0x00000000        0x8 perf_counter.c.o
 .group         0x00000000        0x8 perf_counter.c.o
 .group         0x00000000        0x8 perf_counter.c.o
 .group         0x00000000        0x8 perf_counter.c.o
 .group         0x00000000        0x8 perf_counter.c.o
 .group         0x00000000        0x8 perf_counter.c.o
 .group         0x00000000        0x8 perf_counter.c.o
 .group         0x00000000        0x8 perf_counter.c.o
 .group         0x00000000        0x8 perf_counter.c.o
 .group         0x00000000        0x8 perf_counter.c.o
 .group         0x00000000        0x8 perf_counter.c.o
 .group         0x00000000        0x8 perf_counter.c.o
 .group         0x00000000        0x8 perf_counter.c.o
 .group         0x00000000        0x8 perf_counter.c.o
 .group         0x00000000        0x8 perf_counter.c.o
 .group         0x00000000        0x8 perf_counter.c.o
 .group         0x00000000        0x8 perf_counter.c.o
 .group         0x00000000        0x8 perf_counter.c.o
[...]
Memory Configuration

Name             Origin             Length             Attributes
*default*        0x00000000         0xffffffff

Linker script and memory map

LOAD err.c.o
LOAD hx_stream.c.o
LOAD perf_counter.c.o
LOAD param/param.c.o
LOAD bson/tinybson.c.o
LOAD conversions.c.o
LOAD cpuload.c.o
LOAD getopt_long.c.o
LOAD up_cxxinitialize.c.o
LOAD pid/pid.c.o
LOAD systemlib.c.o
LOAD airspeed.c.o
LOAD system_params.c.o
LOAD mavlink_log.c.o
LOAD rc_check.c.o
LOAD otp.c.o
LOAD board_serial.c.o
LOAD pwm_limit/pwm_limit.c.o
LOAD circuit_breaker.cpp.o
LOAD circuit_breaker_params.c.o
LOAD mcu_version.c.o

.interp
 *(.interp)

.note.gnu.build-id
 *(.note.gnu.build-id)

.hash
 *(.hash)

.gnu.hash
 *(.gnu.hash)

.dynsym
 *(.dynsym)

.dynstr
 *(.dynstr)

.gnu.version
 *(.gnu.version)

.gnu.version_d
 *(.gnu.version_d)

.gnu.version_r
 *(.gnu.version_r)

.rel.init
 *(.rel.init)

.rela.init
 *(.rela.init)

.rel.text
 *(.rel.text)

.rela.text
 *(.rela.text)

.rel.fini
 *(.rel.fini)

.rela.fini
 *(.rela.fini)

.rel.rodata
 *(.rel.rodata)

.rela.rodata
 *(.rela.rodata)

.rel.data.rel.ro
 *(.rel.data.rel.ro)

.rela.data.rel.ro
 *(.rela.data.rel.ro)

.rel.data
 *(.rel.data)

.rela.data
 *(.rela.data)

.rel.tdata
 *(.rel.tdata)

.rela.tdata
 *(.rela.tdata)

.rel.tbss
 *(.rel.tbss)

.rela.tbss
 *(.rela.tbss)

.rel.ctors
 *(.rel.ctors)

.rela.ctors
 *(.rela.ctors)

.rel.dtors
 *(.rel.dtors)

.rela.dtors
 *(.rela.dtors)

.rel.got
 *(.rel.got)

.rela.got
 *(.rela.got)

.rel.bss
 *(.rel.bss)

.rela.bss
 *(.rela.bss)

.rel.iplt
 *(.rel.iplt)

.rela.iplt
 *(.rela.iplt)

.rel.plt
 *(.rel.plt)

.rela.plt
 *(.rela.plt)

.init
 *(SORT(.init))

.plt
 *(.plt)

.iplt
 *(.iplt)

.text           0x00000000        0x0
 *(.text .stub)
 .text          0x00000000        0x0 err.c.o
 .text          0x00000000        0x0 hx_stream.c.o
 .text          0x00000000        0x0 perf_counter.c.o
 .text          0x00000000        0x0 param/param.c.o
 .text          0x00000000        0x0 bson/tinybson.c.o
 .text          0x00000000        0x0 conversions.c.o
 .text          0x00000000        0x0 cpuload.c.o
 .text          0x00000000        0x0 getopt_long.c.o
 .text          0x00000000        0x0 up_cxxinitialize.c.o
 .text          0x00000000        0x0 pid/pid.c.o
 .text          0x00000000        0x0 systemlib.c.o
 .text          0x00000000        0x0 airspeed.c.o
 .text          0x00000000        0x0 system_params.c.o
 .text          0x00000000        0x0 mavlink_log.c.o
 .text          0x00000000        0x0 rc_check.c.o
 .text          0x00000000        0x0 otp.c.o
 .text          0x00000000        0x0 board_serial.c.o
 .text          0x00000000        0x0 pwm_limit/pwm_limit.c.o
 .text          0x00000000        0x0 circuit_breaker.cpp.o
 .text          0x00000000        0x0 circuit_breaker_params.c.o
 .text          0x00000000        0x0 mcu_version.c.o
 *(.gnu.warning)

.text.warnerr_core
                0x00000000       0x6c
 .text.warnerr_core
                0x00000000       0x6c err.c.o

.text.getprogname
                0x00000000        0xc
 .text.getprogname
                0x00000000        0xc err.c.o
                0x00000000                getprogname

.text.verr      0x00000000       0x1c
 .text.verr     0x00000000       0x1c err.c.o
                0x00000000                verr

.text.err       0x00000000       0x10
 .text.err      0x00000000       0x10 err.c.o
                0x00000000                err

.text.verrc     0x00000000       0x14
 .text.verrc    0x00000000       0x14 err.c.o
                0x00000000                verrc

.text.errc      0x00000000       0x10
 .text.errc     0x00000000       0x10 err.c.o
                0x00000000                errc

.text.verrx     0x00000000       0x12
 .text.verrx    0x00000000       0x12 err.c.o
                0x00000000                verrx

.text.errx      0x00000000       0x10
 .text.errx     0x00000000       0x10 err.c.o
                0x00000000                errx

.text.vwarn     0x00000000       0x18
 .text.vwarn    0x00000000       0x18 err.c.o
                0x00000000                vwarn

.text.warn      0x00000000       0x1a
 .text.warn     0x00000000       0x1a err.c.o
                0x00000000                warn

.text.warnc     0x00000000       0x1a
 .text.warnc    0x00000000       0x1a err.c.o
                0x00000000                warnc

.text.vwarnc    0x00000000        0x4
 .text.vwarnc   0x00000000        0x4 err.c.o
                0x00000000                vwarnc

.text.vwarnx    0x00000000        0xe
 .text.vwarnx   0x00000000        0xe err.c.o
                0x00000000                vwarnx

.text.warnx     0x00000000       0x1a
 .text.warnx    0x00000000       0x1a err.c.o
                0x00000000                warnx

.text.hx_stream_init
                0x00000000       0x24
 .text.hx_stream_init
                0x00000000       0x24 hx_stream.c.o
                0x00000000                hx_stream_init

.text.hx_stream_free
                0x00000000       0x20
 .text.hx_stream_free
                0x00000000       0x20 hx_stream.c.o
                0x00000000                hx_stream_free

.text.hx_stream_set_counters
                0x00000000        0x8
 .text.hx_stream_set_counters
                0x00000000        0x8 hx_stream.c.o
                0x00000000                hx_stream_set_counters

.text.hx_stream_reset
                0x00000000       0x12
 .text.hx_stream_reset
                0x00000000       0x12 hx_stream.c.o
                0x00000000                hx_stream_reset

.text.hx_stream_start
                0x00000000       0x26
 .text.hx_stream_start
                0x00000000       0x26 hx_stream.c.o
                0x00000000                hx_stream_start

.text.hx_stream_send_next
                0x00000000       0x78
 .text.hx_stream_send_next
                0x00000000       0x78 hx_stream.c.o
                0x00000000                hx_stream_send_next

.text.hx_stream_send
                0x00000000       0x4c
 .text.hx_stream_send
                0x00000000       0x4c hx_stream.c.o
                0x00000000                hx_stream_send

.text.hx_stream_rx
                0x00000000       0x8e
 .text.hx_stream_rx
                0x00000000       0x8e hx_stream.c.o
                0x00000000                hx_stream_rx

.text.perf_alloc
                0x00000000       0x40
 .text.perf_alloc
                0x00000000       0x40 perf_counter.c.o
                0x00000000                perf_alloc

.text.perf_alloc_once
                0x00000000       0x38
 .text.perf_alloc_once
                0x00000000       0x38 perf_counter.c.o
                0x00000000                perf_alloc_once

.text.perf_free
                0x00000000       0x1c
 .text.perf_free
                0x00000000       0x1c perf_counter.c.o
                0x00000000                perf_free

.text.perf_count
                0x00000000       0xf4
 .text.perf_count
                0x00000000       0xf4 perf_counter.c.o
                0x00000000                perf_count

.text.perf_begin
                0x00000000       0x16
 .text.perf_begin
                0x00000000       0x16 perf_counter.c.o
                0x00000000                perf_begin

.text.perf_end  0x00000000       0xd0
 .text.perf_end
                0x00000000       0xd0 perf_counter.c.o
                0x00000000                perf_end

.text.perf_set  0x00000000       0xc0
 .text.perf_set
                0x00000000       0xc0 perf_counter.c.o
                0x00000000                perf_set

.text.perf_cancel
                0x00000000       0x12
 .text.perf_cancel
                0x00000000       0x12 perf_counter.c.o
                0x00000000                perf_cancel

.text.perf_reset
                0x00000000       0x42
 .text.perf_reset
                0x00000000       0x42 perf_counter.c.o
                0x00000000                perf_reset

.text.perf_print_counter_fd
                0x00000000      0x12c
 .text.perf_print_counter_fd
                0x00000000      0x12c perf_counter.c.o
                0x00000000                perf_print_counter_fd

.text.perf_print_counter
                0x00000000        0x8
 .text.perf_print_counter
                0x00000000        0x8 perf_counter.c.o
                0x00000000                perf_print_counter

.text.perf_event_count
                0x00000000       0x1a
 .text.perf_event_count
                0x00000000       0x1a perf_counter.c.o
                0x00000000                perf_event_count

.text.perf_print_all
                0x00000000       0x1c
 .text.perf_print_all
                0x00000000       0x1c perf_counter.c.o
                0x00000000                perf_print_all

.text.perf_print_latency
                0x00000000       0x58
 .text.perf_print_latency
                0x00000000       0x58 perf_counter.c.o
                0x00000000                perf_print_latency

.text.perf_reset_all
                0x00000000       0x34
 .text.perf_reset_all
                0x00000000       0x34 perf_counter.c.o
                0x00000000                perf_reset_all

.text.handle_in_range
                0x00000000       0x24
 .text.handle_in_range
                0x00000000       0x24 param/param.c.o

.text.param_compare_values
                0x00000000       0x16
 .text.param_compare_values
                0x00000000       0x16 param/param.c.o

.text.param_find_changed
                0x00000000       0x50
 .text.param_find_changed
                0x00000000       0x50 param/param.c.o

.text.param_notify_changes
                0x00000000       0x30
 .text.param_notify_changes
                0x00000000       0x30 param/param.c.o

.text.param_import_internal
                0x00000000       0x34
 .text.param_import_internal
                0x00000000       0x34 param/param.c.o

.text.param_find
                0x00000000       0x30
 .text.param_find
                0x00000000       0x30 param/param.c.o
                0x00000000                param_find

.text.param_count
                0x00000000       0x1c
 .text.param_count
                0x00000000       0x1c param/param.c.o
                0x00000000                param_count

.text.param_for_index
                0x00000000       0x24
 .text.param_for_index
                0x00000000       0x24 param/param.c.o
                0x00000000                param_for_index

.text.param_get_index
                0x00000000       0x14
 .text.param_get_index
                0x00000000       0x14 param/param.c.o
                0x00000000                param_get_index

.text.param_name
                0x00000000       0x18
 .text.param_name
                0x00000000       0x18 param/param.c.o
                0x00000000                param_name

.text.param_value_is_default
                0x00000000        0xe
 .text.param_value_is_default
                0x00000000        0xe param/param.c.o
                0x00000000                param_value_is_default

.text.param_value_unsaved
                0x00000000       0x14
 .text.param_value_unsaved
                0x00000000       0x14 param/param.c.o
                0x00000000                param_value_unsaved

.text.param_type
                0x00000000       0x20
 .text.param_type
                0x00000000       0x20 param/param.c.o
                0x00000000                param_type

.text.param_get_value_ptr
                0x00000000       0x40
 .text.param_get_value_ptr
                0x00000000       0x40 param/param.c.o

.text.param_size
                0x00000000       0x24
 .text.param_size
                0x00000000       0x24 param/param.c.o
                0x00000000                param_size

.text.param_set_internal
                0x00000000      0x138
 .text.param_set_internal
                0x00000000      0x138 param/param.c.o

.text.param_import_callback
                0x00000000       0xb6
 .text.param_import_callback
                0x00000000       0xb6 param/param.c.o

.text.param_get
                0x00000000       0x28
 .text.param_get
                0x00000000       0x28 param/param.c.o
                0x00000000                param_get

.text.param_set
                0x00000000        0x6
 .text.param_set
                0x00000000        0x6 param/param.c.o
                0x00000000                param_set

.text.param_reset
                0x00000000       0x7c
 .text.param_reset
                0x00000000       0x7c param/param.c.o
                0x00000000                param_reset

.text.param_reset_all
                0x00000000       0x4c
 .text.param_reset_all
                0x00000000       0x4c param/param.c.o
                0x00000000                param_reset_all

.text.param_reset_excludes
                0x00000000       0x62
 .text.param_reset_excludes
                0x00000000       0x62 param/param.c.o
                0x00000000                param_reset_excludes

.text.param_set_default_file
                0x00000000       0x24
 .text.param_set_default_file
                0x00000000       0x24 param/param.c.o
                0x00000000                param_set_default_file

.text.param_get_default_file
                0x00000000       0x18
 .text.param_get_default_file
                0x00000000       0x18 param/param.c.o
                0x00000000                param_get_default_file

.text.param_export
                0x00000000       0xf8
 .text.param_export
                0x00000000       0xf8 param/param.c.o
                0x00000000                param_export

.text.param_save_default
                0x00000000       0x44
 .text.param_save_default
                0x00000000       0x44 param/param.c.o
                0x00000000                param_save_default

.text.param_import
                0x00000000        0x6
 .text.param_import
                0x00000000        0x6 param/param.c.o
                0x00000000                param_import

.text.param_load
                0x00000000       0x14
 .text.param_load
                0x00000000       0x14 param/param.c.o
                0x00000000                param_load

.text.param_load_default
                0x00000000       0x5c
 .text.param_load_default
                0x00000000       0x5c param/param.c.o
                0x00000000                param_load_default

.text.param_foreach
                0x00000000       0x28
 .text.param_foreach
                0x00000000       0x28 param/param.c.o
                0x00000000                param_foreach

.text.read_x    0x00000000       0x50
 .text.read_x   0x00000000       0x50 bson/tinybson.c.o

.text.write_x   0x00000000       0x66
 .text.write_x  0x00000000       0x66 bson/tinybson.c.o

.text.write_int8
                0x00000000       0x16
 .text.write_int8
                0x00000000       0x16 bson/tinybson.c.o

.text.write_name
                0x00000000       0x2a
 .text.write_name
                0x00000000       0x2a bson/tinybson.c.o

.text.bson_decoder_init_file
                0x00000000       0x30
 .text.bson_decoder_init_file
                0x00000000       0x30 bson/tinybson.c.o
                0x00000000                bson_decoder_init_file

.text.bson_decoder_init_buf
                0x00000000       0x54
 .text.bson_decoder_init_buf
                0x00000000       0x54 bson/tinybson.c.o
                0x00000000                bson_decoder_init_buf

.text.bson_decoder_next
                0x00000000      0x138
 .text.bson_decoder_next
                0x00000000      0x138 bson/tinybson.c.o
                0x00000000                bson_decoder_next

.text.bson_decoder_copy_data
                0x00000000       0x20
 .text.bson_decoder_copy_data
                0x00000000       0x20 bson/tinybson.c.o
                0x00000000                bson_decoder_copy_data

.text.bson_decoder_data_pending
                0x00000000        0x4
 .text.bson_decoder_data_pending
                0x00000000        0x4 bson/tinybson.c.o
                0x00000000                bson_decoder_data_pending

.text.bson_encoder_init_file
                0x00000000       0x26
 .text.bson_encoder_init_file
                0x00000000       0x26 bson/tinybson.c.o
                0x00000000                bson_encoder_init_file

.text.bson_encoder_init_buf
                0x00000000       0x3c
 .text.bson_encoder_init_buf
                0x00000000       0x3c bson/tinybson.c.o
                0x00000000                bson_encoder_init_buf

.text.bson_encoder_buf_size
                0x00000000       0x14
 .text.bson_encoder_buf_size
                0x00000000       0x14 bson/tinybson.c.o
                0x00000000                bson_encoder_buf_size

.text.bson_encoder_fini
                0x00000000       0x3c
 .text.bson_encoder_fini
                0x00000000       0x3c bson/tinybson.c.o
                0x00000000                bson_encoder_fini

.text.bson_encoder_buf_data
                0x00000000        0xc
 .text.bson_encoder_buf_data
                0x00000000        0xc bson/tinybson.c.o
                0x00000000                bson_encoder_buf_data

.text.bson_encoder_append_bool
                0x00000000       0x38
 .text.bson_encoder_append_bool
                0x00000000       0x38 bson/tinybson.c.o
                0x00000000                bson_encoder_append_bool

.text.bson_encoder_append_int
                0x00000000       0x72
 .text.bson_encoder_append_int
                0x00000000       0x72 bson/tinybson.c.o
                0x00000000                bson_encoder_append_int

.text.bson_encoder_append_double
                0x00000000       0x50
 .text.bson_encoder_append_double
                0x00000000       0x50 bson/tinybson.c.o
                0x00000000                bson_encoder_append_double

.text.bson_encoder_append_string
                0x00000000       0x58
 .text.bson_encoder_append_string
                0x00000000       0x58 bson/tinybson.c.o
                0x00000000                bson_encoder_append_string

.text.bson_encoder_append_binary
                0x00000000       0x5c
 .text.bson_encoder_append_binary
                0x00000000       0x5c bson/tinybson.c.o
                0x00000000                bson_encoder_append_binary

.text.int16_t_from_bytes
                0x00000000       0x14
 .text.int16_t_from_bytes
                0x00000000       0x14 conversions.c.o
                0x00000000                int16_t_from_bytes

.text.cpuload_initialize_once
                0x00000000       0x78
 .text.cpuload_initialize_once
                0x00000000       0x78 cpuload.c.o
                0x00000000                cpuload_initialize_once

.text.sched_note_start
                0x00000000       0x4c
 .text.sched_note_start
                0x00000000       0x4c cpuload.c.o
                0x00000000                sched_note_start

.text.sched_note_stop
                0x00000000       0x44
 .text.sched_note_stop
                0x00000000       0x44 cpuload.c.o
                0x00000000                sched_note_stop

.text.sched_note_switch
                0x00000000       0x5c
 .text.sched_note_switch
                0x00000000       0x5c cpuload.c.o
                0x00000000                sched_note_switch

.text.reverse_argv_elements
                0x00000000       0x24
 .text.reverse_argv_elements
                0x00000000       0x24 getopt_long.c.o

.text.is_option
                0x00000000       0x1c
 .text.is_option
                0x00000000       0x1c getopt_long.c.o

.text.getopt_internal
                0x00000000      0x474
 .text.getopt_internal
                0x00000000      0x474 getopt_long.c.o

.text.getopt_long
                0x00000000       0x12
 .text.getopt_long
                0x00000000       0x12 getopt_long.c.o
                0x00000000                getopt_long

.text.getopt_long_only
                0x00000000       0x12
 .text.getopt_long_only
                0x00000000       0x12 getopt_long.c.o
                0x00000000                getopt_long_only

.text.up_cxxinitialize
                0x00000000       0x30
 .text.up_cxxinitialize
                0x00000000       0x30 up_cxxinitialize.c.o
                0x00000000                up_cxxinitialize

.text.pid_init  0x00000000       0x1a
 .text.pid_init
                0x00000000       0x1a pid/pid.c.o
                0x00000000                pid_init

.text.pid_set_parameters
                0x00000000       0x86
 .text.pid_set_parameters
                0x00000000       0x86 pid/pid.c.o
                0x00000000                pid_set_parameters

.text.pid_calculate
                0x00000000      0x188
 .text.pid_calculate
                0x00000000      0x188 pid/pid.c.o
                0x00000000                pid_calculate

.text.pid_reset_integral
                0x00000000        0x6
 .text.pid_reset_integral
                0x00000000        0x6 pid/pid.c.o
                0x00000000                pid_reset_integral

.text.kill_task
                0x00000000        0xa
 .text.kill_task
                0x00000000        0xa systemlib.c.o

.text.systemreset
                0x00000000       0x1c
 .text.systemreset
                0x00000000       0x1c systemlib.c.o
                0x00000000                systemreset

.text.killall   0x00000000        0xc
 .text.killall  0x00000000        0xc systemlib.c.o
                0x00000000                killall

.text.task_spawn_cmd
                0x00000000       0x3c
 .text.task_spawn_cmd
                0x00000000       0x3c systemlib.c.o
                0x00000000                task_spawn_cmd

.text.calc_indicated_airspeed
                0x00000000       0x34
 .text.calc_indicated_airspeed
                0x00000000       0x34 airspeed.c.o
                0x00000000                calc_indicated_airspeed

.text.calc_true_airspeed_from_indicated
                0x00000000       0x40
 .text.calc_true_airspeed_from_indicated
                0x00000000       0x40 airspeed.c.o
                0x00000000                calc_true_airspeed_from_indicated

.text.calc_true_airspeed
                0x00000000       0x98
 .text.calc_true_airspeed
                0x00000000       0x98 airspeed.c.o
                0x00000000                calc_true_airspeed

.text.get_air_density
                0x00000000       0x20
 .text.get_air_density
                0x00000000       0x20 airspeed.c.o
                0x00000000                get_air_density

.text.mavlink_logbuffer_init
                0x00000000       0x18
 .text.mavlink_logbuffer_init
                0x00000000       0x18 mavlink_log.c.o
                0x00000000                mavlink_logbuffer_init

.text.mavlink_logbuffer_destroy
                0x00000000        0xe
 .text.mavlink_logbuffer_destroy
                0x00000000        0xe mavlink_log.c.o
                0x00000000                mavlink_logbuffer_destroy

.text.mavlink_logbuffer_is_full
                0x00000000        0xc
 .text.mavlink_logbuffer_is_full
                0x00000000        0xc mavlink_log.c.o
                0x00000000                mavlink_logbuffer_is_full

.text.mavlink_logbuffer_is_empty
                0x00000000        0xa
 .text.mavlink_logbuffer_is_empty
                0x00000000        0xa mavlink_log.c.o
                0x00000000                mavlink_logbuffer_is_empty

.text.mavlink_logbuffer_write
                0x00000000       0x46
 .text.mavlink_logbuffer_write
                0x00000000       0x46 mavlink_log.c.o
                0x00000000                mavlink_logbuffer_write

.text.mavlink_logbuffer_read
                0x00000000       0x3c
 .text.mavlink_logbuffer_read
                0x00000000       0x3c mavlink_log.c.o
                0x00000000                mavlink_logbuffer_read

.text.mavlink_logbuffer_vasprintf
                0x00000000       0x5a
 .text.mavlink_logbuffer_vasprintf
                0x00000000       0x5a mavlink_log.c.o
                0x00000000                mavlink_logbuffer_vasprintf

.text.mavlink_vasprintf
                0x00000000       0x2e
 .text.mavlink_vasprintf
                0x00000000       0x2e mavlink_log.c.o
                0x00000000                mavlink_vasprintf

.text.rc_calibration_check
                0x00000000      0x1e4
 .text.rc_calibration_check
                0x00000000      0x1e4 rc_check.c.o
                0x00000000                rc_calibration_check

.text.F_GetStatus
                0x00000000       0x34
 .text.F_GetStatus
                0x00000000       0x34 otp.c.o

.text.val_read  0x00000000       0x22
 .text.val_read
                0x00000000       0x22 otp.c.o
                0x00000000                val_read

.text.F_unlock  0x00000000       0x1c
 .text.F_unlock
                0x00000000       0x1c otp.c.o
                0x00000000                F_unlock

.text.F_lock    0x00000000       0x10
 .text.F_lock   0x00000000       0x10 otp.c.o
                0x00000000                F_lock

.text.F_write_byte
                0x00000000       0x84
 .text.F_write_byte
                0x00000000       0x84 otp.c.o
                0x00000000                F_write_byte

.text.lock_otp  0x00000000        0xe
 .text.lock_otp
                0x00000000        0xe otp.c.o
                0x00000000                lock_otp

.text.F_write_word
                0x00000000       0x1e
 .text.F_write_word
                0x00000000       0x1e otp.c.o
                0x00000000                F_write_word

.text.write_otp
                0x00000000       0xb0
 .text.write_otp
                0x00000000       0xb0 otp.c.o
                0x00000000                write_otp

.text.get_board_serial
                0x00000000       0x60
 .text.get_board_serial
                0x00000000       0x60 board_serial.c.o
                0x00000000                get_board_serial

.text.pwm_limit_init
                0x00000000        0xe
 .text.pwm_limit_init
                0x00000000        0xe pwm_limit/pwm_limit.c.o
                0x00000000                pwm_limit_init

.text.pwm_limit_calc
                0x00000000      0x1c8
 .text.pwm_limit_calc
                0x00000000      0x1c8 pwm_limit/pwm_limit.c.o
                0x00000000                pwm_limit_calc

.text.circuit_breaker_enabled
                0x00000000       0x1a
 .text.circuit_breaker_enabled
                0x00000000       0x1a circuit_breaker.cpp.o
                0x00000000                circuit_breaker_enabled

.text.mcu_unique_id
                0x00000000       0x20
 .text.mcu_unique_id
                0x00000000       0x20 mcu_version.c.o
                0x00000000                mcu_unique_id

.text.mcu_version
                0x00000000       0x84
 .text.mcu_version
                0x00000000       0x84 mcu_version.c.o
                0x00000000                mcu_version

.fini
 *(SORT(.fini))

.rodata
 *(.rodata)

.rodata.str1.1  0x00000000      0x476
 .rodata.str1.1
                0x00000000        0xa err.c.o
 .rodata.str1.1
                0x0000000a       0xd9 perf_counter.c.o
 .rodata.str1.1
                0x000000e3       0xa9 param/param.c.o
 .rodata.str1.1
                0x0000018c       0x8a getopt_long.c.o
 .rodata.str1.1
                0x00000216       0x47 system_params.c.o
 .rodata.str1.1
                0x0000025d      0x12c rc_check.c.o
 .rodata.str1.1
                0x00000389       0x71 otp.c.o
 .rodata.str1.1
                0x000003fa       0x5e circuit_breaker_params.c.o
 .rodata.str1.1
                0x00000458       0x1e mcu_version.c.o

.rodata.param_icd
                0x00000000       0x10
 .rodata.param_icd
                0x00000000       0x10 param/param.c.o
                0x00000000                param_icd

.rodata.__orb_parameter_update
                0x00000000        0x8
 .rodata.__orb_parameter_update
                0x00000000        0x8 param/param.c.o
                0x00000000                __orb_parameter_update

__param         0x00000000       0x84
                0x00000000                PROVIDE (__start___param, .)
 __param        0x00000000       0x3c system_params.c.o
 __param        0x0000003c       0x48 circuit_breaker_params.c.o
                0x00000084                PROVIDE (__stop___param, .)

.rodata1
 *(.rodata1)

.ARM.extab
 *(.ARM.extab)

.ARM.exidx
 *(.ARM.exidx)

.eh_frame_hdr
 *(.eh_frame_hdr)

.eh_frame
 *(.eh_frame)

.gcc_except_table
 *(.gcc_except_table .gcc_except_table.*)

.exception_ranges
 *(.exception_ranges .exception_ranges*)

.eh_frame
 *(.eh_frame)

.gcc_except_table
 *(.gcc_except_table .gcc_except_table.*)

.exception_ranges
 *(.exception_ranges .exception_ranges*)

.tdata
 *(.tdata)

.tbss
 *(.tbss)

.preinit_array
 *(.preinit_array)

.jcr
 *(.jcr)

.dynamic
 *(.dynamic)

.got
 *(.got.plt)
 *(.igot.plt)
 *(.got)
 *(.igot)

.data           0x00000000        0x0
 *(.data)
 .data          0x00000000        0x0 err.c.o
 .data          0x00000000        0x0 hx_stream.c.o
 .data          0x00000000        0x0 perf_counter.c.o
 .data          0x00000000        0x0 param/param.c.o
 .data          0x00000000        0x0 bson/tinybson.c.o
 .data          0x00000000        0x0 conversions.c.o
 .data          0x00000000        0x0 cpuload.c.o
 .data          0x00000000        0x0 getopt_long.c.o
 .data          0x00000000        0x0 up_cxxinitialize.c.o
 .data          0x00000000        0x0 pid/pid.c.o
 .data          0x00000000        0x0 systemlib.c.o
 .data          0x00000000        0x0 airspeed.c.o
 .data          0x00000000        0x0 system_params.c.o
 .data          0x00000000        0x0 mavlink_log.c.o
 .data          0x00000000        0x0 rc_check.c.o
 .data          0x00000000        0x0 otp.c.o
 .data          0x00000000        0x0 board_serial.c.o
 .data          0x00000000        0x0 pwm_limit/pwm_limit.c.o
 .data          0x00000000        0x0 circuit_breaker.cpp.o
 .data          0x00000000        0x0 circuit_breaker_params.c.o
 .data          0x00000000        0x0 mcu_version.c.o

.data.param_topic
                0x00000000        0x4
 .data.param_topic
                0x00000000        0x4 param/param.c.o

.data.optopt    0x00000000        0x4
 .data.optopt   0x00000000        0x4 getopt_long.c.o
                0x00000000                optopt

.data.opterr    0x00000000        0x4
 .data.opterr   0x00000000        0x4 getopt_long.c.o
                0x00000000                opterr

.data1
 *(.data1)

.bss            0x00000000        0x0
 *(.dynbss)
 *(.bss)
 .bss           0x00000000        0x0 err.c.o
 .bss           0x00000000        0x0 hx_stream.c.o
 .bss           0x00000000        0x0 perf_counter.c.o
 .bss           0x00000000        0x0 param/param.c.o
 .bss           0x00000000        0x0 bson/tinybson.c.o
 .bss           0x00000000        0x0 conversions.c.o
 .bss           0x00000000        0x0 cpuload.c.o
 .bss           0x00000000        0x0 getopt_long.c.o
 .bss           0x00000000        0x0 up_cxxinitialize.c.o
 .bss           0x00000000        0x0 pid/pid.c.o
 .bss           0x00000000        0x0 systemlib.c.o
 .bss           0x00000000        0x0 airspeed.c.o
 .bss           0x00000000        0x0 system_params.c.o
 .bss           0x00000000        0x0 mavlink_log.c.o
 .bss           0x00000000        0x0 rc_check.c.o
 .bss           0x00000000        0x0 otp.c.o
 .bss           0x00000000        0x0 board_serial.c.o
 .bss           0x00000000        0x0 pwm_limit/pwm_limit.c.o
 .bss           0x00000000        0x0 circuit_breaker.cpp.o
 .bss           0x00000000        0x0 circuit_breaker_params.c.o
 .bss           0x00000000        0x0 mcu_version.c.o
 *(COMMON)

.bss.perf_counters
                0x00000000        0x8
 .bss.perf_counters
                0x00000000        0x8 perf_counter.c.o

.bss.param_values
                0x00000000        0x4
 .bss.param_values
                0x00000000        0x4 param/param.c.o
                0x00000000                param_values

.bss.param_user_file
                0x00000000        0x4
 .bss.param_user_file
                0x00000000        0x4 param/param.c.o

.bss.s.5030     0x00000000        0x4
 .bss.s.5030    0x00000000        0x4 param/param.c.o

.bss.system_load
                0x00000000      0x418
 .bss.system_load
                0x00000000      0x418 cpuload.c.o
                0x00000000                system_load

.bss.optwhere.5474
                0x00000000        0x4
 .bss.optwhere.5474
                0x00000000        0x4 getopt_long.c.o

.bss.optind     0x00000000        0x4
 .bss.optind    0x00000000        0x4 getopt_long.c.o
                0x00000000                optind

.bss.optarg     0x00000000        0x4
 .bss.optarg    0x00000000        0x4 getopt_long.c.o
                0x00000000                optarg

.stab
 *(.stab)

.stabstr
 *(.stabstr)

.stab.excl
 *(.stab.excl)

.stab.exclstr
 *(.stab.exclstr)

.stab.index
 *(.stab.index)

.stab.indexstr
 *(.stab.indexstr)

.comment        0x00000000      0x945
 *(.comment)
 .comment       0x00000000       0x71 err.c.o
 .comment       0x00000071       0x71 hx_stream.c.o
 .comment       0x000000e2       0x71 perf_counter.c.o
 .comment       0x00000153       0x71 param/param.c.o
 .comment       0x000001c4       0x71 bson/tinybson.c.o
 .comment       0x00000235       0x71 conversions.c.o
 .comment       0x000002a6       0x71 cpuload.c.o
 .comment       0x00000317       0x71 getopt_long.c.o
 .comment       0x00000388       0x71 up_cxxinitialize.c.o
 .comment       0x000003f9       0x71 pid/pid.c.o
 .comment       0x0000046a       0x71 systemlib.c.o
 .comment       0x000004db       0x71 airspeed.c.o
 .comment       0x0000054c       0x71 system_params.c.o
 .comment       0x000005bd       0x71 mavlink_log.c.o
 .comment       0x0000062e       0x71 rc_check.c.o
 .comment       0x0000069f       0x71 otp.c.o
 .comment       0x00000710       0x71 board_serial.c.o
 .comment       0x00000781       0x71 pwm_limit/pwm_limit.c.o
 .comment       0x000007f2       0x71 circuit_breaker.cpp.o
 .comment       0x00000863       0x71 circuit_breaker_params.c.o
 .comment       0x000008d4       0x71 mcu_version.c.o

.group          0x00000000        0x8
 .group         0x00000000        0x8 err.c.o

.group          0x00000000        0x8
 .group         0x00000000        0x8 err.c.o

.group          0x00000000        0x8
 .group         0x00000000        0x8 err.c.o

.group          0x00000000        0x8
 .group         0x00000000        0x8 err.c.o

.group          0x00000000        0x8
 .group         0x00000000        0x8 err.c.o

.group          0x00000000        0x8
 .group         0x00000000        0x8 err.c.o

.group          0x00000000        0x8
 .group         0x00000000        0x8 err.c.o

.group          0x00000000        0x8
 .group         0x00000000        0x8 err.c.o

.group          0x00000000        0x8
 .group         0x00000000        0x8 err.c.o

.group          0x00000000        0x8
 .group         0x00000000        0x8 err.c.o

.group          0x00000000        0x8
 .group         0x00000000        0x8 err.c.o

.group          0x00000000        0x8
 .group         0x00000000        0x8 err.c.o

.group          0x00000000        0x8
 .group         0x00000000        0x8 err.c.o

.group          0x00000000        0x8
 .group         0x00000000        0x8 err.c.o

.group          0x00000000        0x8
 .group         0x00000000        0x8 err.c.o

.group          0x00000000        0x8
 .group         0x00000000        0x8 err.c.o

.group          0x00000000        0x8
 .group         0x00000000        0x8 err.c.o

.group          0x00000000        0x8
 .group         0x00000000        0x8 err.c.o

.group          0x00000000        0x8
 .group         0x00000000        0x8 err.c.o

.group          0x00000000        0x8
 .group         0x00000000        0x8 err.c.o

.group          0x00000000        0x8
 .group         0x00000000        0x8 err.c.o

.group          0x00000000        0x8
 .group         0x00000000        0x8 err.c.o

.group          0x00000000        0x8
 .group         0x00000000        0x8 err.c.o

.group          0x00000000        0x8
 .group         0x00000000        0x8 err.c.o

.group          0x00000000        0x8
 .group         0x00000000        0x8 err.c.o

.group          0x00000000        0x8
 .group         0x00000000        0x8 err.c.o

.group          0x00000000        0x8
 .group         0x00000000        0x8 err.c.o

.group          0x00000000        0x8
 .group         0x00000000        0x8 err.c.o

.group          0x00000000        0x8
 .group         0x00000000        0x8 err.c.o

.group          0x00000000        0x8
 .group         0x00000000        0x8 err.c.o

.group          0x00000000        0x8
 .group         0x00000000        0x8 err.c.o

.group          0x00000000        0x8
 .group         0x00000000        0x8 err.c.o

.group          0x00000000        0x8
 .group         0x00000000        0x8 err.c.o

.group          0x00000000        0x8
 .group         0x00000000        0x8 err.c.o

.group          0x00000000        0x8
 .group         0x00000000        0x8 err.c.o

.group          0x00000000        0x8
 .group         0x00000000        0x8 hx_stream.c.o

.group          0x00000000        0x8
 .group         0x00000000        0x8 hx_stream.c.o

.group          0x00000000        0x8
 .group         0x00000000        0x8 hx_stream.c.o

.group          0x00000000        0x8
 .group         0x00000000        0x8 hx_stream.c.o

.group          0x00000000        0x8
 .group         0x00000000        0x8 hx_stream.c.o

.group          0x00000000        0x8
 .group         0x00000000        0x8 hx_stream.c.o

.group          0x00000000        0x8
 .group         0x00000000        0x8 hx_stream.c.o

.group          0x00000000        0x8
 .group         0x00000000        0x8 hx_stream.c.o

.group          0x00000000        0x8
 .group         0x00000000        0x8 perf_counter.c.o

.group          0x00000000        0x8
 .group         0x00000000        0x8 perf_counter.c.o

.group          0x00000000        0x8
 .group         0x00000000        0x8 perf_counter.c.o

.group          0x00000000        0x8
 .group         0x00000000        0x8 perf_counter.c.o

.group          0x00000000        0x8
 .group         0x00000000        0x8 perf_counter.c.o

.group          0x00000000        0x8
 .group         0x00000000        0x8 perf_counter.c.o

.group          0x00000000        0x8
 .group         0x00000000        0x8 perf_counter.c.o

.group          0x00000000        0x8
 .group         0x00000000        0x8 perf_counter.c.o

.group          0x00000000        0x8
 .group         0x00000000        0x8 perf_counter.c.o

.group          0x00000000        0x8
 .group         0x00000000        0x8 param/param.c.o

.group          0x00000000        0x8
 .group         0x00000000        0x8 param/param.c.o

.group          0x00000000        0x8
 .group         0x00000000        0x8 param/param.c.o

.group          0x00000000        0x8
 .group         0x00000000        0x8 param/param.c.o

.group          0x00000000        0x8
 .group         0x00000000        0x8 param/param.c.o

.group          0x00000000        0x8
 .group         0x00000000        0x8 param/param.c.o

.group          0x00000000        0x8
 .group         0x00000000        0x8 param/param.c.o

.group          0x00000000        0x8
 .group         0x00000000        0x8 bson/tinybson.c.o

.group          0x00000000        0x8
 .group         0x00000000        0x8 bson/tinybson.c.o

.group          0x00000000        0x8
 .group         0x00000000        0x8 cpuload.c.o

.group          0x00000000        0x8
 .group         0x00000000        0x8 cpuload.c.o

.group          0x00000000        0x8
 .group         0x00000000        0x8 cpuload.c.o

.group          0x00000000        0x8
 .group         0x00000000        0x8 cpuload.c.o

.group          0x00000000        0x8
 .group         0x00000000        0x8 cpuload.c.o

.group          0x00000000        0x8
 .group         0x00000000        0x8 cpuload.c.o

.group          0x00000000        0x8
 .group         0x00000000        0x8 cpuload.c.o

.group          0x00000000        0x8
 .group         0x00000000        0x8 cpuload.c.o

.group          0x00000000        0x8
 .group         0x00000000        0x8 cpuload.c.o

.group          0x00000000        0x8
 .group         0x00000000        0x8 cpuload.c.o

.group          0x00000000        0x8
 .group         0x00000000        0x8 cpuload.c.o

.group          0x00000000        0x8
 .group         0x00000000        0x8 cpuload.c.o

.group          0x00000000        0x8
 .group         0x00000000        0x8 cpuload.c.o

.group          0x00000000        0x8
 .group         0x00000000        0x8 cpuload.c.o

.group          0x00000000        0x8
 .group         0x00000000        0x8 cpuload.c.o

.group          0x00000000        0x8
 .group         0x00000000        0x8 cpuload.c.o

.group          0x00000000        0x8
 .group         0x00000000        0x8 cpuload.c.o

.group          0x00000000        0x8
 .group         0x00000000        0x8 cpuload.c.o

.group          0x00000000        0x8
 .group         0x00000000        0x8 cpuload.c.o

.group          0x00000000        0x8
 .group         0x00000000        0x8 cpuload.c.o

.group          0x00000000        0x8
 .group         0x00000000        0x8 cpuload.c.o

.group          0x00000000        0x8
 .group         0x00000000        0x8 cpuload.c.o

.group          0x00000000        0x8
 .group         0x00000000        0x8 cpuload.c.o

.group          0x00000000        0x8
 .group         0x00000000        0x8 cpuload.c.o

.group          0x00000000        0x8
 .group         0x00000000        0x8 cpuload.c.o

.group          0x00000000        0x8
 .group         0x00000000        0x8 cpuload.c.o

.group          0x00000000        0x8
 .group         0x00000000        0x8 cpuload.c.o

.group          0x00000000        0x8
 .group         0x00000000        0x8 cpuload.c.o

.group          0x00000000        0x8
 .group         0x00000000        0x8 cpuload.c.o

.group          0x00000000        0x8
 .group         0x00000000        0x8 cpuload.c.o

.group          0x00000000        0x8
 .group         0x00000000        0x8 cpuload.c.o

.group          0x00000000        0x8
 .group         0x00000000        0x8 cpuload.c.o

.group          0x00000000        0x8
 .group         0x00000000        0x8 cpuload.c.o

.group          0x00000000        0x8
 .group         0x00000000        0x8 cpuload.c.o

.group          0x00000000        0x8
 .group         0x00000000        0x8 cpuload.c.o

.group          0x00000000        0x8
 .group         0x00000000        0x8 cpuload.c.o

.group          0x00000000        0x8
 .group         0x00000000        0x8 cpuload.c.o

.group          0x00000000        0x8
 .group         0x00000000        0x8 cpuload.c.o

.group          0x00000000        0x8
 .group         0x00000000        0x8 cpuload.c.o

.group          0x00000000        0x8
 .group         0x00000000        0x8 cpuload.c.o

.group          0x00000000        0x8
 .group         0x00000000        0x8 cpuload.c.o

.group          0x00000000        0x8
 .group         0x00000000        0x8 cpuload.c.o

.group          0x00000000        0x8
 .group         0x00000000        0x8 cpuload.c.o

.group          0x00000000        0x8
 .group         0x00000000        0x8 cpuload.c.o

.group          0x00000000        0x8
 .group         0x00000000        0x8 cpuload.c.o

.group          0x00000000        0x8
 .group         0x00000000        0x8 cpuload.c.o

.group          0x00000000        0x8
 .group         0x00000000        0x8 cpuload.c.o

.group          0x00000000        0x8
 .group         0x00000000        0x8 cpuload.c.o

.group          0x00000000        0x8
 .group         0x00000000        0x8 cpuload.c.o

.group          0x00000000        0x8
 .group         0x00000000        0x8 cpuload.c.o

.group          0x00000000        0x8
 .group         0x00000000        0x8 cpuload.c.o

.group          0x00000000        0x8
 .group         0x00000000        0x8 cpuload.c.o

.group          0x00000000        0x8
 .group         0x00000000        0x8 cpuload.c.o

.group          0x00000000        0x8
 .group         0x00000000        0x8 getopt_long.c.o

.group          0x00000000        0x8
 .group         0x00000000        0x8 up_cxxinitialize.c.o

.group          0x00000000        0x8
 .group         0x00000000        0x8 systemlib.c.o

.group          0x00000000        0x8
 .group         0x00000000        0x8 systemlib.c.o

.group          0x00000000        0x8
 .group         0x00000000        0x8 airspeed.c.o

.group          0x00000000        0x8
 .group         0x00000000        0x8 system_params.c.o

.group          0x00000000        0x8
 .group         0x00000000        0x8 mavlink_log.c.o

.group          0x00000000        0x8
 .group         0x00000000        0x8 mavlink_log.c.o

.group          0x00000000        0x8
 .group         0x00000000        0x8 rc_check.c.o

.group          0x00000000        0x8
 .group         0x00000000        0x8 rc_check.c.o

.group          0x00000000        0x8
 .group         0x00000000        0x8 otp.c.o

.group          0x00000000        0x8
 .group         0x00000000        0x8 otp.c.o

.group          0x00000000        0x8
 .group         0x00000000        0x8 otp.c.o

.group          0x00000000        0x8
 .group         0x00000000        0x8 otp.c.o

.group          0x00000000        0x8
 .group         0x00000000        0x8 board_serial.c.o

.group          0x00000000        0x8
 .group         0x00000000        0x8 board_serial.c.o

.group          0x00000000        0x8
 .group         0x00000000        0x8 pwm_limit/pwm_limit.c.o

.group          0x00000000        0x8
 .group         0x00000000        0x8 pwm_limit/pwm_limit.c.o

.group          0x00000000        0x8
 .group         0x00000000        0x8 circuit_breaker.cpp.o

.group          0x00000000        0x8
 .group         0x00000000        0x8 circuit_breaker.cpp.o

.group          0x00000000        0x8
 .group         0x00000000        0x8 circuit_breaker.cpp.o

.group          0x00000000        0x8
 .group         0x00000000        0x8 circuit_breaker.cpp.o

.group          0x00000000        0x8
 .group         0x00000000        0x8 circuit_breaker.cpp.o

.group          0x00000000        0x8
 .group         0x00000000        0x8 circuit_breaker.cpp.o

.group          0x00000000        0x8
 .group         0x00000000        0x8 circuit_breaker.cpp.o

.group          0x00000000        0x8
 .group         0x00000000        0x8 circuit_breaker.cpp.o

.group          0x00000000        0x8
 .group         0x00000000        0x8 circuit_breaker.cpp.o

.group          0x00000000        0x8
 .group         0x00000000        0x8 circuit_breaker.cpp.o

.group          0x00000000        0x8
 .group         0x00000000        0x8 circuit_breaker.cpp.o

.group          0x00000000        0x8
 .group         0x00000000        0x8 circuit_breaker.cpp.o

.group          0x00000000        0x8
 .group         0x00000000        0x8 circuit_breaker.cpp.o

.group          0x00000000        0x8
 .group         0x00000000        0x8 circuit_breaker.cpp.o

.group          0x00000000        0x8
 .group         0x00000000        0x8 circuit_breaker.cpp.o

.group          0x00000000        0x8
 .group         0x00000000        0x8 circuit_breaker.cpp.o

.group          0x00000000        0x8
 .group         0x00000000        0x8 circuit_breaker.cpp.o

.group          0x00000000        0x8
 .group         0x00000000        0x8 circuit_breaker.cpp.o

.group          0x00000000        0x8
 .group         0x00000000        0x8 circuit_breaker.cpp.o

.group          0x00000000        0x8
 .group         0x00000000        0x8 circuit_breaker.cpp.o

.group          0x00000000        0x8
 .group         0x00000000        0x8 circuit_breaker.cpp.o

.group          0x00000000        0x8
 .group         0x00000000        0x8 circuit_breaker.cpp.o

.group          0x00000000        0x8
 .group         0x00000000        0x8 circuit_breaker.cpp.o

.group          0x00000000        0x8
 .group         0x00000000        0x8 circuit_breaker.cpp.o

.group          0x00000000        0x8
 .group         0x00000000        0x8 circuit_breaker.cpp.o

.group          0x00000000        0x8
 .group         0x00000000        0x8 circuit_breaker.cpp.o

.group          0x00000000        0x8
 .group         0x00000000        0x8 circuit_breaker.cpp.o

.group          0x00000000        0x8
 .group         0x00000000        0x8 circuit_breaker.cpp.o

.group          0x00000000        0x8
 .group         0x00000000        0x8 circuit_breaker.cpp.o

.group          0x00000000        0x8
 .group         0x00000000        0x8 circuit_breaker.cpp.o

.group          0x00000000        0x8
 .group         0x00000000        0x8 circuit_breaker.cpp.o

.group          0x00000000        0x8
 .group         0x00000000        0x8 circuit_breaker.cpp.o

.group          0x00000000        0x8
 .group         0x00000000        0x8 circuit_breaker.cpp.o

.group          0x00000000        0x8
 .group         0x00000000        0x8 circuit_breaker.cpp.o

.group          0x00000000        0x8
 .group         0x00000000        0x8 circuit_breaker.cpp.o

.group          0x00000000        0x8
 .group         0x00000000        0x8 circuit_breaker.cpp.o

.group          0x00000000        0x8
 .group         0x00000000        0x8 circuit_breaker.cpp.o

.group          0x00000000        0x8
 .group         0x00000000        0x8 circuit_breaker.cpp.o

.group          0x00000000        0x8
 .group         0x00000000        0x8 circuit_breaker.cpp.o

.group          0x00000000        0x8
 .group         0x00000000        0x8 circuit_breaker.cpp.o

.group          0x00000000        0x8
 .group         0x00000000        0x8 circuit_breaker.cpp.o

.group          0x00000000        0x8
 .group         0x00000000        0x8 circuit_breaker.cpp.o

.group          0x00000000        0x8
 .group         0x00000000        0x8 circuit_breaker.cpp.o

.group          0x00000000        0x8
 .group         0x00000000        0x8 circuit_breaker.cpp.o

.group          0x00000000        0x8
 .group         0x00000000        0x8 circuit_breaker.cpp.o

.group          0x00000000        0x8
 .group         0x00000000        0x8 circuit_breaker.cpp.o

.group          0x00000000        0x8
 .group         0x00000000        0x8 circuit_breaker.cpp.o

.group          0x00000000        0x8
 .group         0x00000000        0x8 circuit_breaker.cpp.o

.group          0x00000000        0x8
 .group         0x00000000        0x8 circuit_breaker.cpp.o

.group          0x00000000        0x8
 .group         0x00000000        0x8 circuit_breaker.cpp.o

.group          0x00000000        0x8
 .group         0x00000000        0x8 circuit_breaker.cpp.o

.group          0x00000000        0x8
 .group         0x00000000        0x8 circuit_breaker.cpp.o

.group          0x00000000        0x8
 .group         0x00000000        0x8 circuit_breaker.cpp.o

.group          0x00000000        0x8
 .group         0x00000000        0x8 circuit_breaker.cpp.o

.group          0x00000000        0x8
 .group         0x00000000        0x8 circuit_breaker_params.c.o

.group          0x00000000        0x8
 .group         0x00000000        0x8 circuit_breaker_params.c.o

.debug
 *(.debug)

.line
 *(.line)

.debug_srcinfo
 *(.debug_srcinfo)

.debug_sfnames
 *(.debug_sfnames)

.debug_aranges  0x00000000      0x618
 *(.debug_aranges)
 .debug_aranges
                0x00000000       0x88 err.c.o
 .debug_aranges
                0x00000088       0x58 hx_stream.c.o
 .debug_aranges
                0x000000e0       0x90 perf_counter.c.o
 .debug_aranges
                0x00000170      0x108 param/param.c.o
 .debug_aranges
                0x00000278       0xb0 bson/tinybson.c.o
 .debug_aranges
                0x00000328       0x20 conversions.c.o
 .debug_aranges
                0x00000348       0x38 cpuload.c.o
 .debug_aranges
                0x00000380       0x40 getopt_long.c.o
 .debug_aranges
                0x000003c0       0x20 up_cxxinitialize.c.o
 .debug_aranges
                0x000003e0       0x38 pid/pid.c.o
 .debug_aranges
                0x00000418       0x38 systemlib.c.o
 .debug_aranges
                0x00000450       0x38 airspeed.c.o
 .debug_aranges
                0x00000488       0x18 system_params.c.o
 .debug_aranges
                0x000004a0       0x58 mavlink_log.c.o
 .debug_aranges
                0x000004f8       0x20 rc_check.c.o
 .debug_aranges
                0x00000518       0x58 otp.c.o
 .debug_aranges
                0x00000570       0x20 board_serial.c.o
 .debug_aranges
                0x00000590       0x28 pwm_limit/pwm_limit.c.o
 .debug_aranges
                0x000005b8       0x20 circuit_breaker.cpp.o
 .debug_aranges
                0x000005d8       0x18 circuit_breaker_params.c.o
 .debug_aranges
                0x000005f0       0x28 mcu_version.c.o

.debug_pubnames
 *(.debug_pubnames)

.debug_info     0x00000000     0xc712
 *(.debug_info)
 .debug_info    0x00000000     0x1423 err.c.o
 .debug_info    0x00001423      0x6de hx_stream.c.o
 .debug_info    0x00001b01      0xa8b perf_counter.c.o
 .debug_info    0x0000258c     0x19a2 param/param.c.o
 .debug_info    0x00003f2e     0x11d3 bson/tinybson.c.o
 .debug_info    0x00005101       0xf8 conversions.c.o
 .debug_info    0x000051f9      0xf73 cpuload.c.o
 .debug_info    0x0000616c     0x1420 getopt_long.c.o
 .debug_info    0x0000758c      0x12b up_cxxinitialize.c.o
 .debug_info    0x000076b7      0x522 pid/pid.c.o
 .debug_info    0x00007bd9     0x1039 systemlib.c.o
 .debug_info    0x00008c12      0x2f3 airspeed.c.o
 .debug_info    0x00008f05      0x184 system_params.c.o
 .debug_info    0x00009089      0x495 mavlink_log.c.o
 .debug_info    0x0000951e      0x5be rc_check.c.o
 .debug_info    0x00009adc      0x504 otp.c.o
 .debug_info    0x00009fe0      0x1a8 board_serial.c.o
 .debug_info    0x0000a188      0x328 pwm_limit/pwm_limit.c.o
 .debug_info    0x0000a4b0     0x1f2c circuit_breaker.cpp.o
 .debug_info    0x0000c3dc      0x1da circuit_breaker_params.c.o
 .debug_info    0x0000c5b6      0x15c mcu_version.c.o

.debug_abbrev   0x00000000     0x2ad5
 *(.debug_abbrev)
 .debug_abbrev  0x00000000      0x2f7 err.c.o
 .debug_abbrev  0x000002f7      0x325 hx_stream.c.o
 .debug_abbrev  0x0000061c      0x302 perf_counter.c.o
 .debug_abbrev  0x0000091e      0x4e3 param/param.c.o
 .debug_abbrev  0x00000e01      0x390 bson/tinybson.c.o
 .debug_abbrev  0x00001191       0xa7 conversions.c.o
 .debug_abbrev  0x00001238      0x214 cpuload.c.o
 .debug_abbrev  0x0000144c      0x2c1 getopt_long.c.o
 .debug_abbrev  0x0000170d       0x8d up_cxxinitialize.c.o
 .debug_abbrev  0x0000179a      0x182 pid/pid.c.o
 .debug_abbrev  0x0000191c      0x270 systemlib.c.o
 .debug_abbrev  0x00001b8c      0x124 airspeed.c.o
 .debug_abbrev  0x00001cb0       0xbb system_params.c.o
 .debug_abbrev  0x00001d6b      0x20a mavlink_log.c.o
 .debug_abbrev  0x00001f75      0x138 rc_check.c.o
 .debug_abbrev  0x000020ad      0x1f8 otp.c.o
 .debug_abbrev  0x000022a5      0x107 board_serial.c.o
 .debug_abbrev  0x000023ac      0x174 pwm_limit/pwm_limit.c.o
 .debug_abbrev  0x00002520      0x41e circuit_breaker.cpp.o
 .debug_abbrev  0x0000293e       0xbd circuit_breaker_params.c.o
 .debug_abbrev  0x000029fb       0xda mcu_version.c.o

.debug_line     0x00000000     0xab24
 *(.debug_line .debug_line.* .debug_line_end)
 .debug_line    0x00000000      0x6e1 err.c.o
 .debug_line    0x000006e1      0x835 hx_stream.c.o
 .debug_line    0x00000f16      0xa69 perf_counter.c.o
 .debug_line    0x0000197f      0x967 param/param.c.o
 .debug_line    0x000022e6      0x66b bson/tinybson.c.o
 .debug_line    0x00002951      0x264 conversions.c.o
 .debug_line    0x00002bb5      0xcdf cpuload.c.o
 .debug_line    0x00003894      0x756 getopt_long.c.o
 .debug_line    0x00003fea      0x5c2 up_cxxinitialize.c.o
 .debug_line    0x000045ac      0x3b3 pid/pid.c.o
 .debug_line    0x0000495f      0x76d systemlib.c.o
 .debug_line    0x000050cc      0x8fa airspeed.c.o
 .debug_line    0x000059c6      0x2ab system_params.c.o
 .debug_line    0x00005c71      0x734 mavlink_log.c.o
 .debug_line    0x000063a5      0x802 rc_check.c.o
 .debug_line    0x00006ba7      0xe45 otp.c.o
 .debug_line    0x000079ec      0xc19 board_serial.c.o
 .debug_line    0x00008605      0x75b pwm_limit/pwm_limit.c.o
 .debug_line    0x00008d60     0x1427 circuit_breaker.cpp.o
 .debug_line    0x0000a187      0x6f8 circuit_breaker_params.c.o
 .debug_line    0x0000a87f      0x2a5 mcu_version.c.o

.debug_frame    0x00000000     0x103c
 *(.debug_frame)
 .debug_frame   0x00000000      0x1c4 err.c.o
 .debug_frame   0x000001c4       0xf4 hx_stream.c.o
 .debug_frame   0x000002b8      0x204 perf_counter.c.o
 .debug_frame   0x000004bc      0x334 param/param.c.o
 .debug_frame   0x000007f0      0x238 bson/tinybson.c.o
 .debug_frame   0x00000a28       0x20 conversions.c.o
 .debug_frame   0x00000a48       0x90 cpuload.c.o
 .debug_frame   0x00000ad8       0xa4 getopt_long.c.o
 .debug_frame   0x00000b7c       0x28 up_cxxinitialize.c.o
 .debug_frame   0x00000ba4       0xac pid/pid.c.o
 .debug_frame   0x00000c50       0x6c systemlib.c.o
 .debug_frame   0x00000cbc       0xac airspeed.c.o
 .debug_frame   0x00000d68       0xf0 mavlink_log.c.o
 .debug_frame   0x00000e58       0x44 rc_check.c.o
 .debug_frame   0x00000e9c       0xc4 otp.c.o
 .debug_frame   0x00000f60       0x2c board_serial.c.o
 .debug_frame   0x00000f8c       0x48 pwm_limit/pwm_limit.c.o
 .debug_frame   0x00000fd4       0x2c circuit_breaker.cpp.o
 .debug_frame   0x00001000       0x3c mcu_version.c.o

.debug_str      0x00000000   0x18418e
 *(.debug_str)
 .debug_str     0x00000000     0xa903 err.c.o
 .debug_str     0x0000a903     0xb072 hx_stream.c.o
 .debug_str     0x00015975     0xe7ec perf_counter.c.o
 .debug_str     0x00024161     0x9f78 param/param.c.o
 .debug_str     0x0002e0d9     0x624d bson/tinybson.c.o
 .debug_str     0x00034326     0x5b4a conversions.c.o
 .debug_str     0x00039e70    0x43325 cpuload.c.o
 .debug_str     0x0007d195     0x91e8 getopt_long.c.o
 .debug_str     0x0008637d     0x8e55 up_cxxinitialize.c.o
 .debug_str     0x0008f1d2     0x69ad pid/pid.c.o
 .debug_str     0x00095b7f    0x1839d systemlib.c.o
 .debug_str     0x000adf1c     0xa81c airspeed.c.o
 .debug_str     0x000b8738     0x5b52 system_params.c.o
 .debug_str     0x000be28a     0x9f7f mavlink_log.c.o
 .debug_str     0x000c8209     0xa776 rc_check.c.o
 .debug_str     0x000d297f    0x45898 otp.c.o
 .debug_str     0x00118217    0x44077 board_serial.c.o
 .debug_str     0x0015c28e     0x9c8a pwm_limit/pwm_limit.c.o
 .debug_str     0x00165f18     0xf495 circuit_breaker.cpp.o
 .debug_str     0x001753ad     0x958b circuit_breaker_params.c.o
 .debug_str     0x0017e938     0x5856 mcu_version.c.o

.debug_loc      0x00000000     0x4105
 *(.debug_loc)
 .debug_loc     0x00000000      0x3ec err.c.o
 .debug_loc     0x000003ec      0x3d3 hx_stream.c.o
 .debug_loc     0x000007bf      0x6d6 perf_counter.c.o
 .debug_loc     0x00000e95      0xbaa param/param.c.o
 .debug_loc     0x00001a3f      0xd01 bson/tinybson.c.o
 .debug_loc     0x00002740       0x34 conversions.c.o
 .debug_loc     0x00002774      0x17a cpuload.c.o
 .debug_loc     0x000028ee      0x6d1 getopt_long.c.o
 .debug_loc     0x00002fbf       0x3e up_cxxinitialize.c.o
 .debug_loc     0x00002ffd      0x3bb pid/pid.c.o
 .debug_loc     0x000033b8      0x107 systemlib.c.o
 .debug_loc     0x000034bf      0x25f airspeed.c.o
 .debug_loc     0x0000371e      0x225 mavlink_log.c.o
 .debug_loc     0x00003943      0x14f rc_check.c.o
 .debug_loc     0x00003a92      0x290 otp.c.o
 .debug_loc     0x00003d22       0x2c board_serial.c.o
 .debug_loc     0x00003d4e      0x2e2 pwm_limit/pwm_limit.c.o
 .debug_loc     0x00004030       0x3f circuit_breaker.cpp.o
 .debug_loc     0x0000406f       0x96 mcu_version.c.o

.debug_macinfo
 *(.debug_macinfo)

.debug_weaknames
 *(.debug_weaknames)

.debug_funcnames
 *(.debug_funcnames)

.debug_typenames
 *(.debug_typenames)

.debug_varnames
 *(.debug_varnames)

.debug_pubtypes
 *(.debug_pubtypes)

.debug_ranges   0x00000000      0x680
 *(.debug_ranges)
 .debug_ranges  0x00000000       0x78 err.c.o
 .debug_ranges  0x00000078       0xa0 hx_stream.c.o
 .debug_ranges  0x00000118       0x80 perf_counter.c.o
 .debug_ranges  0x00000198      0x140 param/param.c.o
 .debug_ranges  0x000002d8      0x100 bson/tinybson.c.o
 .debug_ranges  0x000003d8       0x10 conversions.c.o
 .debug_ranges  0x000003e8       0x28 cpuload.c.o
 .debug_ranges  0x00000410       0x30 getopt_long.c.o
 .debug_ranges  0x00000440       0x10 up_cxxinitialize.c.o
 .debug_ranges  0x00000450       0x88 pid/pid.c.o
 .debug_ranges  0x000004d8       0x28 systemlib.c.o
 .debug_ranges  0x00000500       0x60 airspeed.c.o
 .debug_ranges  0x00000560       0x48 mavlink_log.c.o
 .debug_ranges  0x000005a8       0x40 rc_check.c.o
 .debug_ranges  0x000005e8       0x48 otp.c.o
 .debug_ranges  0x00000630       0x10 board_serial.c.o
 .debug_ranges  0x00000640       0x18 pwm_limit/pwm_limit.c.o
 .debug_ranges  0x00000658       0x10 circuit_breaker.cpp.o
 .debug_ranges  0x00000668       0x18 mcu_version.c.o

.debug_macro    0x00000000     0x2ed3
 *(.debug_macro)
 .debug_macro   0x00000000      0x1d3 err.c.o
 .debug_macro   0x000001d3      0x236 hx_stream.c.o
 .debug_macro   0x00000409      0x2a6 perf_counter.c.o
 .debug_macro   0x000006af      0x155 param/param.c.o
 .debug_macro   0x00000804       0xdd bson/tinybson.c.o
 .debug_macro   0x000008e1       0x6f conversions.c.o
 .debug_macro   0x00000950      0x46e cpuload.c.o
 .debug_macro   0x00000dbe      0x1b9 getopt_long.c.o
 .debug_macro   0x00000f77      0x1c8 up_cxxinitialize.c.o
 .debug_macro   0x0000113f       0xc3 pid/pid.c.o
 .debug_macro   0x00001202      0x241 systemlib.c.o
 .debug_macro   0x00001443      0x25b airspeed.c.o
 .debug_macro   0x0000169e       0x7d system_params.c.o
 .debug_macro   0x0000171b      0x1e5 mavlink_log.c.o
 .debug_macro   0x00001900      0x218 rc_check.c.o
 .debug_macro   0x00001b18      0x4d1 otp.c.o
 .debug_macro   0x00001fe9      0x45b board_serial.c.o
 .debug_macro   0x00002444      0x205 pwm_limit/pwm_limit.c.o
 .debug_macro   0x00002649      0x621 circuit_breaker.cpp.o
 .debug_macro   0x00002c6a      0x1dc circuit_breaker_params.c.o
 .debug_macro   0x00002e46       0x8d mcu_version.c.o

.stack
 *(.stack)

.ARM.attributes
                0x00000000       0x35
 *(.ARM.attributes)
 .ARM.attributes
                0x00000000       0x35 err.c.o
 .ARM.attributes
                0x00000035       0x35 hx_stream.c.o
 .ARM.attributes
                0x0000006a       0x35 perf_counter.c.o
 .ARM.attributes
                0x0000009f       0x35 param/param.c.o
 .ARM.attributes
                0x000000d4       0x35 bson/tinybson.c.o
 .ARM.attributes
                0x00000109       0x35 conversions.c.o
 .ARM.attributes
                0x0000013e       0x35 cpuload.c.o
 .ARM.attributes
                0x00000173       0x35 getopt_long.c.o
 .ARM.attributes
                0x000001a8       0x35 up_cxxinitialize.c.o
 .ARM.attributes
                0x000001dd       0x35 pid/pid.c.o
 .ARM.attributes
                0x00000212       0x35 systemlib.c.o
 .ARM.attributes
                0x00000247       0x35 airspeed.c.o
 .ARM.attributes
                0x0000027c       0x35 system_params.c.o
 .ARM.attributes
                0x000002b1       0x35 mavlink_log.c.o
 .ARM.attributes
                0x000002e6       0x35 rc_check.c.o
 .ARM.attributes
                0x0000031b       0x35 otp.c.o
 .ARM.attributes
                0x00000350       0x35 board_serial.c.o
 .ARM.attributes
                0x00000385       0x35 pwm_limit/pwm_limit.c.o
 .ARM.attributes
                0x000003ba       0x35 circuit_breaker.cpp.o
 .ARM.attributes
                0x000003ef       0x35 circuit_breaker_params.c.o
 .ARM.attributes
                0x00000424       0x35 mcu_version.c.o
 *(.gnu.attributes)

.note.gnu.arm.ident
 *(.note.gnu.arm.ident)
OUTPUT(/home/ground/Documents/PX4Firmware/Build/px4fmu-v2_APM.build//home/ground/Documents/PX4Firmware/src/modules/systemlib/module.pre.o elf32-littlearm)

.debug_macro    0x00000000      0x8c2
 .debug_macro   0x00000000      0x8c2 err.c.o

.debug_macro    0x00000000       0x22
 .debug_macro   0x00000000       0x22 err.c.o

.debug_macro    0x00000000      0x89f
 .debug_macro   0x00000000      0x89f err.c.o

.debug_macro    0x00000000       0xc9
 .debug_macro   0x00000000       0xc9 err.c.o

.debug_macro    0x00000000       0x10
 .debug_macro   0x00000000       0x10 err.c.o

.debug_macro    0x00000000       0x88
 .debug_macro   0x00000000       0x88 err.c.o

.debug_macro    0x00000000      0x14e
 .debug_macro   0x00000000      0x14e err.c.o

.debug_macro    0x00000000      0x125
 .debug_macro   0x00000000      0x125 err.c.o

.debug_macro    0x00000000       0x69
 .debug_macro   0x00000000       0x69 err.c.o

.debug_macro    0x00000000       0x58
 .debug_macro   0x00000000       0x58 err.c.o

.debug_macro    0x00000000      0x6c1
 .debug_macro   0x00000000      0x6c1 err.c.o

.debug_macro    0x00000000       0x22
 .debug_macro   0x00000000       0x22 err.c.o

.debug_macro    0x00000000       0x58
 .debug_macro   0x00000000       0x58 err.c.o

.debug_macro    0x00000000       0x4c
 .debug_macro   0x00000000       0x4c err.c.o

.debug_macro    0x00000000       0x49
 .debug_macro   0x00000000       0x49 err.c.o

.debug_macro    0x00000000      0x106
 .debug_macro   0x00000000      0x106 err.c.o

.debug_macro    0x00000000       0x23
 .debug_macro   0x00000000       0x23 err.c.o

.debug_macro    0x00000000       0x28
 .debug_macro   0x00000000       0x28 err.c.o

.debug_macro    0x00000000       0x22
 .debug_macro   0x00000000       0x22 err.c.o

.debug_macro    0x00000000       0xd1
 .debug_macro   0x00000000       0xd1 err.c.o

.debug_macro    0x00000000       0x98
 .debug_macro   0x00000000       0x98 err.c.o

.debug_macro    0x00000000       0x16
 .debug_macro   0x00000000       0x16 err.c.o

.debug_macro    0x00000000       0x59
 .debug_macro   0x00000000       0x59 err.c.o

.debug_macro    0x00000000      0x11b
 .debug_macro   0x00000000      0x11b err.c.o

.debug_macro    0x00000000       0x46
 .debug_macro   0x00000000       0x46 err.c.o

.debug_macro    0x00000000      0x27f
 .debug_macro   0x00000000      0x27f err.c.o

.debug_macro    0x00000000       0x10
 .debug_macro   0x00000000       0x10 err.c.o

.debug_macro    0x00000000      0x195
 .debug_macro   0x00000000      0x195 err.c.o

.debug_macro    0x00000000       0x8a
 .debug_macro   0x00000000       0x8a err.c.o

.debug_macro    0x00000000       0x10
 .debug_macro   0x00000000       0x10 err.c.o

.debug_macro    0x00000000       0x10
 .debug_macro   0x00000000       0x10 err.c.o

.debug_macro    0x00000000       0x39
 .debug_macro   0x00000000       0x39 err.c.o

.debug_macro    0x00000000       0xb4
 .debug_macro   0x00000000       0xb4 err.c.o

.debug_macro    0x00000000       0x41
 .debug_macro   0x00000000       0x41 err.c.o

.debug_macro    0x00000000       0x4d
 .debug_macro   0x00000000       0x4d err.c.o

.debug_macro    0x00000000       0x6f
 .debug_macro   0x00000000       0x6f hx_stream.c.o

.debug_macro    0x00000000       0x16
 .debug_macro   0x00000000       0x16 hx_stream.c.o

.debug_macro    0x00000000       0x16
 .debug_macro   0x00000000       0x16 hx_stream.c.o

.debug_macro    0x00000000       0x29
 .debug_macro   0x00000000       0x29 hx_stream.c.o

.debug_macro    0x00000000       0x2b
 .debug_macro   0x00000000       0x2b hx_stream.c.o

.debug_macro    0x00000000      0x183
 .debug_macro   0x00000000      0x183 hx_stream.c.o

.debug_macro    0x00000000       0x30
 .debug_macro   0x00000000       0x30 hx_stream.c.o

.debug_macro    0x00000000       0x10
 .debug_macro   0x00000000       0x10 hx_stream.c.o

.debug_macro    0x00000000       0x22
 .debug_macro   0x00000000       0x22 perf_counter.c.o

.debug_macro    0x00000000       0x44
 .debug_macro   0x00000000       0x44 perf_counter.c.o

.debug_macro    0x00000000      0x29d
 .debug_macro   0x00000000      0x29d perf_counter.c.o

.debug_macro    0x00000000      0x249
 .debug_macro   0x00000000      0x249 perf_counter.c.o

.debug_macro    0x00000000       0x18
 .debug_macro   0x00000000       0x18 perf_counter.c.o

.debug_macro    0x00000000       0x58
 .debug_macro   0x00000000       0x58 perf_counter.c.o

.debug_macro    0x00000000       0x2e
 .debug_macro   0x00000000       0x2e perf_counter.c.o

.debug_macro    0x00000000       0x9c
 .debug_macro   0x00000000       0x9c perf_counter.c.o

.debug_macro    0x00000000      0x28f
 .debug_macro   0x00000000      0x28f perf_counter.c.o

.debug_macro    0x00000000      0x24e
 .debug_macro   0x00000000      0x24e param/param.c.o

.debug_macro    0x00000000      0x14d
 .debug_macro   0x00000000      0x14d param/param.c.o

.debug_macro    0x00000000       0xcb
 .debug_macro   0x00000000       0xcb param/param.c.o

.debug_macro    0x00000000       0x16
 .debug_macro   0x00000000       0x16 param/param.c.o

.debug_macro    0x00000000       0x5e
 .debug_macro   0x00000000       0x5e param/param.c.o

.debug_macro    0x00000000       0xad
 .debug_macro   0x00000000       0xad param/param.c.o

.debug_macro    0x00000000       0x16
 .debug_macro   0x00000000       0x16 param/param.c.o

.debug_macro    0x00000000       0xcb
 .debug_macro   0x00000000       0xcb bson/tinybson.c.o

.debug_macro    0x00000000       0x10
 .debug_macro   0x00000000       0x10 bson/tinybson.c.o

.debug_macro    0x00000000       0x16
 .debug_macro   0x00000000       0x16 cpuload.c.o

.debug_macro    0x00000000       0x1c
 .debug_macro   0x00000000       0x1c cpuload.c.o

.debug_macro    0x00000000       0x78
 .debug_macro   0x00000000       0x78 cpuload.c.o

.debug_macro    0x00000000       0x28
 .debug_macro   0x00000000       0x28 cpuload.c.o

.debug_macro    0x00000000      0x6cb
 .debug_macro   0x00000000      0x6cb cpuload.c.o

.debug_macro    0x00000000      0x20a
 .debug_macro   0x00000000      0x20a cpuload.c.o

.debug_macro    0x00000000      0xf6f
 .debug_macro   0x00000000      0xf6f cpuload.c.o

.debug_macro    0x00000000      0x2ab
 .debug_macro   0x00000000      0x2ab cpuload.c.o

.debug_macro    0x00000000      0x8b5
 .debug_macro   0x00000000      0x8b5 cpuload.c.o

.debug_macro    0x00000000       0x78
 .debug_macro   0x00000000       0x78 cpuload.c.o

.debug_macro    0x00000000      0x14e
 .debug_macro   0x00000000      0x14e cpuload.c.o

.debug_macro    0x00000000      0x7ca
 .debug_macro   0x00000000      0x7ca cpuload.c.o

.debug_macro    0x00000000       0xff
 .debug_macro   0x00000000       0xff cpuload.c.o

.debug_macro    0x00000000      0xae7
 .debug_macro   0x00000000      0xae7 cpuload.c.o

.debug_macro    0x00000000       0x51
 .debug_macro   0x00000000       0x51 cpuload.c.o

.debug_macro    0x00000000      0x11a
 .debug_macro   0x00000000      0x11a cpuload.c.o

.debug_macro    0x00000000       0x16
 .debug_macro   0x00000000       0x16 cpuload.c.o

.debug_macro    0x00000000       0x1d
 .debug_macro   0x00000000       0x1d cpuload.c.o

.debug_macro    0x00000000      0x206
 .debug_macro   0x00000000      0x206 cpuload.c.o

.debug_macro    0x00000000      0x56a
 .debug_macro   0x00000000      0x56a cpuload.c.o

.debug_macro    0x00000000       0x9c
 .debug_macro   0x00000000       0x9c cpuload.c.o

.debug_macro    0x00000000      0x2bf
 .debug_macro   0x00000000      0x2bf cpuload.c.o

.debug_macro    0x00000000       0xd3
 .debug_macro   0x00000000       0xd3 cpuload.c.o

.debug_macro    0x00000000       0x16
 .debug_macro   0x00000000       0x16 cpuload.c.o

.debug_macro    0x00000000       0x34
 .debug_macro   0x00000000       0x34 cpuload.c.o

.debug_macro    0x00000000      0xab0
 .debug_macro   0x00000000      0xab0 cpuload.c.o

.debug_macro    0x00000000       0x17
 .debug_macro   0x00000000       0x17 cpuload.c.o

.debug_macro    0x00000000      0x6fa
 .debug_macro   0x00000000      0x6fa cpuload.c.o

.debug_macro    0x00000000       0x22
 .debug_macro   0x00000000       0x22 cpuload.c.o

.debug_macro    0x00000000      0x596
 .debug_macro   0x00000000      0x596 cpuload.c.o

.debug_macro    0x00000000       0x16
 .debug_macro   0x00000000       0x16 cpuload.c.o

.debug_macro    0x00000000      0x29b
 .debug_macro   0x00000000      0x29b cpuload.c.o

.debug_macro    0x00000000       0x16
 .debug_macro   0x00000000       0x16 cpuload.c.o

.debug_macro    0x00000000     0x15a4
 .debug_macro   0x00000000     0x15a4 cpuload.c.o

.debug_macro    0x00000000       0x53
 .debug_macro   0x00000000       0x53 cpuload.c.o

.debug_macro    0x00000000      0x347
 .debug_macro   0x00000000      0x347 cpuload.c.o

.debug_macro    0x00000000       0x96
 .debug_macro   0x00000000       0x96 cpuload.c.o

.debug_macro    0x00000000       0x1c
 .debug_macro   0x00000000       0x1c cpuload.c.o

.debug_macro    0x00000000       0x9a
 .debug_macro   0x00000000       0x9a cpuload.c.o

.debug_macro    0x00000000      0x1cf
 .debug_macro   0x00000000      0x1cf cpuload.c.o

.debug_macro    0x00000000      0x16c
 .debug_macro   0x00000000      0x16c cpuload.c.o

.debug_macro    0x00000000      0x413
 .debug_macro   0x00000000      0x413 cpuload.c.o

.debug_macro    0x00000000       0x5f
 .debug_macro   0x00000000       0x5f cpuload.c.o

.debug_macro    0x00000000       0x1d
 .debug_macro   0x00000000       0x1d cpuload.c.o

.debug_macro    0x00000000       0xdf
 .debug_macro   0x00000000       0xdf cpuload.c.o

.debug_macro    0x00000000       0x16
 .debug_macro   0x00000000       0x16 cpuload.c.o

.debug_macro    0x00000000      0x13f
 .debug_macro   0x00000000      0x13f cpuload.c.o

.debug_macro    0x00000000       0x16
 .debug_macro   0x00000000       0x16 cpuload.c.o

.debug_macro    0x00000000       0x1c
 .debug_macro   0x00000000       0x1c cpuload.c.o

.debug_macro    0x00000000      0xdb4
 .debug_macro   0x00000000      0xdb4 cpuload.c.o

.debug_macro    0x00000000       0x16
 .debug_macro   0x00000000       0x16 cpuload.c.o

.debug_macro    0x00000000      0x215
 .debug_macro   0x00000000      0x215 cpuload.c.o

.debug_macro    0x00000000       0x12
 .debug_macro   0x00000000       0x12 cpuload.c.o

.debug_macro    0x00000000       0x1c
 .debug_macro   0x00000000       0x1c getopt_long.c.o

.debug_macro    0x00000000       0x19
 .debug_macro   0x00000000       0x19 up_cxxinitialize.c.o

.debug_macro    0x00000000       0xd1
 .debug_macro   0x00000000       0xd1 systemlib.c.o

.debug_macro    0x00000000       0x10
 .debug_macro   0x00000000       0x10 systemlib.c.o

.debug_macro    0x00000000       0x22
 .debug_macro   0x00000000       0x22 airspeed.c.o

.debug_macro    0x00000000       0x25
 .debug_macro   0x00000000       0x25 system_params.c.o

.debug_macro    0x00000000       0x16
 .debug_macro   0x00000000       0x16 mavlink_log.c.o

.debug_macro    0x00000000       0x47
 .debug_macro   0x00000000       0x47 mavlink_log.c.o

.debug_macro    0x00000000       0x46
 .debug_macro   0x00000000       0x46 rc_check.c.o

.debug_macro    0x00000000       0x32
 .debug_macro   0x00000000       0x32 rc_check.c.o

.debug_macro    0x00000000       0x4c
 .debug_macro   0x00000000       0x4c otp.c.o

.debug_macro    0x00000000      0x21b
 .debug_macro   0x00000000      0x21b otp.c.o

.debug_macro    0x00000000      0x24d
 .debug_macro   0x00000000      0x24d otp.c.o

.debug_macro    0x00000000       0xb8
 .debug_macro   0x00000000       0xb8 otp.c.o

.debug_macro    0x00000000       0x2e
 .debug_macro   0x00000000       0x2e board_serial.c.o

.debug_macro    0x00000000       0x8e
 .debug_macro   0x00000000       0x8e board_serial.c.o

.debug_macro    0x00000000       0x10
 .debug_macro   0x00000000       0x10 pwm_limit/pwm_limit.c.o

.debug_macro    0x00000000      0x10c
 .debug_macro   0x00000000      0x10c pwm_limit/pwm_limit.c.o

.debug_macro    0x00000000      0x92e
 .debug_macro   0x00000000      0x92e circuit_breaker.cpp.o

.debug_macro    0x00000000       0x22
 .debug_macro   0x00000000       0x22 circuit_breaker.cpp.o

.debug_macro    0x00000000       0xc9
 .debug_macro   0x00000000       0xc9 circuit_breaker.cpp.o

.debug_macro    0x00000000       0x5d
 .debug_macro   0x00000000       0x5d circuit_breaker.cpp.o

.debug_macro    0x00000000       0x29
 .debug_macro   0x00000000       0x29 circuit_breaker.cpp.o

.debug_macro    0x00000000      0x167
 .debug_macro   0x00000000      0x167 circuit_breaker.cpp.o

.debug_macro    0x00000000       0x4c
 .debug_macro   0x00000000       0x4c circuit_breaker.cpp.o

.debug_macro    0x00000000       0x49
 .debug_macro   0x00000000       0x49 circuit_breaker.cpp.o

.debug_macro    0x00000000      0x106
 .debug_macro   0x00000000      0x106 circuit_breaker.cpp.o

.debug_macro    0x00000000       0x23
 .debug_macro   0x00000000       0x23 circuit_breaker.cpp.o

.debug_macro    0x00000000       0x28
 .debug_macro   0x00000000       0x28 circuit_breaker.cpp.o

.debug_macro    0x00000000       0xd1
 .debug_macro   0x00000000       0xd1 circuit_breaker.cpp.o

.debug_macro    0x00000000       0x16
 .debug_macro   0x00000000       0x16 circuit_breaker.cpp.o

.debug_macro    0x00000000       0x59
 .debug_macro   0x00000000       0x59 circuit_breaker.cpp.o

.debug_macro    0x00000000      0x27f
 .debug_macro   0x00000000      0x27f circuit_breaker.cpp.o

.debug_macro    0x00000000       0x10
 .debug_macro   0x00000000       0x10 circuit_breaker.cpp.o

.debug_macro    0x00000000       0x8a
 .debug_macro   0x00000000       0x8a circuit_breaker.cpp.o

.debug_macro    0x00000000       0x10
 .debug_macro   0x00000000       0x10 circuit_breaker.cpp.o

.debug_macro    0x00000000       0x10
 .debug_macro   0x00000000       0x10 circuit_breaker.cpp.o

.debug_macro    0x00000000       0x39
 .debug_macro   0x00000000       0x39 circuit_breaker.cpp.o

.debug_macro    0x00000000       0xb4
 .debug_macro   0x00000000       0xb4 circuit_breaker.cpp.o

.debug_macro    0x00000000       0x41
 .debug_macro   0x00000000       0x41 circuit_breaker.cpp.o

.debug_macro    0x00000000       0x42
 .debug_macro   0x00000000       0x42 circuit_breaker.cpp.o

.debug_macro    0x00000000       0xef
 .debug_macro   0x00000000       0xef circuit_breaker.cpp.o

.debug_macro    0x00000000      0x337
 .debug_macro   0x00000000      0x337 circuit_breaker.cpp.o

.debug_macro    0x00000000       0x46
 .debug_macro   0x00000000       0x46 circuit_breaker.cpp.o

.debug_macro    0x00000000       0x1c
 .debug_macro   0x00000000       0x1c circuit_breaker.cpp.o

.debug_macro    0x00000000       0x28
 .debug_macro   0x00000000       0x28 circuit_breaker.cpp.o

.debug_macro    0x00000000       0x1f
 .debug_macro   0x00000000       0x1f circuit_breaker.cpp.o

.debug_macro    0x00000000       0x12
 .debug_macro   0x00000000       0x12 circuit_breaker.cpp.o

.debug_macro    0x00000000       0x6e
 .debug_macro   0x00000000       0x6e circuit_breaker.cpp.o

.debug_macro    0x00000000       0x82
 .debug_macro   0x00000000       0x82 circuit_breaker.cpp.o

.debug_macro    0x00000000       0x12
 .debug_macro   0x00000000       0x12 circuit_breaker.cpp.o

.debug_macro    0x00000000       0x12
 .debug_macro   0x00000000       0x12 circuit_breaker.cpp.o

.debug_macro    0x00000000       0x9c
 .debug_macro   0x00000000       0x9c circuit_breaker.cpp.o

.debug_macro    0x00000000       0x4a
 .debug_macro   0x00000000       0x4a circuit_breaker.cpp.o

.debug_macro    0x00000000       0x52
 .debug_macro   0x00000000       0x52 circuit_breaker.cpp.o

.debug_macro    0x00000000       0x16
 .debug_macro   0x00000000       0x16 circuit_breaker.cpp.o

.debug_macro    0x00000000       0x29
 .debug_macro   0x00000000       0x29 circuit_breaker.cpp.o

.debug_macro    0x00000000      0x15b
 .debug_macro   0x00000000      0x15b circuit_breaker.cpp.o

.debug_macro    0x00000000       0x22
 .debug_macro   0x00000000       0x22 circuit_breaker.cpp.o

.debug_macro    0x00000000      0x2aa
 .debug_macro   0x00000000      0x2aa circuit_breaker.cpp.o

.debug_macro    0x00000000       0x45
 .debug_macro   0x00000000       0x45 circuit_breaker.cpp.o

.debug_macro    0x00000000      0x15e
 .debug_macro   0x00000000      0x15e circuit_breaker.cpp.o

.debug_macro    0x00000000       0x34
 .debug_macro   0x00000000       0x34 circuit_breaker.cpp.o

.debug_macro    0x00000000       0x16
 .debug_macro   0x00000000       0x16 circuit_breaker.cpp.o

.debug_macro    0x00000000       0xa4
 .debug_macro   0x00000000       0xa4 circuit_breaker.cpp.o

.debug_macro    0x00000000       0x52
 .debug_macro   0x00000000       0x52 circuit_breaker.cpp.o

.debug_macro    0x00000000       0x11
 .debug_macro   0x00000000       0x11 circuit_breaker.cpp.o

.debug_macro    0x00000000       0x2f
 .debug_macro   0x00000000       0x2f circuit_breaker.cpp.o

.debug_macro    0x00000000       0x10
 .debug_macro   0x00000000       0x10 circuit_breaker.cpp.o

.debug_macro    0x00000000       0x16
 .debug_macro   0x00000000       0x16 circuit_breaker.cpp.o

.debug_macro    0x00000000       0x59
 .debug_macro   0x00000000       0x59 circuit_breaker.cpp.o

.debug_macro    0x00000000       0x34
 .debug_macro   0x00000000       0x34 circuit_breaker.cpp.o

.debug_macro    0x00000000       0x1c
 .debug_macro   0x00000000       0x1c circuit_breaker_params.c.o

.debug_macro    0x00000000       0x2e
 .debug_macro   0x00000000       0x2e circuit_breaker_params.c.o
