
Discarded input sections

 .group         0x00000000        0x8 device.cpp.o
 .group         0x00000000        0x8 device.cpp.o
 .group         0x00000000        0x8 device.cpp.o
 .group         0x00000000        0x8 device.cpp.o
 .group         0x00000000        0x8 device.cpp.o
 .group         0x00000000        0x8 device.cpp.o
 .group         0x00000000        0x8 device.cpp.o
 .group         0x00000000        0x8 device.cpp.o
 .group         0x00000000        0x8 device.cpp.o
 .group         0x00000000        0x8 device.cpp.o
 .group         0x00000000        0x8 device.cpp.o
 .group         0x00000000        0x8 device.cpp.o
 .group         0x00000000        0x8 device.cpp.o
 .group         0x00000000        0x8 device.cpp.o
 .group         0x00000000        0x8 device.cpp.o
 .group         0x00000000        0x8 device.cpp.o
 .group         0x00000000        0x8 device.cpp.o
 .group         0x00000000        0x8 device.cpp.o
 .group         0x00000000        0x8 device.cpp.o
 .group         0x00000000        0x8 device.cpp.o
 .group         0x00000000        0x8 device.cpp.o
 .group         0x00000000        0x8 device.cpp.o
 .group         0x00000000        0x8 device.cpp.o
 .group         0x00000000        0x8 device.cpp.o
 .group         0x00000000        0x8 device.cpp.o
 .group         0x00000000        0x8 device.cpp.o
 .group         0x00000000        0x8 device.cpp.o
 .group         0x00000000        0x8 device.cpp.o
 .group         0x00000000        0x8 device.cpp.o
 .group         0x00000000        0x8 device.cpp.o
 .group         0x00000000        0x8 device.cpp.o
 .group         0x00000000        0x8 device.cpp.o
 .group         0x00000000        0x8 device.cpp.o
 .group         0x00000000        0x8 device.cpp.o
 .group         0x00000000        0x8 device.cpp.o
 .group         0x00000000        0x8 device.cpp.o
 .group         0x00000000        0x8 device.cpp.o
 .group         0x00000000        0x8 device.cpp.o
 .group         0x00000000        0x8 device.cpp.o
 .group         0x00000000        0x8 device.cpp.o
 .group         0x00000000        0x8 device.cpp.o
 .debug_macro   0x00000000      0x92e device.cpp.o
 .debug_macro   0x00000000       0x22 device.cpp.o
 .debug_macro   0x00000000      0x89f device.cpp.o
 .debug_macro   0x00000000       0xc9 device.cpp.o
 .debug_macro   0x00000000      0x6bb device.cpp.o
 .debug_macro   0x00000000       0x10 device.cpp.o
 .debug_macro   0x00000000       0x88 device.cpp.o
 .debug_macro   0x00000000      0x14e device.cpp.o
 .debug_macro   0x00000000      0x125 device.cpp.o
 .debug_macro   0x00000000       0x5d device.cpp.o
 .debug_macro   0x00000000       0x23 device.cpp.o
 .debug_macro   0x00000000       0x53 device.cpp.o
 .debug_macro   0x00000000       0x39 device.cpp.o
 .debug_macro   0x00000000       0x4c device.cpp.o
 .debug_macro   0x00000000       0x49 device.cpp.o
 .debug_macro   0x00000000      0x106 device.cpp.o
 .debug_macro   0x00000000       0x28 device.cpp.o
 .debug_macro   0x00000000       0xd1 device.cpp.o
 .debug_macro   0x00000000       0x98 device.cpp.o
 .debug_macro   0x00000000       0x16 device.cpp.o
 .debug_macro   0x00000000       0x59 device.cpp.o
 .debug_macro   0x00000000      0x11b device.cpp.o
 .debug_macro   0x00000000       0x46 device.cpp.o
 .debug_macro   0x00000000      0x27f device.cpp.o
 .debug_macro   0x00000000       0x10 device.cpp.o
 .debug_macro   0x00000000      0x195 device.cpp.o
 .debug_macro   0x00000000       0x8a device.cpp.o
 .debug_macro   0x00000000       0x10 device.cpp.o
 .debug_macro   0x00000000       0x10 device.cpp.o
 .debug_macro   0x00000000       0xb4 device.cpp.o
 .debug_macro   0x00000000       0x41 device.cpp.o
 .debug_macro   0x00000000       0x58 device.cpp.o
 .debug_macro   0x00000000       0x4d device.cpp.o
 .debug_macro   0x00000000       0x9a device.cpp.o
 .debug_macro   0x00000000      0x1cf device.cpp.o
 .debug_macro   0x00000000      0x16c device.cpp.o
 .debug_macro   0x00000000       0x16 device.cpp.o
 .debug_macro   0x00000000       0xac device.cpp.o
 .debug_macro   0x00000000       0x29 device.cpp.o
 .debug_macro   0x00000000       0x46 device.cpp.o
 .debug_macro   0x00000000       0x22 device.cpp.o
 .group         0x00000000        0x8 i2c.cpp.o
 .group         0x00000000        0x8 i2c.cpp.o
 .group         0x00000000        0x8 i2c.cpp.o
 .group         0x00000000        0x8 i2c.cpp.o
 .group         0x00000000        0x8 i2c.cpp.o
 .group         0x00000000        0x8 i2c.cpp.o
 .group         0x00000000        0x8 i2c.cpp.o
 .group         0x00000000        0x8 i2c.cpp.o
 .group         0x00000000        0x8 i2c.cpp.o
 .group         0x00000000        0x8 i2c.cpp.o
 .group         0x00000000        0x8 i2c.cpp.o
 .group         0x00000000        0x8 i2c.cpp.o
 .group         0x00000000        0x8 i2c.cpp.o
 .debug_macro   0x00000000      0x92e i2c.cpp.o
 .debug_macro   0x00000000       0x22 i2c.cpp.o
 .debug_macro   0x00000000      0x89f i2c.cpp.o
 .debug_macro   0x00000000       0xc9 i2c.cpp.o
 .debug_macro   0x00000000      0x6bb i2c.cpp.o
 .debug_macro   0x00000000       0x10 i2c.cpp.o
 .debug_macro   0x00000000       0x88 i2c.cpp.o
 .debug_macro   0x00000000      0x14e i2c.cpp.o
 .debug_macro   0x00000000      0x125 i2c.cpp.o
 .debug_macro   0x00000000       0x5d i2c.cpp.o
 .debug_macro   0x00000000       0x23 i2c.cpp.o
 .debug_macro   0x00000000       0x53 i2c.cpp.o
 .debug_macro   0x00000000       0x39 i2c.cpp.o
 .group         0x00000000        0x8 pio.cpp.o
 .group         0x00000000        0x8 pio.cpp.o
 .group         0x00000000        0x8 pio.cpp.o
 .group         0x00000000        0x8 pio.cpp.o
 .group         0x00000000        0x8 pio.cpp.o
 .group         0x00000000        0x8 pio.cpp.o
 .group         0x00000000        0x8 pio.cpp.o
 .group         0x00000000        0x8 pio.cpp.o
 .group         0x00000000        0x8 pio.cpp.o
 .group         0x00000000        0x8 pio.cpp.o
 .group         0x00000000        0x8 pio.cpp.o
 .group         0x00000000        0x8 pio.cpp.o
 .group         0x00000000        0x8 pio.cpp.o
 .debug_macro   0x00000000      0x92e pio.cpp.o
 .debug_macro   0x00000000       0x22 pio.cpp.o
 .debug_macro   0x00000000      0x89f pio.cpp.o
 .debug_macro   0x00000000       0xc9 pio.cpp.o
 .debug_macro   0x00000000      0x6bb pio.cpp.o
 .debug_macro   0x00000000       0x10 pio.cpp.o
 .debug_macro   0x00000000       0x88 pio.cpp.o
 .debug_macro   0x00000000      0x14e pio.cpp.o
 .debug_macro   0x00000000      0x125 pio.cpp.o
 .debug_macro   0x00000000       0x5d pio.cpp.o
 .debug_macro   0x00000000       0x23 pio.cpp.o
 .debug_macro   0x00000000       0x53 pio.cpp.o
 .debug_macro   0x00000000       0x39 pio.cpp.o
 .group         0x00000000        0x8 spi.cpp.o
 .group         0x00000000        0x8 spi.cpp.o
 .group         0x00000000        0x8 spi.cpp.o
 .group         0x00000000        0x8 spi.cpp.o
 .group         0x00000000        0x8 spi.cpp.o
 .group         0x00000000        0x8 spi.cpp.o
 .group         0x00000000        0x8 spi.cpp.o
 .group         0x00000000        0x8 spi.cpp.o
 .group         0x00000000        0x8 spi.cpp.o
 .group         0x00000000        0x8 spi.cpp.o
 .group         0x00000000        0x8 spi.cpp.o
 .group         0x00000000        0x8 spi.cpp.o
 .group         0x00000000        0x8 spi.cpp.o
 .group         0x00000000        0x8 spi.cpp.o
 .group         0x00000000        0x8 spi.cpp.o
 .group         0x00000000        0x8 spi.cpp.o
 .group         0x00000000        0x8 spi.cpp.o
 .group         0x00000000        0x8 spi.cpp.o
 .group         0x00000000        0x8 spi.cpp.o
 .group         0x00000000        0x8 spi.cpp.o
 .group         0x00000000        0x8 spi.cpp.o
 .group         0x00000000        0x8 spi.cpp.o
 .group         0x00000000        0x8 spi.cpp.o
 .group         0x00000000        0x8 spi.cpp.o
 .group         0x00000000        0x8 spi.cpp.o
 .group         0x00000000        0x8 spi.cpp.o
 .group         0x00000000        0x8 spi.cpp.o
 .group         0x00000000        0x8 spi.cpp.o
 .group         0x00000000        0x8 spi.cpp.o
 .group         0x00000000        0x8 spi.cpp.o
 .group         0x00000000        0x8 spi.cpp.o
 .debug_macro   0x00000000      0x92e spi.cpp.o
 .debug_macro   0x00000000       0x22 spi.cpp.o
 .debug_macro   0x00000000      0x89f spi.cpp.o
 .debug_macro   0x00000000       0xc9 spi.cpp.o
 .debug_macro   0x00000000       0x10 spi.cpp.o
 .debug_macro   0x00000000       0x88 spi.cpp.o
 .debug_macro   0x00000000      0x14e spi.cpp.o
 .debug_macro   0x00000000      0x125 spi.cpp.o
 .debug_macro   0x00000000       0x5d spi.cpp.o
 .debug_macro   0x00000000       0x4c spi.cpp.o
 .debug_macro   0x00000000       0x49 spi.cpp.o
 .debug_macro   0x00000000      0x106 spi.cpp.o
 .debug_macro   0x00000000       0x23 spi.cpp.o
 .debug_macro   0x00000000       0x28 spi.cpp.o
 .debug_macro   0x00000000       0xd1 spi.cpp.o
 .debug_macro   0x00000000       0x98 spi.cpp.o
 .debug_macro   0x00000000       0x16 spi.cpp.o
 .debug_macro   0x00000000       0x59 spi.cpp.o
 .debug_macro   0x00000000      0x11b spi.cpp.o
 .debug_macro   0x00000000       0x46 spi.cpp.o
 .debug_macro   0x00000000      0x27f spi.cpp.o
 .debug_macro   0x00000000       0x10 spi.cpp.o
 .debug_macro   0x00000000      0x195 spi.cpp.o
 .debug_macro   0x00000000       0x8a spi.cpp.o
 .debug_macro   0x00000000       0x10 spi.cpp.o
 .debug_macro   0x00000000       0x10 spi.cpp.o
 .debug_macro   0x00000000       0x39 spi.cpp.o
 .debug_macro   0x00000000       0xb4 spi.cpp.o
 .debug_macro   0x00000000       0x41 spi.cpp.o
 .debug_macro   0x00000000       0x16 spi.cpp.o
 .debug_macro   0x00000000       0x19 spi.cpp.o

Memory Configuration

Name             Origin             Length             Attributes
*default*        0x00000000         0xffffffff

Linker script and memory map

LOAD cdev.cpp.o
LOAD device.cpp.o
LOAD i2c.cpp.o
LOAD pio.cpp.o
LOAD spi.cpp.o

.interp
 *(.interp)

.note.gnu.build-id
 *(.note.gnu.build-id)

.hash
 *(.hash)

.gnu.hash
 *(.gnu.hash)

.dynsym
 *(.dynsym)

.dynstr
 *(.dynstr)

.gnu.version
 *(.gnu.version)

.gnu.version_d
 *(.gnu.version_d)

.gnu.version_r
 *(.gnu.version_r)

.rel.init
 *(.rel.init)

.rela.init
 *(.rela.init)

.rel.text
 *(.rel.text)

.rela.text
 *(.rela.text)

.rel.fini
 *(.rel.fini)

.rela.fini
 *(.rela.fini)

.rel.rodata
 *(.rel.rodata)

.rela.rodata
 *(.rela.rodata)

.rel.data.rel.ro
 *(.rel.data.rel.ro)

.rela.data.rel.ro
 *(.rela.data.rel.ro)

.rel.data
 *(.rel.data)

.rela.data
 *(.rela.data)

.rel.tdata
 *(.rel.tdata)

.rela.tdata
 *(.rela.tdata)

.rel.tbss
 *(.rel.tbss)

.rela.tbss
 *(.rela.tbss)

.rel.ctors
 *(.rel.ctors)

.rela.ctors
 *(.rela.ctors)

.rel.dtors
 *(.rel.dtors)

.rela.dtors
 *(.rela.dtors)

.rel.got
 *(.rel.got)

.rela.got
 *(.rela.got)

.rel.bss
 *(.rel.bss)

.rela.bss
 *(.rela.bss)

.rel.iplt
 *(.rel.iplt)

.rela.iplt
 *(.rela.iplt)

.rel.plt
 *(.rel.plt)

.rela.plt
 *(.rela.plt)

.init
 *(SORT(.init))

.plt
 *(.plt)

.iplt
 *(.iplt)

.text           0x00000000        0x0
 *(.text .stub)
 .text          0x00000000        0x0 cdev.cpp.o
 .text          0x00000000        0x0 device.cpp.o
 .text          0x00000000        0x0 i2c.cpp.o
 .text          0x00000000        0x0 pio.cpp.o
 .text          0x00000000        0x0 spi.cpp.o
 *(.gnu.warning)

.text._ZN6device4CDev10open_firstEP4file
                0x00000000        0x4
 .text._ZN6device4CDev10open_firstEP4file
                0x00000000        0x4 cdev.cpp.o
                0x00000000                device::CDev::open_first(file*)

.text._ZN6device4CDev10close_lastEP4file
                0x00000000        0x4
 .text._ZN6device4CDev10close_lastEP4file
                0x00000000        0x4 cdev.cpp.o
                0x00000000                device::CDev::close_last(file*)

.text._ZN6device4CDev4readEP4filePcj
                0x00000000        0x6
 .text._ZN6device4CDev4readEP4filePcj
                0x00000000        0x6 cdev.cpp.o
                0x00000000                device::CDev::read(file*, char*, unsigned int)

.text._ZN6device4CDev5writeEP4filePKcj
                0x00000000        0x6
 .text._ZN6device4CDev5writeEP4filePKcj
                0x00000000        0x6 cdev.cpp.o
                0x00000000                device::CDev::write(file*, char const*, unsigned int)

.text._ZN6device4CDev4seekEP4fileii
                0x00000000        0x6
 .text._ZN6device4CDev4seekEP4fileii
                0x00000000        0x6 cdev.cpp.o
                0x00000000                device::CDev::seek(file*, int, int)

.text._ZN6device4CDev11poll_notifyEh
                0x00000000       0x38
 .text._ZN6device4CDev11poll_notifyEh
                0x00000000       0x38 cdev.cpp.o
                0x00000000                device::CDev::poll_notify(unsigned char)

.text._ZN6device4CDev10poll_stateEP4file
                0x00000000        0x4
 .text._ZN6device4CDev10poll_stateEP4file
                0x00000000        0x4 cdev.cpp.o
                0x00000000                device::CDev::poll_state(file*)

.text._ZN6deviceL9cdev_openEP4file
                0x00000000        0xc
 .text._ZN6deviceL9cdev_openEP4file
                0x00000000        0xc cdev.cpp.o

.text._ZN6deviceL10cdev_closeEP4file
                0x00000000        0xc
 .text._ZN6deviceL10cdev_closeEP4file
                0x00000000        0xc cdev.cpp.o

.text._ZN6deviceL9cdev_readEP4filePcj
                0x00000000       0x1c
 .text._ZN6deviceL9cdev_readEP4filePcj
                0x00000000       0x1c cdev.cpp.o

.text._ZN6deviceL10cdev_writeEP4filePKcj
                0x00000000       0x1c
 .text._ZN6deviceL10cdev_writeEP4filePKcj
                0x00000000       0x1c cdev.cpp.o

.text._ZN6deviceL9cdev_seekEP4fileii
                0x00000000       0x1c
 .text._ZN6deviceL9cdev_seekEP4fileii
                0x00000000       0x1c cdev.cpp.o

.text._ZN6deviceL10cdev_ioctlEP4fileim
                0x00000000       0x1c
 .text._ZN6deviceL10cdev_ioctlEP4fileim
                0x00000000       0x1c cdev.cpp.o

.text._ZN6deviceL9cdev_pollEP4fileP6pollfdb
                0x00000000       0x1c
 .text._ZN6deviceL9cdev_pollEP4fileP6pollfdb
                0x00000000       0x1c cdev.cpp.o

.text._ZN6device4CDevD2Ev
                0x00000000       0x24
 .text._ZN6device4CDevD2Ev
                0x00000000       0x24 cdev.cpp.o
                0x00000000                device::CDev::~CDev()
                0x00000000                device::CDev::~CDev()

.text._ZN6device4CDevD0Ev
                0x00000000       0x12
 .text._ZN6device4CDevD0Ev
                0x00000000       0x12 cdev.cpp.o
                0x00000000                device::CDev::~CDev()

.text._ZN6device4CDev24unregister_class_devnameEPKcj
                0x00000000       0x24
 .text._ZN6device4CDev24unregister_class_devnameEPKcj
                0x00000000       0x24 cdev.cpp.o
                0x00000000                device::CDev::unregister_class_devname(char const*, unsigned int)

.text._ZN6device4CDev22register_class_devnameEPKc
                0x00000000       0x48
 .text._ZN6device4CDev22register_class_devnameEPKc
                0x00000000       0x48 cdev.cpp.o
                0x00000000                device::CDev::register_class_devname(char const*)

.text._ZN6device4CDev15poll_notify_oneEP6pollfdh
                0x00000000       0x1c
 .text._ZN6device4CDev15poll_notify_oneEP6pollfdh
                0x00000000       0x1c cdev.cpp.o
                0x00000000                device::CDev::poll_notify_one(pollfd*, unsigned char)

.text._ZN6device4CDev5ioctlEP4fileim
                0x00000000       0x4a
 .text._ZN6device4CDev5ioctlEP4fileim
                0x00000000       0x4a cdev.cpp.o
                0x00000000                device::CDev::ioctl(file*, int, unsigned long)

.text._ZN6device6Device4lockEv
                0x00000000       0x12
 .text._ZN6device6Device4lockEv
                0x00000000       0x12 cdev.cpp.o
                0x00000000                device::Device::lock()

.text._ZN6device4CDev4openEP4file
                0x00000000       0x38
 .text._ZN6device4CDev4openEP4file
                0x00000000       0x38 cdev.cpp.o
                0x00000000                device::CDev::open(file*)

.text._ZN6device4CDev5closeEP4file
                0x00000000       0x36
 .text._ZN6device4CDev5closeEP4file
                0x00000000       0x36 cdev.cpp.o
                0x00000000                device::CDev::close(file*)

.text._ZN6device4CDevC2EPKcS2_i
                0x00000000       0x38
 .text._ZN6device4CDevC2EPKcS2_i
                0x00000000       0x38 cdev.cpp.o
                0x00000000                device::CDev::CDev(char const*, char const*, int)
                0x00000000                device::CDev::CDev(char const*, char const*, int)

.text._ZN6device4CDev17store_poll_waiterEP6pollfd
                0x00000000       0x22
 .text._ZN6device4CDev17store_poll_waiterEP6pollfd
                0x00000000       0x22 cdev.cpp.o
                0x00000000                device::CDev::store_poll_waiter(pollfd*)

.text._ZN6device4CDev18remove_poll_waiterEP6pollfd
                0x00000000       0x34
 .text._ZN6device4CDev18remove_poll_waiterEP6pollfd
                0x00000000       0x34 cdev.cpp.o
                0x00000000                device::CDev::remove_poll_waiter(pollfd*)

.text._ZN6device4CDev4pollEP4fileP6pollfdb
                0x00000000       0x58
 .text._ZN6device4CDev4pollEP4fileP6pollfdb
                0x00000000       0x58 cdev.cpp.o
                0x00000000                device::CDev::poll(file*, pollfd*, bool)

.text._ZN6device4CDev4initEv
                0x00000000       0x2c
 .text._ZN6device4CDev4initEv
                0x00000000       0x2c cdev.cpp.o
                0x00000000                device::CDev::init()

.text._ZN6deviceL9interruptEiPv
                0x00000000       0x2c
 .text._ZN6deviceL9interruptEiPv
                0x00000000       0x2c device.cpp.o

.text._ZN6device6Device4readEjPvj
                0x00000000        0x6
 .text._ZN6device6Device4readEjPvj
                0x00000000        0x6 device.cpp.o
                0x00000000                device::Device::read(unsigned int, void*, unsigned int)

.text._ZN6device6Device5writeEjPvj
                0x00000000        0x6
 .text._ZN6device6Device5writeEjPvj
                0x00000000        0x6 device.cpp.o
                0x00000000                device::Device::write(unsigned int, void*, unsigned int)

.text._ZN6device6Device5ioctlEjRj
                0x00000000        0xe
 .text._ZN6device6Device5ioctlEjRj
                0x00000000        0xe device.cpp.o
                0x00000000                device::Device::ioctl(unsigned int, unsigned int&)

.text._ZN6device6DeviceD2Ev
                0x00000000       0x3c
 .text._ZN6device6DeviceD2Ev
                0x00000000       0x3c device.cpp.o
                0x00000000                device::Device::~Device()
                0x00000000                device::Device::~Device()

.text._ZN6device6DeviceD0Ev
                0x00000000       0x12
 .text._ZN6device6DeviceD0Ev
                0x00000000       0x12 device.cpp.o
                0x00000000                device::Device::~Device()

.text._ZN6device6Device4initEv
                0x00000000       0x50
 .text._ZN6device6Device4initEv
                0x00000000       0x50 device.cpp.o
                0x00000000                device::Device::init()

.text._ZN6device6DeviceC2EPKci
                0x00000000       0x34
 .text._ZN6device6DeviceC2EPKci
                0x00000000       0x34 device.cpp.o
                0x00000000                device::Device::Device(char const*, int)
                0x00000000                device::Device::Device(char const*, int)

.text._ZN6device6Device16interrupt_enableEv
                0x00000000        0xc
 .text._ZN6device6Device16interrupt_enableEv
                0x00000000        0xc device.cpp.o
                0x00000000                device::Device::interrupt_enable()

.text._ZN6device6Device17interrupt_disableEv
                0x00000000        0xc
 .text._ZN6device6Device17interrupt_disableEv
                0x00000000        0xc device.cpp.o
                0x00000000                device::Device::interrupt_disable()

.text._ZN6device6Device9interruptEPv
                0x00000000        0x4
 .text._ZN6device6Device9interruptEPv
                0x00000000        0x4 device.cpp.o
                0x00000000                device::Device::interrupt(void*)

.text._ZN6device6Device3logEPKcz
                0x00000000       0x40
 .text._ZN6device6Device3logEPKcz
                0x00000000       0x40 device.cpp.o
                0x00000000                device::Device::log(char const*, ...)

.text._ZN6device6Device5debugEPKcz
                0x00000000       0x40
 .text._ZN6device6Device5debugEPKcz
                0x00000000       0x40 device.cpp.o
                0x00000000                device::Device::debug(char const*, ...)

.text._ZN6device3I2C5probeEv
                0x00000000        0x4
 .text._ZN6device3I2C5probeEv
                0x00000000        0x4 i2c.cpp.o
                0x00000000                device::I2C::probe()

.text._ZN6device3I2CD2Ev
                0x00000000       0x24
 .text._ZN6device3I2CD2Ev
                0x00000000       0x24 i2c.cpp.o
                0x00000000                device::I2C::~I2C()
                0x00000000                device::I2C::~I2C()

.text._ZN6device3I2CD0Ev
                0x00000000       0x12
 .text._ZN6device3I2CD0Ev
                0x00000000       0x12 i2c.cpp.o
                0x00000000                device::I2C::~I2C()

.text._ZN6device3I2CC2EPKcS2_itji
                0x00000000       0x40
 .text._ZN6device3I2CC2EPKcS2_itji
                0x00000000       0x40 i2c.cpp.o
                0x00000000                device::I2C::I2C(char const*, char const*, int, unsigned short, unsigned int, int)
                0x00000000                device::I2C::I2C(char const*, char const*, int, unsigned short, unsigned int, int)

.text._ZN6device3I2C13set_bus_clockEjj
                0x00000000       0x18
 .text._ZN6device3I2C13set_bus_clockEjj
                0x00000000       0x18 i2c.cpp.o
                0x00000000                device::I2C::set_bus_clock(unsigned int, unsigned int)

.text._ZN6device3I2C8transferEPKhjPhj
                0x00000000       0x9c
 .text._ZN6device3I2C8transferEPKhjPhj
                0x00000000       0x9c i2c.cpp.o
                0x00000000                device::I2C::transfer(unsigned char const*, unsigned int, unsigned char*, unsigned int)

.text._ZN6device3I2C8transferEP9i2c_msg_sj
                0x00000000       0x50
 .text._ZN6device3I2C8transferEP9i2c_msg_sj
                0x00000000       0x50 i2c.cpp.o
                0x00000000                device::I2C::transfer(i2c_msg_s*, unsigned int)

.text._ZN6device3I2C4initEv
                0x00000000       0xe4
 .text._ZN6device3I2C4initEv
                0x00000000       0xe4 i2c.cpp.o
                0x00000000                device::I2C::init()

.text._ZN6device3PIOD2Ev
                0x00000000       0x14
 .text._ZN6device3PIOD2Ev
                0x00000000       0x14 pio.cpp.o
                0x00000000                device::PIO::~PIO()
                0x00000000                device::PIO::~PIO()

.text._ZN6device3PIOD0Ev
                0x00000000       0x12
 .text._ZN6device3PIOD0Ev
                0x00000000       0x12 pio.cpp.o
                0x00000000                device::PIO::~PIO()

.text._ZN6device3PIOC2EPKcS2_ji
                0x00000000       0x1c
 .text._ZN6device3PIOC2EPKcS2_ji
                0x00000000       0x1c pio.cpp.o
                0x00000000                device::PIO::PIO(char const*, char const*, unsigned int, int)
                0x00000000                device::PIO::PIO(char const*, char const*, unsigned int, int)

.text._ZN6device3PIO4initEv
                0x00000000        0x4
 .text._ZN6device3PIO4initEv
                0x00000000        0x4 pio.cpp.o
                0x00000000                device::PIO::init()

.text._ZN6device3SPI5probeEv
                0x00000000        0x4
 .text._ZN6device3SPI5probeEv
                0x00000000        0x4 spi.cpp.o
                0x00000000                device::SPI::probe()

.text._ZN6device3SPID2Ev
                0x00000000       0x14
 .text._ZN6device3SPID2Ev
                0x00000000       0x14 spi.cpp.o
                0x00000000                device::SPI::~SPI()
                0x00000000                device::SPI::~SPI()

.text._ZN6device3SPID0Ev
                0x00000000       0x12
 .text._ZN6device3SPID0Ev
                0x00000000       0x12 spi.cpp.o
                0x00000000                device::SPI::~SPI()

.text._ZN6device3SPIC2EPKcS2_i9spi_dev_e10spi_mode_eji
                0x00000000       0x48
 .text._ZN6device3SPIC2EPKcS2_i9spi_dev_e10spi_mode_eji
                0x00000000       0x48 spi.cpp.o
                0x00000000                device::SPI::SPI(char const*, char const*, int, spi_dev_e, spi_mode_e, unsigned int, int)
                0x00000000                device::SPI::SPI(char const*, char const*, int, spi_dev_e, spi_mode_e, unsigned int, int)

.text._ZN6device3SPI13set_frequencyEj
                0x00000000        0x4
 .text._ZN6device3SPI13set_frequencyEj
                0x00000000        0x4 spi.cpp.o
                0x00000000                device::SPI::set_frequency(unsigned int)

.text._ZN6device3SPI9_transferEPhS1_j
                0x00000000       0x5e
 .text._ZN6device3SPI9_transferEPhS1_j
                0x00000000       0x5e spi.cpp.o
                0x00000000                device::SPI::_transfer(unsigned char*, unsigned char*, unsigned int)

.text._ZN6device3SPI8transferEPhS1_j
                0x00000000       0x86
 .text._ZN6device3SPI8transferEPhS1_j
                0x00000000       0x86 spi.cpp.o
                0x00000000                device::SPI::transfer(unsigned char*, unsigned char*, unsigned int)

.text._ZN6device3SPI4initEv
                0x00000000       0x84
 .text._ZN6device3SPI4initEv
                0x00000000       0x84 spi.cpp.o
                0x00000000                device::SPI::init()

.fini
 *(SORT(.fini))

.rodata
 *(.rodata)

.rodata._ZTVN6device4CDevE
                0x00000000       0x5c
 .rodata._ZTVN6device4CDevE
                0x00000000       0x5c cdev.cpp.o
                0x00000000                vtable for device::CDev

.rodata.str1.1  0x00000000      0x115
 .rodata.str1.1
                0x00000000       0x1d cdev.cpp.o
 .rodata.str1.1
                0x0000001d        0xe device.cpp.o
 .rodata.str1.1
                0x0000002b       0x9c i2c.cpp.o
 .rodata.str1.1
                0x000000c7       0x4e spi.cpp.o

.rodata._ZN6device4CDev4fopsE
                0x00000000       0x1c
 .rodata._ZN6device4CDev4fopsE
                0x00000000       0x1c cdev.cpp.o
                0x00000000                device::CDev::fops

.rodata._ZTVN6device6DeviceE
                0x00000000       0x24
 .rodata._ZTVN6device6DeviceE
                0x00000000       0x24 device.cpp.o
                0x00000000                vtable for device::Device

.rodata._ZTVN6device3I2CE
                0x00000000       0x60
 .rodata._ZTVN6device3I2CE
                0x00000000       0x60 i2c.cpp.o
                0x00000000                vtable for device::I2C

.rodata._ZTVN6device3PIOE
                0x00000000       0x5c
 .rodata._ZTVN6device3PIOE
                0x00000000       0x5c pio.cpp.o
                0x00000000                vtable for device::PIO

.rodata._ZTVN6device3SPIE
                0x00000000       0x60
 .rodata._ZTVN6device3SPIE
                0x00000000       0x60 spi.cpp.o
                0x00000000                vtable for device::SPI

.rodata1
 *(.rodata1)

.ARM.extab
 *(.ARM.extab)

.ARM.exidx
 *(.ARM.exidx)

.eh_frame_hdr
 *(.eh_frame_hdr)

.eh_frame
 *(.eh_frame)

.gcc_except_table
 *(.gcc_except_table .gcc_except_table.*)

.exception_ranges
 *(.exception_ranges .exception_ranges*)

.eh_frame
 *(.eh_frame)

.gcc_except_table
 *(.gcc_except_table .gcc_except_table.*)

.exception_ranges
 *(.exception_ranges .exception_ranges*)

.tdata
 *(.tdata)

.tbss
 *(.tbss)

.preinit_array
 *(.preinit_array)

.jcr
 *(.jcr)

.dynamic
 *(.dynamic)

.got
 *(.got.plt)
 *(.igot.plt)
 *(.got)
 *(.igot)

.data           0x00000000        0x0
 *(.data)
 .data          0x00000000        0x0 cdev.cpp.o
 .data          0x00000000        0x0 device.cpp.o
 .data          0x00000000        0x0 i2c.cpp.o
 .data          0x00000000        0x0 pio.cpp.o
 .data          0x00000000        0x0 spi.cpp.o

.data._ZN6device3I2C11_bus_clocksE
                0x00000000        0xc
 .data._ZN6device3I2C11_bus_clocksE
                0x00000000        0xc i2c.cpp.o
                0x00000000                device::I2C::_bus_clocks

.data1
 *(.data1)

.bss            0x00000000        0x0
 *(.dynbss)
 *(.bss)
 .bss           0x00000000        0x0 cdev.cpp.o
 .bss           0x00000000        0x0 device.cpp.o
 .bss           0x00000000        0x0 i2c.cpp.o
 .bss           0x00000000        0x0 pio.cpp.o
 .bss           0x00000000        0x0 spi.cpp.o
 *(COMMON)

.bss._ZN6deviceL11irq_entriesE
                0x00000000       0x40
 .bss._ZN6deviceL11irq_entriesE
                0x00000000       0x40 device.cpp.o

.stab
 *(.stab)

.stabstr
 *(.stabstr)

.stab.excl
 *(.stab.excl)

.stab.exclstr
 *(.stab.exclstr)

.stab.index
 *(.stab.index)

.stab.indexstr
 *(.stab.indexstr)

.comment        0x00000000      0x235
 *(.comment)
 .comment       0x00000000       0x71 cdev.cpp.o
 .comment       0x00000071       0x71 device.cpp.o
 .comment       0x000000e2       0x71 i2c.cpp.o
 .comment       0x00000153       0x71 pio.cpp.o
 .comment       0x000001c4       0x71 spi.cpp.o

.group          0x00000000        0x8
 .group         0x00000000        0x8 cdev.cpp.o

.group          0x00000000        0x8
 .group         0x00000000        0x8 cdev.cpp.o

.group          0x00000000        0x8
 .group         0x00000000        0x8 cdev.cpp.o

.group          0x00000000        0x8
 .group         0x00000000        0x8 cdev.cpp.o

.group          0x00000000        0x8
 .group         0x00000000        0x8 cdev.cpp.o

.group          0x00000000        0x8
 .group         0x00000000        0x8 cdev.cpp.o

.group          0x00000000        0x8
 .group         0x00000000        0x8 cdev.cpp.o

.group          0x00000000        0x8
 .group         0x00000000        0x8 cdev.cpp.o

.group          0x00000000        0x8
 .group         0x00000000        0x8 cdev.cpp.o

.group          0x00000000        0x8
 .group         0x00000000        0x8 cdev.cpp.o

.group          0x00000000        0x8
 .group         0x00000000        0x8 cdev.cpp.o

.group          0x00000000        0x8
 .group         0x00000000        0x8 cdev.cpp.o

.group          0x00000000        0x8
 .group         0x00000000        0x8 cdev.cpp.o

.group          0x00000000        0x8
 .group         0x00000000        0x8 cdev.cpp.o

.group          0x00000000        0x8
 .group         0x00000000        0x8 cdev.cpp.o

.group          0x00000000        0x8
 .group         0x00000000        0x8 cdev.cpp.o

.group          0x00000000        0x8
 .group         0x00000000        0x8 cdev.cpp.o

.group          0x00000000        0x8
 .group         0x00000000        0x8 cdev.cpp.o

.group          0x00000000        0x8
 .group         0x00000000        0x8 cdev.cpp.o

.group          0x00000000        0x8
 .group         0x00000000        0x8 cdev.cpp.o

.group          0x00000000        0x8
 .group         0x00000000        0x8 cdev.cpp.o

.group          0x00000000        0x8
 .group         0x00000000        0x8 cdev.cpp.o

.group          0x00000000        0x8
 .group         0x00000000        0x8 cdev.cpp.o

.group          0x00000000        0x8
 .group         0x00000000        0x8 cdev.cpp.o

.group          0x00000000        0x8
 .group         0x00000000        0x8 cdev.cpp.o

.group          0x00000000        0x8
 .group         0x00000000        0x8 cdev.cpp.o

.group          0x00000000        0x8
 .group         0x00000000        0x8 cdev.cpp.o

.group          0x00000000        0x8
 .group         0x00000000        0x8 cdev.cpp.o

.group          0x00000000        0x8
 .group         0x00000000        0x8 cdev.cpp.o

.group          0x00000000        0x8
 .group         0x00000000        0x8 cdev.cpp.o

.group          0x00000000        0x8
 .group         0x00000000        0x8 cdev.cpp.o

.group          0x00000000        0x8
 .group         0x00000000        0x8 cdev.cpp.o

.group          0x00000000        0x8
 .group         0x00000000        0x8 cdev.cpp.o

.group          0x00000000        0x8
 .group         0x00000000        0x8 cdev.cpp.o

.group          0x00000000        0x8
 .group         0x00000000        0x8 cdev.cpp.o

.group          0x00000000        0x8
 .group         0x00000000        0x8 cdev.cpp.o

.group          0x00000000        0x8
 .group         0x00000000        0x8 cdev.cpp.o

.group          0x00000000        0x8
 .group         0x00000000        0x8 cdev.cpp.o

.group          0x00000000        0x8
 .group         0x00000000        0x8 cdev.cpp.o

.group          0x00000000        0x8
 .group         0x00000000        0x8 cdev.cpp.o

.group          0x00000000        0x8
 .group         0x00000000        0x8 cdev.cpp.o

.group          0x00000000        0x8
 .group         0x00000000        0x8 cdev.cpp.o

.group          0x00000000        0x8
 .group         0x00000000        0x8 cdev.cpp.o

.group          0x00000000        0x8
 .group         0x00000000        0x8 device.cpp.o

.group          0x00000000        0x8
 .group         0x00000000        0x8 device.cpp.o

.group          0x00000000        0x8
 .group         0x00000000        0x8 i2c.cpp.o

.group          0x00000000        0x8
 .group         0x00000000        0x8 spi.cpp.o

.group          0x00000000        0x8
 .group         0x00000000        0x8 spi.cpp.o

.group          0x00000000        0x8
 .group         0x00000000        0x8 spi.cpp.o

.debug
 *(.debug)

.line
 *(.line)

.debug_srcinfo
 *(.debug_srcinfo)

.debug_sfnames
 *(.debug_sfnames)

.debug_aranges  0x00000000      0x260
 *(.debug_aranges)
 .debug_aranges
                0x00000000       0xf8 cdev.cpp.o
 .debug_aranges
                0x000000f8       0x80 device.cpp.o
 .debug_aranges
                0x00000178       0x58 i2c.cpp.o
 .debug_aranges
                0x000001d0       0x38 pio.cpp.o
 .debug_aranges
                0x00000208       0x58 spi.cpp.o

.debug_pubnames
 *(.debug_pubnames)

.debug_info     0x00000000     0x5445
 *(.debug_info)
 .debug_info    0x00000000     0x2229 cdev.cpp.o
 .debug_info    0x00002229     0x1870 device.cpp.o
 .debug_info    0x00003a99      0x9f9 i2c.cpp.o
 .debug_info    0x00004492      0x3ee pio.cpp.o
 .debug_info    0x00004880      0xbc5 spi.cpp.o

.debug_abbrev   0x00000000     0x15a4
 *(.debug_abbrev)
 .debug_abbrev  0x00000000      0x5f3 cdev.cpp.o
 .debug_abbrev  0x000005f3      0x510 device.cpp.o
 .debug_abbrev  0x00000b03      0x3cc i2c.cpp.o
 .debug_abbrev  0x00000ecf      0x265 pio.cpp.o
 .debug_abbrev  0x00001134      0x470 spi.cpp.o

.debug_line     0x00000000     0x2040
 *(.debug_line .debug_line.* .debug_line_end)
 .debug_line    0x00000000      0x9e0 cdev.cpp.o
 .debug_line    0x000009e0      0x86f device.cpp.o
 .debug_line    0x0000124f      0x436 i2c.cpp.o
 .debug_line    0x00001685      0x33b pio.cpp.o
 .debug_line    0x000019c0      0x680 spi.cpp.o

.debug_frame    0x00000000      0x668
 *(.debug_frame)
 .debug_frame   0x00000000      0x2d4 cdev.cpp.o
 .debug_frame   0x000002d4      0x158 device.cpp.o
 .debug_frame   0x0000042c       0xec i2c.cpp.o
 .debug_frame   0x00000518       0x6c pio.cpp.o
 .debug_frame   0x00000584       0xe4 spi.cpp.o

.debug_str      0x00000000    0x3222a
 *(.debug_str)
 .debug_str     0x00000000     0xc680 cdev.cpp.o
 .debug_str     0x0000c680     0xc4dd device.cpp.o
 .debug_str     0x00018b5d     0x7a2c i2c.cpp.o
 .debug_str     0x00020589     0x744c pio.cpp.o
 .debug_str     0x000279d5     0xa855 spi.cpp.o

.debug_loc      0x00000000     0x1ac9
 *(.debug_loc)
 .debug_loc     0x00000000      0xc78 cdev.cpp.o
 .debug_loc     0x00000c78      0x3d1 device.cpp.o
 .debug_loc     0x00001049      0x4a0 i2c.cpp.o
 .debug_loc     0x000014e9      0x11e pio.cpp.o
 .debug_loc     0x00001607      0x4c2 spi.cpp.o

.debug_macinfo
 *(.debug_macinfo)

.debug_weaknames
 *(.debug_weaknames)

.debug_funcnames
 *(.debug_funcnames)

.debug_typenames
 *(.debug_typenames)

.debug_varnames
 *(.debug_varnames)

.debug_pubtypes
 *(.debug_pubtypes)

.debug_ranges   0x00000000      0x3c0
 *(.debug_ranges)
 .debug_ranges  0x00000000      0x1e0 cdev.cpp.o
 .debug_ranges  0x000001e0       0xc8 device.cpp.o
 .debug_ranges  0x000002a8       0x78 i2c.cpp.o
 .debug_ranges  0x00000320       0x28 pio.cpp.o
 .debug_ranges  0x00000348       0x78 spi.cpp.o

.debug_macro    0x00000000      0x7c4
 *(.debug_macro)
 .debug_macro   0x00000000      0x234 cdev.cpp.o
 .debug_macro   0x00000234      0x243 device.cpp.o
 .debug_macro   0x00000477       0xcc i2c.cpp.o
 .debug_macro   0x00000543       0xb9 pio.cpp.o
 .debug_macro   0x000005fc      0x1c8 spi.cpp.o

.stack
 *(.stack)

.ARM.attributes
                0x00000000       0x35
 *(.ARM.attributes)
 .ARM.attributes
                0x00000000       0x35 cdev.cpp.o
 .ARM.attributes
                0x00000035       0x35 device.cpp.o
 .ARM.attributes
                0x0000006a       0x35 i2c.cpp.o
 .ARM.attributes
                0x0000009f       0x35 pio.cpp.o
 .ARM.attributes
                0x000000d4       0x35 spi.cpp.o
 *(.gnu.attributes)

.note.gnu.arm.ident
 *(.note.gnu.arm.ident)
OUTPUT(/home/ground/Documents/PX4Firmware/Build/px4fmu-v2_APM.build//home/ground/Documents/PX4Firmware/src/drivers/device/module.pre.o elf32-littlearm)

.debug_macro    0x00000000      0x92e
 .debug_macro   0x00000000      0x92e cdev.cpp.o

.debug_macro    0x00000000       0x22
 .debug_macro   0x00000000       0x22 cdev.cpp.o

.debug_macro    0x00000000      0x89f
 .debug_macro   0x00000000      0x89f cdev.cpp.o

.debug_macro    0x00000000       0xc9
 .debug_macro   0x00000000       0xc9 cdev.cpp.o

.debug_macro    0x00000000      0x6bb
 .debug_macro   0x00000000      0x6bb cdev.cpp.o

.debug_macro    0x00000000       0x10
 .debug_macro   0x00000000       0x10 cdev.cpp.o

.debug_macro    0x00000000       0x88
 .debug_macro   0x00000000       0x88 cdev.cpp.o

.debug_macro    0x00000000      0x14e
 .debug_macro   0x00000000      0x14e cdev.cpp.o

.debug_macro    0x00000000      0x125
 .debug_macro   0x00000000      0x125 cdev.cpp.o

.debug_macro    0x00000000       0x5d
 .debug_macro   0x00000000       0x5d cdev.cpp.o

.debug_macro    0x00000000       0x23
 .debug_macro   0x00000000       0x23 cdev.cpp.o

.debug_macro    0x00000000       0x53
 .debug_macro   0x00000000       0x53 cdev.cpp.o

.debug_macro    0x00000000       0x39
 .debug_macro   0x00000000       0x39 cdev.cpp.o

.debug_macro    0x00000000       0x9a
 .debug_macro   0x00000000       0x9a cdev.cpp.o

.debug_macro    0x00000000      0x1cf
 .debug_macro   0x00000000      0x1cf cdev.cpp.o

.debug_macro    0x00000000      0x16c
 .debug_macro   0x00000000      0x16c cdev.cpp.o

.debug_macro    0x00000000       0x16
 .debug_macro   0x00000000       0x16 cdev.cpp.o

.debug_macro    0x00000000       0xac
 .debug_macro   0x00000000       0xac cdev.cpp.o

.debug_macro    0x00000000       0x29
 .debug_macro   0x00000000       0x29 cdev.cpp.o

.debug_macro    0x00000000       0x46
 .debug_macro   0x00000000       0x46 cdev.cpp.o

.debug_macro    0x00000000       0x22
 .debug_macro   0x00000000       0x22 cdev.cpp.o

.debug_macro    0x00000000       0x59
 .debug_macro   0x00000000       0x59 cdev.cpp.o

.debug_macro    0x00000000       0x10
 .debug_macro   0x00000000       0x10 cdev.cpp.o

.debug_macro    0x00000000      0x11b
 .debug_macro   0x00000000      0x11b cdev.cpp.o

.debug_macro    0x00000000       0x46
 .debug_macro   0x00000000       0x46 cdev.cpp.o

.debug_macro    0x00000000      0x27f
 .debug_macro   0x00000000      0x27f cdev.cpp.o

.debug_macro    0x00000000       0x10
 .debug_macro   0x00000000       0x10 cdev.cpp.o

.debug_macro    0x00000000      0x195
 .debug_macro   0x00000000      0x195 cdev.cpp.o

.debug_macro    0x00000000       0x8a
 .debug_macro   0x00000000       0x8a cdev.cpp.o

.debug_macro    0x00000000       0x10
 .debug_macro   0x00000000       0x10 cdev.cpp.o

.debug_macro    0x00000000       0x5e
 .debug_macro   0x00000000       0x5e cdev.cpp.o

.debug_macro    0x00000000       0x58
 .debug_macro   0x00000000       0x58 cdev.cpp.o

.debug_macro    0x00000000       0x4c
 .debug_macro   0x00000000       0x4c cdev.cpp.o

.debug_macro    0x00000000       0x49
 .debug_macro   0x00000000       0x49 cdev.cpp.o

.debug_macro    0x00000000      0x106
 .debug_macro   0x00000000      0x106 cdev.cpp.o

.debug_macro    0x00000000       0x28
 .debug_macro   0x00000000       0x28 cdev.cpp.o

.debug_macro    0x00000000       0xd1
 .debug_macro   0x00000000       0xd1 cdev.cpp.o

.debug_macro    0x00000000       0x98
 .debug_macro   0x00000000       0x98 cdev.cpp.o

.debug_macro    0x00000000       0x16
 .debug_macro   0x00000000       0x16 cdev.cpp.o

.debug_macro    0x00000000       0xb4
 .debug_macro   0x00000000       0xb4 cdev.cpp.o

.debug_macro    0x00000000       0x41
 .debug_macro   0x00000000       0x41 cdev.cpp.o

.debug_macro    0x00000000       0x4d
 .debug_macro   0x00000000       0x4d cdev.cpp.o

.debug_macro    0x00000000       0x16
 .debug_macro   0x00000000       0x16 device.cpp.o

.debug_macro    0x00000000       0x19
 .debug_macro   0x00000000       0x19 device.cpp.o

.debug_macro    0x00000000       0x9c
 .debug_macro   0x00000000       0x9c i2c.cpp.o

.debug_macro    0x00000000      0x6c1
 .debug_macro   0x00000000      0x6c1 spi.cpp.o

.debug_macro    0x00000000       0x59
 .debug_macro   0x00000000       0x59 spi.cpp.o

.debug_macro    0x00000000       0x78
 .debug_macro   0x00000000       0x78 spi.cpp.o
