Archive member included because of file (symbol)

/home/ground/Documents/P2-Hackathon/ardupilot/PX4Firmware/Build/px4io-v2_default.build/nuttx-export/libs/libnuttx.a(sched-irq_attach.o)
                              /home/ground/Documents/P2-Hackathon/ardupilot/PX4Firmware/Build/px4io-v2_default.build//home/ground/Documents/P2-Hackathon/ardupilot/PX4Firmware/src/drivers/stm32/module.pre.o (irq_attach)
/home/ground/Documents/P2-Hackathon/ardupilot/PX4Firmware/Build/px4io-v2_default.build/nuttx-export/libs/libnuttx.a(sched-irq_initialize.o)
                              /home/ground/Documents/P2-Hackathon/ardupilot/PX4Firmware/Build/px4io-v2_default.build/nuttx-export/libs/libnuttx.a(sched-irq_attach.o) (g_irqvector)
/home/ground/Documents/P2-Hackathon/ardupilot/PX4Firmware/Build/px4io-v2_default.build/nuttx-export/libs/libnuttx.a(sched-irq_unexpectedisr.o)
                              /home/ground/Documents/P2-Hackathon/ardupilot/PX4Firmware/Build/px4io-v2_default.build/nuttx-export/libs/libnuttx.a(sched-irq_attach.o) (irq_unexpected_isr)
/home/ground/Documents/P2-Hackathon/ardupilot/PX4Firmware/Build/px4io-v2_default.build/nuttx-export/libs/libnuttx.a(c-lib_abort.o)
                              (abort)
/home/ground/Documents/P2-Hackathon/ardupilot/PX4Firmware/Build/px4io-v2_default.build/nuttx-export/libs/libnuttx.a(c-lib_cfsetspeed.o)
                              /home/ground/Documents/P2-Hackathon/ardupilot/PX4Firmware/Build/px4io-v2_default.build//home/ground/Documents/P2-Hackathon/ardupilot/PX4Firmware/src/modules/px4iofirmware/module.pre.o (cfsetspeed)
/home/ground/Documents/P2-Hackathon/ardupilot/PX4Firmware/Build/px4io-v2_default.build/nuttx-export/libs/libnuttx.a(c-lib_crc32.o)
                              /home/ground/Documents/P2-Hackathon/ardupilot/PX4Firmware/Build/px4io-v2_default.build//home/ground/Documents/P2-Hackathon/ardupilot/PX4Firmware/src/modules/px4iofirmware/module.pre.o (crc32part)
/home/ground/Documents/P2-Hackathon/ardupilot/PX4Firmware/Build/px4io-v2_default.build/nuttx-export/libs/libnuttx.a(c-lib_dprintf.o)
                              /home/ground/Documents/P2-Hackathon/ardupilot/PX4Firmware/Build/px4io-v2_default.build//home/ground/Documents/P2-Hackathon/ardupilot/PX4Firmware/src/modules/px4iofirmware/module.pre.o (dprintf)
/home/ground/Documents/P2-Hackathon/ardupilot/PX4Firmware/Build/px4io-v2_default.build/nuttx-export/libs/libnuttx.a(c-lib_lowsyslog.o)
                              /home/ground/Documents/P2-Hackathon/ardupilot/PX4Firmware/Build/px4io-v2_default.build//home/ground/Documents/P2-Hackathon/ardupilot/PX4Firmware/src/modules/px4iofirmware/module.pre.o (lowsyslog)
/home/ground/Documents/P2-Hackathon/ardupilot/PX4Firmware/Build/px4io-v2_default.build/nuttx-export/libs/libnuttx.a(c-lib_memchr.o)
                              /home/ground/Documents/P2-Hackathon/ardupilot/PX4Firmware/Build/px4io-v2_default.build//home/ground/Documents/P2-Hackathon/ardupilot/PX4Firmware/src/modules/px4iofirmware/module.pre.o (memchr)
/home/ground/Documents/P2-Hackathon/ardupilot/PX4Firmware/Build/px4io-v2_default.build/nuttx-export/libs/libnuttx.a(c-lib_memcpy.o)
                              /home/ground/Documents/P2-Hackathon/ardupilot/PX4Firmware/Build/px4io-v2_default.build//home/ground/Documents/P2-Hackathon/ardupilot/PX4Firmware/src/modules/px4iofirmware/module.pre.o (memcpy)
/home/ground/Documents/P2-Hackathon/ardupilot/PX4Firmware/Build/px4io-v2_default.build/nuttx-export/libs/libnuttx.a(c-lib_memset.o)
                              /home/ground/Documents/P2-Hackathon/ardupilot/PX4Firmware/Build/px4io-v2_default.build//home/ground/Documents/P2-Hackathon/ardupilot/PX4Firmware/src/drivers/stm32/module.pre.o (memset)
/home/ground/Documents/P2-Hackathon/ardupilot/PX4Firmware/Build/px4io-v2_default.build/nuttx-export/libs/libnuttx.a(c-lib_printf.o)
                              /home/ground/Documents/P2-Hackathon/ardupilot/PX4Firmware/Build/px4io-v2_default.build//home/ground/Documents/P2-Hackathon/ardupilot/PX4Firmware/src/modules/px4iofirmware/module.pre.o (printf)
/home/ground/Documents/P2-Hackathon/ardupilot/PX4Firmware/Build/px4io-v2_default.build/nuttx-export/libs/libnuttx.a(c-lib_sscanf.o)
                              /home/ground/Documents/P2-Hackathon/ardupilot/PX4Firmware/Build/px4io-v2_default.build//home/ground/Documents/P2-Hackathon/ardupilot/PX4Firmware/src/modules/px4iofirmware/module.pre.o (sscanf)
/home/ground/Documents/P2-Hackathon/ardupilot/PX4Firmware/Build/px4io-v2_default.build/nuttx-export/libs/libnuttx.a(c-lib_strchr.o)
                              /home/ground/Documents/P2-Hackathon/ardupilot/PX4Firmware/Build/px4io-v2_default.build/nuttx-export/libs/libnuttx.a(c-lib_sscanf.o) (strchr)
/home/ground/Documents/P2-Hackathon/ardupilot/PX4Firmware/Build/px4io-v2_default.build/nuttx-export/libs/libnuttx.a(c-lib_strcmp.o)
[...]
Memory Configuration

Name             Origin             Length             Attributes
flash            0x08001000         0x0000f000         xr
sram             0x20000000         0x00002000         xrw
*default*        0x00000000         0xffffffff

Linker script and memory map


.text           0x08001000     0xa6b8
                0x08001000                _stext = ABSOLUTE (.)
 *(.vectors)
 .vectors       0x08001000      0x134 /home/ground/Documents/P2-Hackathon/ardupilot/PX4Firmware/Build/px4io-v2_default.build/nuttx-export/libs/libnuttx.a(arch-up_vectors.o)
                0x08001000                _vectors
 *(.text .text.*)
 .text.stm32_boardinitialize
                0x08001134      0x110 /home/ground/Documents/P2-Hackathon/ardupilot/PX4Firmware/Build/px4io-v2_default.build//home/ground/Documents/P2-Hackathon/ardupilot/PX4Firmware/src/drivers/boards/px4io-v2/module.pre.o
                0x08001134                stm32_boardinitialize
 .text.hrt_absolute_time
                0x08001244       0x48 /home/ground/Documents/P2-Hackathon/ardupilot/PX4Firmware/Build/px4io-v2_default.build//home/ground/Documents/P2-Hackathon/ardupilot/PX4Firmware/src/drivers/stm32/module.pre.o
                0x08001244                hrt_absolute_time
 .text.hrt_call_reschedule
                0x0800128c       0x58 /home/ground/Documents/P2-Hackathon/ardupilot/PX4Firmware/Build/px4io-v2_default.build//home/ground/Documents/P2-Hackathon/ardupilot/PX4Firmware/src/drivers/stm32/module.pre.o
 .text.hrt_call_enter
                0x080012e4       0x4c /home/ground/Documents/P2-Hackathon/ardupilot/PX4Firmware/Build/px4io-v2_default.build//home/ground/Documents/P2-Hackathon/ardupilot/PX4Firmware/src/drivers/stm32/module.pre.o
 .text.hrt_call_internal
                0x08001330       0x4c /home/ground/Documents/P2-Hackathon/ardupilot/PX4Firmware/Build/px4io-v2_default.build//home/ground/Documents/P2-Hackathon/ardupilot/PX4Firmware/src/drivers/stm32/module.pre.o
 .text.hrt_tim_isr
                0x0800137c      0x1e4 /home/ground/Documents/P2-Hackathon/ardupilot/PX4Firmware/Build/px4io-v2_default.build//home/ground/Documents/P2-Hackathon/ardupilot/PX4Firmware/src/drivers/stm32/module.pre.o
 .text.hrt_elapsed_time
                0x08001560       0x22 /home/ground/Documents/P2-Hackathon/ardupilot/PX4Firmware/Build/px4io-v2_default.build//home/ground/Documents/P2-Hackathon/ardupilot/PX4Firmware/src/drivers/stm32/module.pre.o
                0x08001560                hrt_elapsed_time
 *fill*         0x08001582        0x2 
 .text.hrt_init
                0x08001584       0x84 /home/ground/Documents/P2-Hackathon/ardupilot/PX4Firmware/Build/px4io-v2_default.build//home/ground/Documents/P2-Hackathon/ardupilot/PX4Firmware/src/drivers/stm32/module.pre.o
                0x08001584                hrt_init
 .text.hrt_call_every
                0x08001608       0x36 /home/ground/Documents/P2-Hackathon/ardupilot/PX4Firmware/Build/px4io-v2_default.build//home/ground/Documents/P2-Hackathon/ardupilot/PX4Firmware/src/drivers/stm32/module.pre.o
                0x08001608                hrt_call_every
 *fill*         0x0800163e        0x2 
 .text.up_pwm_servo_set
                0x08001640       0x54 /home/ground/Documents/P2-Hackathon/ardupilot/PX4Firmware/Build/px4io-v2_default.build//home/ground/Documents/P2-Hackathon/ardupilot/PX4Firmware/src/drivers/stm32/module.pre.o
                0x08001640                up_pwm_servo_set
 .text.up_pwm_servo_init
                0x08001694      0x124 /home/ground/Documents/P2-Hackathon/ardupilot/PX4Firmware/Build/px4io-v2_default.build//home/ground/Documents/P2-Hackathon/ardupilot/PX4Firmware/src/drivers/stm32/module.pre.o
                0x08001694                up_pwm_servo_init
 .text.up_pwm_servo_set_rate_group_update
                0x080017b8       0x3c /home/ground/Documents/P2-Hackathon/ardupilot/PX4Firmware/Build/px4io-v2_default.build//home/ground/Documents/P2-Hackathon/ardupilot/PX4Firmware/src/drivers/stm32/module.pre.o
                0x080017b8                up_pwm_servo_set_rate_group_update
 .text.up_pwm_servo_get_rate_group
                0x080017f4       0x2c /home/ground/Documents/P2-Hackathon/ardupilot/PX4Firmware/Build/px4io-v2_default.build//home/ground/Documents/P2-Hackathon/ardupilot/PX4Firmware/src/drivers/stm32/module.pre.o
                0x080017f4                up_pwm_servo_get_rate_group
 .text.up_pwm_servo_arm
                0x08001820       0x28 /home/ground/Documents/P2-Hackathon/ardupilot/PX4Firmware/Build/px4io-v2_default.build//home/ground/Documents/P2-Hackathon/ardupilot/PX4Firmware/src/drivers/stm32/module.pre.o
                0x08001820                up_pwm_servo_arm
 .text.adc_init
                0x08001848       0xa4 /home/ground/Documents/P2-Hackathon/ardupilot/PX4Firmware/Build/px4io-v2_default.build//home/ground/Documents/P2-Hackathon/ardupilot/PX4Firmware/src/modules/px4iofirmware/module.pre.o
 .text.adc_measure
                0x080018ec       0x80 /home/ground/Documents/P2-Hackathon/ardupilot/PX4Firmware/Build/px4io-v2_default.build//home/ground/Documents/P2-Hackathon/ardupilot/PX4Firmware/src/modules/px4iofirmware/module.pre.o
 .text.controls_init
                0x0800196c       0xa8 /home/ground/Documents/P2-Hackathon/ardupilot/PX4Firmware/Build/px4io-v2_default.build//home/ground/Documents/P2-Hackathon/ardupilot/PX4Firmware/src/modules/px4iofirmware/module.pre.o
 .text.controls_tick
                0x08001a14      0x6a0 /home/ground/Documents/P2-Hackathon/ardupilot/PX4Firmware/Build/px4io-v2_default.build//home/ground/Documents/P2-Hackathon/ardupilot/PX4Firmware/src/modules/px4iofirmware/module.pre.o
 .text.dsm_guess_format
                0x080020b4      0x26c /home/ground/Documents/P2-Hackathon/ardupilot/PX4Firmware/Build/px4io-v2_default.build//home/ground/Documents/P2-Hackathon/ardupilot/PX4Firmware/src/modules/px4iofirmware/module.pre.o
 .text.dsm_init
                0x08002320       0x78 /home/ground/Documents/P2-Hackathon/ardupilot/PX4Firmware/Build/px4io-v2_default.build//home/ground/Documents/P2-Hackathon/ardupilot/PX4Firmware/src/modules/px4iofirmware/module.pre.o
 .text.dsm_bind
                0x08002398       0x8c /home/ground/Documents/P2-Hackathon/ardupilot/PX4Firmware/Build/px4io-v2_default.build//home/ground/Documents/P2-Hackathon/ardupilot/PX4Firmware/src/modules/px4iofirmware/module.pre.o
 .text.dsm_input
                0x08002424      0x230 /home/ground/Documents/P2-Hackathon/ardupilot/PX4Firmware/Build/px4io-v2_default.build//home/ground/Documents/P2-Hackathon/ardupilot/PX4Firmware/src/modules/px4iofirmware/module.pre.o
 .text.isr_debug.constprop.0
                0x08002654       0x64 /home/ground/Documents/P2-Hackathon/ardupilot/PX4Firmware/Build/px4io-v2_default.build//home/ground/Documents/P2-Hackathon/ardupilot/PX4Firmware/src/modules/px4iofirmware/module.pre.o
 .text.isr_debug
                0x080026b8       0x64 /home/ground/Documents/P2-Hackathon/ardupilot/PX4Firmware/Build/px4io-v2_default.build//home/ground/Documents/P2-Hackathon/ardupilot/PX4Firmware/src/modules/px4iofirmware/module.pre.o
 .text.schedule_reboot
                0x0800271c       0x1c /home/ground/Documents/P2-Hackathon/ardupilot/PX4Firmware/Build/px4io-v2_default.build//home/ground/Documents/P2-Hackathon/ardupilot/PX4Firmware/src/modules/px4iofirmware/module.pre.o
 .text.user_start
                0x08002738      0x3a0 /home/ground/Documents/P2-Hackathon/ardupilot/PX4Firmware/Build/px4io-v2_default.build//home/ground/Documents/P2-Hackathon/ardupilot/PX4Firmware/src/modules/px4iofirmware/module.pre.o
                0x08002738                user_start
 .text.pwm_configure_rates
                0x08002ad8       0x8c /home/ground/Documents/P2-Hackathon/ardupilot/PX4Firmware/Build/px4io-v2_default.build//home/ground/Documents/P2-Hackathon/ardupilot/PX4Firmware/src/modules/px4iofirmware/module.pre.o
 .text.registers_set
                0x08002b64      0xad0 /home/ground/Documents/P2-Hackathon/ardupilot/PX4Firmware/Build/px4io-v2_default.build//home/ground/Documents/P2-Hackathon/ardupilot/PX4Firmware/src/modules/px4iofirmware/module.pre.o
 .text.registers_get
                0x08003634      0x288 /home/ground/Documents/P2-Hackathon/ardupilot/PX4Firmware/Build/px4io-v2_default.build//home/ground/Documents/P2-Hackathon/ardupilot/PX4Firmware/src/modules/px4iofirmware/module.pre.o
 .text.safety_check_button
                0x080038bc       0xe8 /home/ground/Documents/P2-Hackathon/ardupilot/PX4Firmware/Build/px4io-v2_default.build//home/ground/Documents/P2-Hackathon/ardupilot/PX4Firmware/src/modules/px4iofirmware/module.pre.o
 .text.failsafe_blink
                0x080039a4       0x48 /home/ground/Documents/P2-Hackathon/ardupilot/PX4Firmware/Build/px4io-v2_default.build//home/ground/Documents/P2-Hackathon/ardupilot/PX4Firmware/src/modules/px4iofirmware/module.pre.o
 .text.safety_init
                0x080039ec       0x34 /home/ground/Documents/P2-Hackathon/ardupilot/PX4Firmware/Build/px4io-v2_default.build//home/ground/Documents/P2-Hackathon/ardupilot/PX4Firmware/src/modules/px4iofirmware/module.pre.o
 .text.failsafe_led_init
                0x08003a20       0x34 /home/ground/Documents/P2-Hackathon/ardupilot/PX4Firmware/Build/px4io-v2_default.build//home/ground/Documents/P2-Hackathon/ardupilot/PX4Firmware/src/modules/px4iofirmware/module.pre.o
 .text.sbus_init
                0x08003a54       0x80 /home/ground/Documents/P2-Hackathon/ardupilot/PX4Firmware/Build/px4io-v2_default.build//home/ground/Documents/P2-Hackathon/ardupilot/PX4Firmware/src/modules/px4iofirmware/module.pre.o
 .text.sbus1_output
                0x08003ad4      0x148 /home/ground/Documents/P2-Hackathon/ardupilot/PX4Firmware/Build/px4io-v2_default.build//home/ground/Documents/P2-Hackathon/ardupilot/PX4Firmware/src/modules/px4iofirmware/module.pre.o
 .text.sbus2_output
                0x08003c1c       0x20 /home/ground/Documents/P2-Hackathon/ardupilot/PX4Firmware/Build/px4io-v2_default.build//home/ground/Documents/P2-Hackathon/ardupilot/PX4Firmware/src/modules/px4iofirmware/module.pre.o
 .text.sbus_input
                0x08003c3c      0x1cc /home/ground/Documents/P2-Hackathon/ardupilot/PX4Firmware/Build/px4io-v2_default.build//home/ground/Documents/P2-Hackathon/ardupilot/PX4Firmware/src/modules/px4iofirmware/module.pre.o
 .text.up_cxxinitialize
                0x08003e08       0x38 /home/ground/Documents/P2-Hackathon/ardupilot/PX4Firmware/Build/px4io-v2_default.build//home/ground/Documents/P2-Hackathon/ardupilot/PX4Firmware/src/modules/px4iofirmware/module.pre.o
                0x08003e08                up_cxxinitialize
 .text.perf_alloc
                0x08003e40       0x50 /home/ground/Documents/P2-Hackathon/ardupilot/PX4Firmware/Build/px4io-v2_default.build//home/ground/Documents/P2-Hackathon/ardupilot/PX4Firmware/src/modules/px4iofirmware/module.pre.o
                0x08003e40                perf_alloc
 .text.perf_count
                0x08003e90      0x100 /home/ground/Documents/P2-Hackathon/ardupilot/PX4Firmware/Build/px4io-v2_default.build//home/ground/Documents/P2-Hackathon/ardupilot/PX4Firmware/src/modules/px4iofirmware/module.pre.o
                0x08003e90                perf_count
 .text.perf_begin
                0x08003f90       0x18 /home/ground/Documents/P2-Hackathon/ardupilot/PX4Firmware/Build/px4io-v2_default.build//home/ground/Documents/P2-Hackathon/ardupilot/PX4Firmware/src/modules/px4iofirmware/module.pre.o
                0x08003f90                perf_begin
 .text.perf_end
                0x08003fa8       0xe0 /home/ground/Documents/P2-Hackathon/ardupilot/PX4Firmware/Build/px4io-v2_default.build//home/ground/Documents/P2-Hackathon/ardupilot/PX4Firmware/src/modules/px4iofirmware/module.pre.o
                0x08003fa8                perf_end
 .text._ZL14mixer_callbackjhhRf
                0x08004088       0xac /home/ground/Documents/P2-Hackathon/ardupilot/PX4Firmware/Build/px4io-v2_default.build//home/ground/Documents/P2-Hackathon/ardupilot/PX4Firmware/src/modules/px4iofirmware/module.pre.o
 .text.startup._GLOBAL__sub_I_mixer_tick
                0x08004134       0x2c /home/ground/Documents/P2-Hackathon/ardupilot/PX4Firmware/Build/px4io-v2_default.build//home/ground/Documents/P2-Hackathon/ardupilot/PX4Firmware/src/modules/px4iofirmware/module.pre.o
 .text.mixer_tick
                0x08004160      0x50c /home/ground/Documents/P2-Hackathon/ardupilot/PX4Firmware/Build/px4io-v2_default.build//home/ground/Documents/P2-Hackathon/ardupilot/PX4Firmware/src/modules/px4iofirmware/module.pre.o
 .text.mixer_handle_text
                0x0800466c      0x248 /home/ground/Documents/P2-Hackathon/ardupilot/PX4Firmware/Build/px4io-v2_default.build//home/ground/Documents/P2-Hackathon/ardupilot/PX4Firmware/src/modules/px4iofirmware/module.pre.o
 .text._ZN9NullMixerD2Ev
                0x080048b4        0x4 /home/ground/Documents/P2-Hackathon/ardupilot/PX4Firmware/Build/px4io-v2_default.build//home/ground/Documents/P2-Hackathon/ardupilot/PX4Firmware/src/modules/px4iofirmware/module.pre.o
                0x080048b4                NullMixer::~NullMixer()
                0x080048b4                NullMixer::~NullMixer()
 .text._ZN9NullMixer3mixEPfj
                0x080048b8       0x10 /home/ground/Documents/P2-Hackathon/ardupilot/PX4Firmware/Build/px4io-v2_default.build//home/ground/Documents/P2-Hackathon/ardupilot/PX4Firmware/src/modules/px4iofirmware/module.pre.o
                0x080048b8                NullMixer::mix(float*, unsigned int)
 .text._ZN9NullMixer15groups_requiredERj
                0x080048c8        0x4 /home/ground/Documents/P2-Hackathon/ardupilot/PX4Firmware/Build/px4io-v2_default.build//home/ground/Documents/P2-Hackathon/ardupilot/PX4Firmware/src/modules/px4iofirmware/module.pre.o
                0x080048c8                NullMixer::groups_required(unsigned int&)
 .text._ZN9NullMixerD0Ev
                0x080048cc        0xc /home/ground/Documents/P2-Hackathon/ardupilot/PX4Firmware/Build/px4io-v2_default.build//home/ground/Documents/P2-Hackathon/ardupilot/PX4Firmware/src/modules/px4iofirmware/module.pre.o
                0x080048cc                NullMixer::~NullMixer()
 .text._ZN5MixerC2EPFijhhRfEj
                0x080048d8       0x18 /home/ground/Documents/P2-Hackathon/ardupilot/PX4Firmware/Build/px4io-v2_default.build//home/ground/Documents/P2-Hackathon/ardupilot/PX4Firmware/src/modules/px4iofirmware/module.pre.o
                0x080048d8                Mixer::Mixer(int (*)(unsigned int, unsigned char, unsigned char, float&), unsigned int)
                0x080048d8                Mixer::Mixer(int (*)(unsigned int, unsigned char, unsigned char, float&), unsigned int)
 .text._ZN5Mixer11get_controlEhh
                0x080048f0       0x14 /home/ground/Documents/P2-Hackathon/ardupilot/PX4Firmware/Build/px4io-v2_default.build//home/ground/Documents/P2-Hackathon/ardupilot/PX4Firmware/src/modules/px4iofirmware/module.pre.o
                0x080048f0                Mixer::get_control(unsigned char, unsigned char)
 .text._ZN5Mixer5scaleERK14mixer_scaler_sf
                0x08004904       0x54 /home/ground/Documents/P2-Hackathon/ardupilot/PX4Firmware/Build/px4io-v2_default.build//home/ground/Documents/P2-Hackathon/ardupilot/PX4Firmware/src/modules/px4iofirmware/module.pre.o
                0x08004904                Mixer::scale(mixer_scaler_s const&, float)
 .text._ZN5Mixer7findtagEPKcRjc
                0x08004958       0x34 /home/ground/Documents/P2-Hackathon/ardupilot/PX4Firmware/Build/px4io-v2_default.build//home/ground/Documents/P2-Hackathon/ardupilot/PX4Firmware/src/modules/px4iofirmware/module.pre.o
                0x08004958                Mixer::findtag(char const*, unsigned int&, char)
 .text._ZN5Mixer8skiplineEPKcRj
                0x0800498c       0x30 /home/ground/Documents/P2-Hackathon/ardupilot/PX4Firmware/Build/px4io-v2_default.build//home/ground/Documents/P2-Hackathon/ardupilot/PX4Firmware/src/modules/px4iofirmware/module.pre.o
                0x0800498c                Mixer::skipline(char const*, unsigned int&)
 .text._ZN9NullMixer9from_textEPKcRj
                0x080049bc       0x60 /home/ground/Documents/P2-Hackathon/ardupilot/PX4Firmware/Build/px4io-v2_default.build//home/ground/Documents/P2-Hackathon/ardupilot/PX4Firmware/src/modules/px4iofirmware/module.pre.o
                0x080049bc                NullMixer::from_text(char const*, unsigned int&)
 .text._ZN10MixerGroupD2Ev
                0x08004a1c       0x28 /home/ground/Documents/P2-Hackathon/ardupilot/PX4Firmware/Build/px4io-v2_default.build//home/ground/Documents/P2-Hackathon/ardupilot/PX4Firmware/src/modules/px4iofirmware/module.pre.o
                0x08004a1c                MixerGroup::~MixerGroup()
                0x08004a1c                MixerGroup::~MixerGroup()
 .text._ZN10MixerGroup3mixEPfj
                0x08004a44       0x38 /home/ground/Documents/P2-Hackathon/ardupilot/PX4Firmware/Build/px4io-v2_default.build//home/ground/Documents/P2-Hackathon/ardupilot/PX4Firmware/src/modules/px4iofirmware/module.pre.o
                0x08004a44                MixerGroup::mix(float*, unsigned int)
 .text._ZN10MixerGroup15groups_requiredERj
                0x08004a7c       0x1c /home/ground/Documents/P2-Hackathon/ardupilot/PX4Firmware/Build/px4io-v2_default.build//home/ground/Documents/P2-Hackathon/ardupilot/PX4Firmware/src/modules/px4iofirmware/module.pre.o
                0x08004a7c                MixerGroup::groups_required(unsigned int&)
 .text._ZN10MixerGroupD0Ev
                0x08004a98       0x2c /home/ground/Documents/P2-Hackathon/ardupilot/PX4Firmware/Build/px4io-v2_default.build//home/ground/Documents/P2-Hackathon/ardupilot/PX4Firmware/src/modules/px4iofirmware/module.pre.o
                0x08004a98                MixerGroup::~MixerGroup()
 .text._ZN10MixerGroupC2EPFijhhRfEj
                0x08004ac4       0x18 /home/ground/Documents/P2-Hackathon/ardupilot/PX4Firmware/Build/px4io-v2_default.build//home/ground/Documents/P2-Hackathon/ardupilot/PX4Firmware/src/modules/px4iofirmware/module.pre.o
                0x08004ac4                MixerGroup::MixerGroup(int (*)(unsigned int, unsigned char, unsigned char, float&), unsigned int)
                0x08004ac4                MixerGroup::MixerGroup(int (*)(unsigned int, unsigned char, unsigned char, float&), unsigned int)
 .text._ZN10MixerGroup5resetEv
                0x08004adc       0x1c /home/ground/Documents/P2-Hackathon/ardupilot/PX4Firmware/Build/px4io-v2_default.build//home/ground/Documents/P2-Hackathon/ardupilot/PX4Firmware/src/modules/px4iofirmware/module.pre.o
                0x08004adc                MixerGroup::reset()
 .text._ZN10MixerGroup13load_from_bufEPKcRj
                0x08004af8       0x90 /home/ground/Documents/P2-Hackathon/ardupilot/PX4Firmware/Build/px4io-v2_default.build//home/ground/Documents/P2-Hackathon/ardupilot/PX4Firmware/src/modules/px4iofirmware/module.pre.o
                0x08004af8                MixerGroup::load_from_buf(char const*, unsigned int&)
 .text._ZN15MultirotorMixerD2Ev
                0x08004b88        0x4 /home/ground/Documents/P2-Hackathon/ardupilot/PX4Firmware/Build/px4io-v2_default.build//home/ground/Documents/P2-Hackathon/ardupilot/PX4Firmware/src/modules/px4iofirmware/module.pre.o
                0x08004b88                MultirotorMixer::~MultirotorMixer()
                0x08004b88                MultirotorMixer::~MultirotorMixer()
 .text._ZN15MultirotorMixer15groups_requiredERj
                0x08004b8c        0xc /home/ground/Documents/P2-Hackathon/ardupilot/PX4Firmware/Build/px4io-v2_default.build//home/ground/Documents/P2-Hackathon/ardupilot/PX4Firmware/src/modules/px4iofirmware/module.pre.o
                0x08004b8c                MultirotorMixer::groups_required(unsigned int&)
 .text._ZN15MultirotorMixerD0Ev
                0x08004b98        0xc /home/ground/Documents/P2-Hackathon/ardupilot/PX4Firmware/Build/px4io-v2_default.build//home/ground/Documents/P2-Hackathon/ardupilot/PX4Firmware/src/modules/px4iofirmware/module.pre.o
                0x08004b98                MultirotorMixer::~MultirotorMixer()
 .text._ZN15MultirotorMixer3mixEPfj
                0x08004ba4      0x380 /home/ground/Documents/P2-Hackathon/ardupilot/PX4Firmware/Build/px4io-v2_default.build//home/ground/Documents/P2-Hackathon/ardupilot/PX4Firmware/src/modules/px4iofirmware/module.pre.o
                0x08004ba4                MultirotorMixer::mix(float*, unsigned int)
 .text._ZN15MultirotorMixer9from_textEPFijhhRfEjPKcRj
                0x08004f24      0x220 /home/ground/Documents/P2-Hackathon/ardupilot/PX4Firmware/Build/px4io-v2_default.build//home/ground/Documents/P2-Hackathon/ardupilot/PX4Firmware/src/modules/px4iofirmware/module.pre.o
                0x08004f24                MultirotorMixer::from_text(int (*)(unsigned int, unsigned char, unsigned char, float&), unsigned int, char const*, unsigned int&)
 .text._ZN11SimpleMixer15groups_requiredERj
                0x08005144       0x30 /home/ground/Documents/P2-Hackathon/ardupilot/PX4Firmware/Build/px4io-v2_default.build//home/ground/Documents/P2-Hackathon/ardupilot/PX4Firmware/src/modules/px4iofirmware/module.pre.o
                0x08005144                SimpleMixer::groups_required(unsigned int&)
 .text._ZN11SimpleMixerD2Ev
                0x08005174       0x18 /home/ground/Documents/P2-Hackathon/ardupilot/PX4Firmware/Build/px4io-v2_default.build//home/ground/Documents/P2-Hackathon/ardupilot/PX4Firmware/src/modules/px4iofirmware/module.pre.o
                0x08005174                SimpleMixer::~SimpleMixer()
                0x08005174                SimpleMixer::~SimpleMixer()
 .text._ZN11SimpleMixerD0Ev
                0x0800518c       0x20 /home/ground/Documents/P2-Hackathon/ardupilot/PX4Firmware/Build/px4io-v2_default.build//home/ground/Documents/P2-Hackathon/ardupilot/PX4Firmware/src/modules/px4iofirmware/module.pre.o
                0x0800518c                SimpleMixer::~SimpleMixer()
 .text._ZN11SimpleMixer3mixEPfj
                0x080051ac       0x78 /home/ground/Documents/P2-Hackathon/ardupilot/PX4Firmware/Build/px4io-v2_default.build//home/ground/Documents/P2-Hackathon/ardupilot/PX4Firmware/src/modules/px4iofirmware/module.pre.o
                0x080051ac                SimpleMixer::mix(float*, unsigned int)
 .text._ZN11SimpleMixer19parse_output_scalerEPKcRjR14mixer_scaler_s
                0x08005224       0xa8 /home/ground/Documents/P2-Hackathon/ardupilot/PX4Firmware/Build/px4io-v2_default.build//home/ground/Documents/P2-Hackathon/ardupilot/PX4Firmware/src/modules/px4iofirmware/module.pre.o
                0x08005224                SimpleMixer::parse_output_scaler(char const*, unsigned int&, mixer_scaler_s&)
 .text._ZN11SimpleMixer9from_textEPFijhhRfEjPKcRj
                0x080052cc      0x154 /home/ground/Documents/P2-Hackathon/ardupilot/PX4Firmware/Build/px4io-v2_default.build//home/ground/Documents/P2-Hackathon/ardupilot/PX4Firmware/src/modules/px4iofirmware/module.pre.o
                0x080052cc                SimpleMixer::from_text(int (*)(unsigned int, unsigned char, unsigned char, float&), unsigned int, char const*, unsigned int&)
 .text.pwm_limit_init
                0x08005420       0x10 /home/ground/Documents/P2-Hackathon/ardupilot/PX4Firmware/Build/px4io-v2_default.build//home/ground/Documents/P2-Hackathon/ardupilot/PX4Firmware/src/modules/px4iofirmware/module.pre.o
                0x08005420                pwm_limit_init
 .text.pwm_limit_calc
                0x08005430      0x2b4 /home/ground/Documents/P2-Hackathon/ardupilot/PX4Firmware/Build/px4io-v2_default.build//home/ground/Documents/P2-Hackathon/ardupilot/PX4Firmware/src/modules/px4iofirmware/module.pre.o
                0x08005430                pwm_limit_calc
 .text.st24_decode
                0x080056e4      0x324 /home/ground/Documents/P2-Hackathon/ardupilot/PX4Firmware/Build/px4io-v2_default.build//home/ground/Documents/P2-Hackathon/ardupilot/PX4Firmware/src/modules/px4iofirmware/module.pre.o
                0x080056e4                st24_decode
 .text.rx_dma_callback
                0x08005a08      0x1b8 /home/ground/Documents/P2-Hackathon/ardupilot/PX4Firmware/Build/px4io-v2_default.build//home/ground/Documents/P2-Hackathon/ardupilot/PX4Firmware/src/modules/px4iofirmware/module.pre.o
 .text.serial_interrupt
                0x08005bc0      0x184 /home/ground/Documents/P2-Hackathon/ardupilot/PX4Firmware/Build/px4io-v2_default.build//home/ground/Documents/P2-Hackathon/ardupilot/PX4Firmware/src/modules/px4iofirmware/module.pre.o
 .text.interface_init
                0x08005d44      0x198 /home/ground/Documents/P2-Hackathon/ardupilot/PX4Firmware/Build/px4io-v2_default.build//home/ground/Documents/P2-Hackathon/ardupilot/PX4Firmware/src/modules/px4iofirmware/module.pre.o
 .text.irq_attach
                0x08005edc       0x38 /home/ground/Documents/P2-Hackathon/ardupilot/PX4Firmware/Build/px4io-v2_default.build/nuttx-export/libs/libnuttx.a(sched-irq_attach.o)
                0x08005edc                irq_attach
 .text.irq_initialize
                0x08005f14       0x1c /home/ground/Documents/P2-Hackathon/ardupilot/PX4Firmware/Build/px4io-v2_default.build/nuttx-export/libs/libnuttx.a(sched-irq_initialize.o)
                0x08005f14                irq_initialize
 .text.irq_unexpected_isr
                0x08005f30       0x14 /home/ground/Documents/P2-Hackathon/ardupilot/PX4Firmware/Build/px4io-v2_default.build/nuttx-export/libs/libnuttx.a(sched-irq_unexpectedisr.o)
                0x08005f30                irq_unexpected_isr
 .text.abort    0x08005f44        0x8 /home/ground/Documents/P2-Hackathon/ardupilot/PX4Firmware/Build/px4io-v2_default.build/nuttx-export/libs/libnuttx.a(c-lib_abort.o)
                0x08005f44                abort
 .text.cfsetspeed
                0x08005f4c        0x6 /home/ground/Documents/P2-Hackathon/ardupilot/PX4Firmware/Build/px4io-v2_default.build/nuttx-export/libs/libnuttx.a(c-lib_cfsetspeed.o)
                0x08005f4c                cfsetspeed
 *fill*         0x08005f52        0x2 
 .text.crc32part
                0x08005f54       0x24 /home/ground/Documents/P2-Hackathon/ardupilot/PX4Firmware/Build/px4io-v2_default.build/nuttx-export/libs/libnuttx.a(c-lib_crc32.o)
                0x08005f54                crc32part
 .text.lowvsyslog
                0x08005f78       0x1a /home/ground/Documents/P2-Hackathon/ardupilot/PX4Firmware/Build/px4io-v2_default.build/nuttx-export/libs/libnuttx.a(c-lib_lowsyslog.o)
                0x08005f78                lowvsyslog
 .text.lowsyslog
                0x08005f92       0x1a /home/ground/Documents/P2-Hackathon/ardupilot/PX4Firmware/Build/px4io-v2_default.build/nuttx-export/libs/libnuttx.a(c-lib_lowsyslog.o)
                0x08005f92                lowsyslog
 .text.memchr   0x08005fac       0x1e /home/ground/Documents/P2-Hackathon/ardupilot/PX4Firmware/Build/px4io-v2_default.build/nuttx-export/libs/libnuttx.a(c-lib_memchr.o)
                0x08005fac                memchr
 .text.memcpy   0x08005fca       0x16 /home/ground/Documents/P2-Hackathon/ardupilot/PX4Firmware/Build/px4io-v2_default.build/nuttx-export/libs/libnuttx.a(c-lib_memcpy.o)
                0x08005fca                memcpy
 .text.memset   0x08005fe0       0x10 /home/ground/Documents/P2-Hackathon/ardupilot/PX4Firmware/Build/px4io-v2_default.build/nuttx-export/libs/libnuttx.a(c-lib_memset.o)
                0x08005fe0                memset
 .text.findwidth
                0x08005ff0       0x34 /home/ground/Documents/P2-Hackathon/ardupilot/PX4Firmware/Build/px4io-v2_default.build/nuttx-export/libs/libnuttx.a(c-lib_sscanf.o)
 .text.vsscanf  0x08006024      0x314 /home/ground/Documents/P2-Hackathon/ardupilot/PX4Firmware/Build/px4io-v2_default.build/nuttx-export/libs/libnuttx.a(c-lib_sscanf.o)
                0x08006024                vsscanf
 .text.sscanf   0x08006338       0x1a /home/ground/Documents/P2-Hackathon/ardupilot/PX4Firmware/Build/px4io-v2_default.build/nuttx-export/libs/libnuttx.a(c-lib_sscanf.o)
                0x08006338                sscanf
 .text.strchr   0x08006352       0x16 /home/ground/Documents/P2-Hackathon/ardupilot/PX4Firmware/Build/px4io-v2_default.build/nuttx-export/libs/libnuttx.a(c-lib_strchr.o)
                0x08006352                strchr
 .text.strcmp   0x08006368       0x1a /home/ground/Documents/P2-Hackathon/ardupilot/PX4Firmware/Build/px4io-v2_default.build/nuttx-export/libs/libnuttx.a(c-lib_strcmp.o)
                0x08006368                strcmp
 .text.strcspn  0x08006382       0x1e /home/ground/Documents/P2-Hackathon/ardupilot/PX4Firmware/Build/px4io-v2_default.build/nuttx-export/libs/libnuttx.a(c-lib_strcspn.o)
                0x08006382                strcspn
 .text.strncpy  0x080063a0       0x24 /home/ground/Documents/P2-Hackathon/ardupilot/PX4Firmware/Build/px4io-v2_default.build/nuttx-export/libs/libnuttx.a(c-lib_strncpy.o)
                0x080063a0                strncpy
 .text.strtol   0x080063c4       0x3c /home/ground/Documents/P2-Hackathon/ardupilot/PX4Firmware/Build/px4io-v2_default.build/nuttx-export/libs/libnuttx.a(c-lib_strtol.o)
                0x080063c4                strtol
 .text.strtoul  0x08006400       0x48 /home/ground/Documents/P2-Hackathon/ardupilot/PX4Firmware/Build/px4io-v2_default.build/nuttx-export/libs/libnuttx.a(c-lib_strtoul.o)
                0x08006400                strtoul
 .text.tcgetattr
                0x08006448        0xa /home/ground/Documents/P2-Hackathon/ardupilot/PX4Firmware/Build/px4io-v2_default.build/nuttx-export/libs/libnuttx.a(c-lib_tcgetattr.o)
                0x08006448                tcgetattr
 .text.tcsetattr
                0x08006452       0x10 /home/ground/Documents/P2-Hackathon/ardupilot/PX4Firmware/Build/px4io-v2_default.build/nuttx-export/libs/libnuttx.a(c-lib_tcsetattr.o)
                0x08006452                tcsetattr
 .text.vsnprintf
                0x08006462       0x24 /home/ground/Documents/P2-Hackathon/ardupilot/PX4Firmware/Build/px4io-v2_default.build/nuttx-export/libs/libnuttx.a(c-lib_vsnprintf.o)
                0x08006462                vsnprintf
 .text.sq_addafter
                0x08006486       0x1c /home/ground/Documents/P2-Hackathon/ardupilot/PX4Firmware/Build/px4io-v2_default.build/nuttx-export/libs/libnuttx.a(c-sq_addafter.o)
                0x08006486                sq_addafter
 .text.sq_addfirst
                0x080064a2        0xe /home/ground/Documents/P2-Hackathon/ardupilot/PX4Firmware/Build/px4io-v2_default.build/nuttx-export/libs/libnuttx.a(c-sq_addfirst.o)
                0x080064a2                sq_addfirst
 .text.sq_addlast
                0x080064b0       0x14 /home/ground/Documents/P2-Hackathon/ardupilot/PX4Firmware/Build/px4io-v2_default.build/nuttx-export/libs/libnuttx.a(c-sq_addlast.o)
                0x080064b0                sq_addlast
 .text.sq_rem   0x080064c4       0x2c /home/ground/Documents/P2-Hackathon/ardupilot/PX4Firmware/Build/px4io-v2_default.build/nuttx-export/libs/libnuttx.a(c-sq_rem.o)
                0x080064c4                sq_rem
 .text.sq_remafter
                0x080064f0       0x22 /home/ground/Documents/P2-Hackathon/ardupilot/PX4Firmware/Build/px4io-v2_default.build/nuttx-export/libs/libnuttx.a(c-sq_remafter.o)
                0x080064f0                sq_remafter
 .text.calloc   0x08006512        0xe /home/ground/Documents/P2-Hackathon/ardupilot/PX4Firmware/Build/px4io-v2_default.build/nuttx-export/libs/libnuttx.a(mm-mm_calloc.o)
                0x08006512                calloc
 .text.free     0x08006520       0xa8 /home/ground/Documents/P2-Hackathon/ardupilot/PX4Firmware/Build/px4io-v2_default.build/nuttx-export/libs/libnuttx.a(mm-mm_free.o)
                0x08006520                free
 .text.mallinfo
                0x080065c8       0x5c /home/ground/Documents/P2-Hackathon/ardupilot/PX4Firmware/Build/px4io-v2_default.build/nuttx-export/libs/libnuttx.a(mm-mm_mallinfo.o)
                0x080065c8                mallinfo
 .text.malloc   0x08006624       0x94 /home/ground/Documents/P2-Hackathon/ardupilot/PX4Firmware/Build/px4io-v2_default.build/nuttx-export/libs/libnuttx.a(mm-mm_malloc.o)
                0x08006624                malloc
 .text.mm_seminitialize
                0x080066b8       0x18 /home/ground/Documents/P2-Hackathon/ardupilot/PX4Firmware/Build/px4io-v2_default.build/nuttx-export/libs/libnuttx.a(mm-mm_sem.o)
                0x080066b8                mm_seminitialize
 .text.mm_trysemaphore
                0x080066d0       0x32 /home/ground/Documents/P2-Hackathon/ardupilot/PX4Firmware/Build/px4io-v2_default.build/nuttx-export/libs/libnuttx.a(mm-mm_sem.o)
                0x080066d0                mm_trysemaphore
 *fill*         0x08006702        0x2 
 .text.mm_takesemaphore
                0x08006704       0x40 /home/ground/Documents/P2-Hackathon/ardupilot/PX4Firmware/Build/px4io-v2_default.build/nuttx-export/libs/libnuttx.a(mm-mm_sem.o)
                0x08006704                mm_takesemaphore
 .text.mm_givesemaphore
                0x08006744       0x2c /home/ground/Documents/P2-Hackathon/ardupilot/PX4Firmware/Build/px4io-v2_default.build/nuttx-export/libs/libnuttx.a(mm-mm_sem.o)
                0x08006744                mm_givesemaphore
 .text.mm_size2ndx
                0x08006770       0x1a /home/ground/Documents/P2-Hackathon/ardupilot/PX4Firmware/Build/px4io-v2_default.build/nuttx-export/libs/libnuttx.a(mm-mm_size2ndx.o)
                0x08006770                mm_size2ndx
 *fill*         0x0800678a        0x2 
 .text.umm_initialize
                0x0800678c       0x10 /home/ground/Documents/P2-Hackathon/ardupilot/PX4Firmware/Build/px4io-v2_default.build/nuttx-export/libs/libnuttx.a(mm-mm_user.o)
                0x0800678c                umm_initialize
 .text.umm_trysemaphore
                0x0800679c        0xc /home/ground/Documents/P2-Hackathon/ardupilot/PX4Firmware/Build/px4io-v2_default.build/nuttx-export/libs/libnuttx.a(mm-mm_user.o)
                0x0800679c                umm_trysemaphore
 .text.umm_givesemaphore
                0x080067a8        0xc /home/ground/Documents/P2-Hackathon/ardupilot/PX4Firmware/Build/px4io-v2_default.build/nuttx-export/libs/libnuttx.a(mm-mm_user.o)
                0x080067a8                umm_givesemaphore
 .text.zalloc   0x080067b4       0x18 /home/ground/Documents/P2-Hackathon/ardupilot/PX4Firmware/Build/px4io-v2_default.build/nuttx-export/libs/libnuttx.a(mm-mm_zalloc.o)
                0x080067b4                zalloc
 .text.stm32_dmachandisable
                0x080067cc       0x20 /home/ground/Documents/P2-Hackathon/ardupilot/PX4Firmware/Build/px4io-v2_default.build/nuttx-export/libs/libnuttx.a(arch-stm32_dma.o)
 .text.stm32_dmainterrupt
                0x080067ec       0x54 /home/ground/Documents/P2-Hackathon/ardupilot/PX4Firmware/Build/px4io-v2_default.build/nuttx-export/libs/libnuttx.a(arch-stm32_dma.o)
 .text.up_dmainitialize
                0x08006840       0x3c /home/ground/Documents/P2-Hackathon/ardupilot/PX4Firmware/Build/px4io-v2_default.build/nuttx-export/libs/libnuttx.a(arch-stm32_dma.o)
                0x08006840                up_dmainitialize
 .text.stm32_dmachannel
                0x0800687c       0x34 /home/ground/Documents/P2-Hackathon/ardupilot/PX4Firmware/Build/px4io-v2_default.build/nuttx-export/libs/libnuttx.a(arch-stm32_dma.o)
                0x0800687c                stm32_dmachannel
 .text.stm32_dmafree
                0x080068b0        0x6 /home/ground/Documents/P2-Hackathon/ardupilot/PX4Firmware/Build/px4io-v2_default.build/nuttx-export/libs/libnuttx.a(arch-stm32_dma.o)
                0x080068b0                stm32_dmafree
 .text.stm32_dmasetup
                0x080068b6       0x2a /home/ground/Documents/P2-Hackathon/ardupilot/PX4Firmware/Build/px4io-v2_default.build/nuttx-export/libs/libnuttx.a(arch-stm32_dma.o)
                0x080068b6                stm32_dmasetup
 .text.stm32_dmastart
                0x080068e0       0x28 /home/ground/Documents/P2-Hackathon/ardupilot/PX4Firmware/Build/px4io-v2_default.build/nuttx-export/libs/libnuttx.a(arch-stm32_dma.o)
                0x080068e0                stm32_dmastart
 .text.stm32_dmastop
                0x08006908        0x4 /home/ground/Documents/P2-Hackathon/ardupilot/PX4Firmware/Build/px4io-v2_default.build/nuttx-export/libs/libnuttx.a(arch-stm32_dma.o)
                0x08006908                stm32_dmastop
 .text.stm32_dmaresidual
                0x0800690c        0x6 /home/ground/Documents/P2-Hackathon/ardupilot/PX4Firmware/Build/px4io-v2_default.build/nuttx-export/libs/libnuttx.a(arch-stm32_dma.o)
                0x0800690c                stm32_dmaresidual
 *fill*         0x08006912        0x2 
 .text.stm32_gpioinit
                0x08006914       0x10 /home/ground/Documents/P2-Hackathon/ardupilot/PX4Firmware/Build/px4io-v2_default.build/nuttx-export/libs/libnuttx.a(arch-stm32_gpio.o)
                0x08006914                stm32_gpioinit
 .text.stm32_configgpio
                0x08006924       0xc4 /home/ground/Documents/P2-Hackathon/ardupilot/PX4Firmware/Build/px4io-v2_default.build/nuttx-export/libs/libnuttx.a(arch-stm32_gpio.o)
                0x08006924                stm32_configgpio
 .text.stm32_gpiowrite
                0x080069e8       0x28 /home/ground/Documents/P2-Hackathon/ardupilot/PX4Firmware/Build/px4io-v2_default.build/nuttx-export/libs/libnuttx.a(arch-stm32_gpio.o)
                0x080069e8                stm32_gpiowrite
 .text.stm32_gpioread
                0x08006a10       0x2c /home/ground/Documents/P2-Hackathon/ardupilot/PX4Firmware/Build/px4io-v2_default.build/nuttx-export/libs/libnuttx.a(arch-stm32_gpio.o)
                0x08006a10                stm32_gpioread
 .text.stm32_irqinfo
                0x08006a3c       0x68 /home/ground/Documents/P2-Hackathon/ardupilot/PX4Firmware/Build/px4io-v2_default.build/nuttx-export/libs/libnuttx.a(arch-stm32_irq.o)
 .text.up_irqinitialize
                0x08006aa4       0x68 /home/ground/Documents/P2-Hackathon/ardupilot/PX4Firmware/Build/px4io-v2_default.build/nuttx-export/libs/libnuttx.a(arch-stm32_irq.o)
                0x08006aa4                up_irqinitialize
 .text.up_disable_irq
                0x08006b0c       0x1e /home/ground/Documents/P2-Hackathon/ardupilot/PX4Firmware/Build/px4io-v2_default.build/nuttx-export/libs/libnuttx.a(arch-stm32_irq.o)
                0x08006b0c                up_disable_irq
 .text.up_enable_irq
                0x08006b2a       0x1c /home/ground/Documents/P2-Hackathon/ardupilot/PX4Firmware/Build/px4io-v2_default.build/nuttx-export/libs/libnuttx.a(arch-stm32_irq.o)
                0x08006b2a                up_enable_irq
 .text.up_maskack_irq
                0x08006b46        0x4 /home/ground/Documents/P2-Hackathon/ardupilot/PX4Firmware/Build/px4io-v2_default.build/nuttx-export/libs/libnuttx.a(arch-stm32_irq.o)
                0x08006b46                up_maskack_irq
 .text.up_restoreusartint
                0x08006b4a       0x26 /home/ground/Documents/P2-Hackathon/ardupilot/PX4Firmware/Build/px4io-v2_default.build/nuttx-export/libs/libnuttx.a(arch-stm32_serial.o)
 .text.up_set_format
                0x08006b70       0x72 /home/ground/Documents/P2-Hackathon/ardupilot/PX4Firmware/Build/px4io-v2_default.build/nuttx-export/libs/libnuttx.a(arch-stm32_serial.o)
 .text.up_receive
                0x08006be2       0x16 /home/ground/Documents/P2-Hackathon/ardupilot/PX4Firmware/Build/px4io-v2_default.build/nuttx-export/libs/libnuttx.a(arch-stm32_serial.o)
 .text.up_rxint
                0x08006bf8       0x2c /home/ground/Documents/P2-Hackathon/ardupilot/PX4Firmware/Build/px4io-v2_default.build/nuttx-export/libs/libnuttx.a(arch-stm32_serial.o)
 .text.up_rxavailable
                0x08006c24        0xc /home/ground/Documents/P2-Hackathon/ardupilot/PX4Firmware/Build/px4io-v2_default.build/nuttx-export/libs/libnuttx.a(arch-stm32_serial.o)
 .text.up_dma_rxint
                0x08006c30        0x8 /home/ground/Documents/P2-Hackathon/ardupilot/PX4Firmware/Build/px4io-v2_default.build/nuttx-export/libs/libnuttx.a(arch-stm32_serial.o)
 .text.up_send  0x08006c38        0x8 /home/ground/Documents/P2-Hackathon/ardupilot/PX4Firmware/Build/px4io-v2_default.build/nuttx-export/libs/libnuttx.a(arch-stm32_serial.o)
 .text.up_txready
                0x08006c40        0xc /home/ground/Documents/P2-Hackathon/ardupilot/PX4Firmware/Build/px4io-v2_default.build/nuttx-export/libs/libnuttx.a(arch-stm32_serial.o)
 .text.up_txint
                0x08006c4c       0x38 /home/ground/Documents/P2-Hackathon/ardupilot/PX4Firmware/Build/px4io-v2_default.build/nuttx-export/libs/libnuttx.a(arch-stm32_serial.o)
 .text.up_interrupt_common
                0x08006c84       0x4e /home/ground/Documents/P2-Hackathon/ardupilot/PX4Firmware/Build/px4io-v2_default.build/nuttx-export/libs/libnuttx.a(arch-stm32_serial.o)
 *fill*         0x08006cd2        0x2 
 .text.up_interrupt_usart3
                0x08006cd4        0xc /home/ground/Documents/P2-Hackathon/ardupilot/PX4Firmware/Build/px4io-v2_default.build/nuttx-export/libs/libnuttx.a(arch-stm32_serial.o)
 .text.up_interrupt_usart2
                0x08006ce0        0xc /home/ground/Documents/P2-Hackathon/ardupilot/PX4Firmware/Build/px4io-v2_default.build/nuttx-export/libs/libnuttx.a(arch-stm32_serial.o)
 .text.up_interrupt_usart1
                0x08006cec        0xc /home/ground/Documents/P2-Hackathon/ardupilot/PX4Firmware/Build/px4io-v2_default.build/nuttx-export/libs/libnuttx.a(arch-stm32_serial.o)
 .text.up_dma_receive
                0x08006cf8       0x28 /home/ground/Documents/P2-Hackathon/ardupilot/PX4Firmware/Build/px4io-v2_default.build/nuttx-export/libs/libnuttx.a(arch-stm32_serial.o)
 .text.up_ioctl
                0x08006d20       0xa0 /home/ground/Documents/P2-Hackathon/ardupilot/PX4Firmware/Build/px4io-v2_default.build/nuttx-export/libs/libnuttx.a(arch-stm32_serial.o)
 .text.up_detach
                0x08006dc0       0x1a /home/ground/Documents/P2-Hackathon/ardupilot/PX4Firmware/Build/px4io-v2_default.build/nuttx-export/libs/libnuttx.a(arch-stm32_serial.o)
 .text.up_attach
                0x08006dda       0x1e /home/ground/Documents/P2-Hackathon/ardupilot/PX4Firmware/Build/px4io-v2_default.build/nuttx-export/libs/libnuttx.a(arch-stm32_serial.o)
 .text.up_setup
                0x08006df8       0x58 /home/ground/Documents/P2-Hackathon/ardupilot/PX4Firmware/Build/px4io-v2_default.build/nuttx-export/libs/libnuttx.a(arch-stm32_serial.o)
 .text.up_dma_setup
                0x08006e50       0x50 /home/ground/Documents/P2-Hackathon/ardupilot/PX4Firmware/Build/px4io-v2_default.build/nuttx-export/libs/libnuttx.a(arch-stm32_serial.o)
 .text.up_shutdown
                0x08006ea0       0x1c /home/ground/Documents/P2-Hackathon/ardupilot/PX4Firmware/Build/px4io-v2_default.build/nuttx-export/libs/libnuttx.a(arch-stm32_serial.o)
 .text.up_dma_shutdown
                0x08006ebc       0x1a /home/ground/Documents/P2-Hackathon/ardupilot/PX4Firmware/Build/px4io-v2_default.build/nuttx-export/libs/libnuttx.a(arch-stm32_serial.o)
 .text.up_dma_rxavailable
                0x08006ed6       0x18 /home/ground/Documents/P2-Hackathon/ardupilot/PX4Firmware/Build/px4io-v2_default.build/nuttx-export/libs/libnuttx.a(arch-stm32_serial.o)
 .text.up_dma_rxcallback
                0x08006eee       0x1e /home/ground/Documents/P2-Hackathon/ardupilot/PX4Firmware/Build/px4io-v2_default.build/nuttx-export/libs/libnuttx.a(arch-stm32_serial.o)
 .text.up_earlyserialinit
                0x08006f0c       0x34 /home/ground/Documents/P2-Hackathon/ardupilot/PX4Firmware/Build/px4io-v2_default.build/nuttx-export/libs/libnuttx.a(arch-stm32_serial.o)
                0x08006f0c                up_earlyserialinit
 .text.up_serialinit
                0x08006f40       0x60 /home/ground/Documents/P2-Hackathon/ardupilot/PX4Firmware/Build/px4io-v2_default.build/nuttx-export/libs/libnuttx.a(arch-stm32_serial.o)
                0x08006f40                up_serialinit
 .text.stm32_serial_dma_poll
                0x08006fa0       0x34 /home/ground/Documents/P2-Hackathon/ardupilot/PX4Firmware/Build/px4io-v2_default.build/nuttx-export/libs/libnuttx.a(arch-stm32_serial.o)
                0x08006fa0                stm32_serial_dma_poll
 .text.up_putc  0x08006fd4       0x3c /home/ground/Documents/P2-Hackathon/ardupilot/PX4Firmware/Build/px4io-v2_default.build/nuttx-export/libs/libnuttx.a(arch-stm32_serial.o)
                0x08006fd4                up_putc
 .text.__start  0x08007010       0x54 /home/ground/Documents/P2-Hackathon/ardupilot/PX4Firmware/Build/px4io-v2_default.build/nuttx-export/libs/libnuttx.a(arch-stm32_start.o)
                0x08007010                __start
 .text.up_assert
                0x08007064      0x144 /home/ground/Documents/P2-Hackathon/ardupilot/PX4Firmware/Build/px4io-v2_default.build/nuttx-export/libs/libnuttx.a(arch-up_assert.o)
                0x08007064                up_assert
 .text.up_hardfault
                0x080071a8       0x40 /home/ground/Documents/P2-Hackathon/ardupilot/PX4Firmware/Build/px4io-v2_default.build/nuttx-export/libs/libnuttx.a(arch-up_hardfault.o)
                0x080071a8                up_hardfault
 .text.modifyreg32
                0x080071e8       0x1c /home/ground/Documents/P2-Hackathon/ardupilot/PX4Firmware/Build/px4io-v2_default.build/nuttx-export/libs/libnuttx.a(arch-up_modifyreg32.o)
                0x080071e8                modifyreg32
 .text.up_svcall
                0x08007204       0x34 /home/ground/Documents/P2-Hackathon/ardupilot/PX4Firmware/Build/px4io-v2_default.build/nuttx-export/libs/libnuttx.a(arch-up_svcall.o)
                0x08007204                up_svcall
 .text.up_systemreset
                0x08007238       0x1c /home/ground/Documents/P2-Hackathon/ardupilot/PX4Firmware/Build/px4io-v2_default.build/nuttx-export/libs/libnuttx.a(arch-up_systemreset.o)
                0x08007238                up_systemreset
 .text.up_udelay
                0x08007254       0x64 /home/ground/Documents/P2-Hackathon/ardupilot/PX4Firmware/Build/px4io-v2_default.build/nuttx-export/libs/libnuttx.a(arch-up_udelay.o)
                0x08007254                up_udelay
 .text.__cxa_atexit
                0x080072b8        0x4 /home/ground/Documents/P2-Hackathon/ardupilot/PX4Firmware/Build/px4io-v2_default.build/nuttx-export/libs/libnuttx.a(cxx-libxx_cxa_atexit.o)
                0x080072b8                __cxa_atexit
 .text.__cxa_pure_virtual
                0x080072bc       0x10 /home/ground/Documents/P2-Hackathon/ardupilot/PX4Firmware/Build/px4io-v2_default.build/nuttx-export/libs/libnuttx.a(cxx-libxx_cxapurevirtual.o)
                0x080072bc                __cxa_pure_virtual
 .text._ZdlPv   0x080072cc        0x4 /home/ground/Documents/P2-Hackathon/ardupilot/PX4Firmware/Build/px4io-v2_default.build/nuttx-export/libs/libnuttx.a(cxx-libxx_delete.o)
                0x080072cc                operator delete(void*)
 .text.__aeabi_atexit
                0x080072d0        0xa /home/ground/Documents/P2-Hackathon/ardupilot/PX4Firmware/Build/px4io-v2_default.build/nuttx-export/libs/libnuttx.a(cxx-libxx_eabi_atexit.o)
                0x080072d0                __aeabi_atexit
 .text._Znwj    0x080072da        0xa /home/ground/Documents/P2-Hackathon/ardupilot/PX4Firmware/Build/px4io-v2_default.build/nuttx-export/libs/libnuttx.a(cxx-libxx_new.o)
                0x080072da                operator new(unsigned int)
 .text.ioctl    0x080072e4       0x48 /home/ground/Documents/P2-Hackathon/ardupilot/PX4Firmware/Build/px4io-v2_default.build/nuttx-export/libs/libnuttx.a(fs-fs_ioctl.o)
                0x080072e4                ioctl
 .text.inode_checkflags
                0x0800732c       0x28 /home/ground/Documents/P2-Hackathon/ardupilot/PX4Firmware/Build/px4io-v2_default.build/nuttx-export/libs/libnuttx.a(fs-fs_open.o)
                0x0800732c                inode_checkflags
 .text.open     0x08007354       0x90 /home/ground/Documents/P2-Hackathon/ardupilot/PX4Firmware/Build/px4io-v2_default.build/nuttx-export/libs/libnuttx.a(fs-fs_open.o)
                0x08007354                open
 .text.read     0x080073e4       0x62 /home/ground/Documents/P2-Hackathon/ardupilot/PX4Firmware/Build/px4io-v2_default.build/nuttx-export/libs/libnuttx.a(fs-fs_read.o)
                0x080073e4                read
 .text.write    0x08007446       0x54 /home/ground/Documents/P2-Hackathon/ardupilot/PX4Firmware/Build/px4io-v2_default.build/nuttx-export/libs/libnuttx.a(fs-fs_write.o)
                0x08007446                write
 .text.uart_ioctl
                0x0800749a       0xca /home/ground/Documents/P2-Hackathon/ardupilot/PX4Firmware/Build/px4io-v2_default.build/nuttx-export/libs/libnuttx.a(drivers-serial.o)
 .text.uart_takesem
                0x08007564       0x30 /home/ground/Documents/P2-Hackathon/ardupilot/PX4Firmware/Build/px4io-v2_default.build/nuttx-export/libs/libnuttx.a(drivers-serial.o)
 .text.uart_putxmitchar
                0x08007594       0x7e /home/ground/Documents/P2-Hackathon/ardupilot/PX4Firmware/Build/px4io-v2_default.build/nuttx-export/libs/libnuttx.a(drivers-serial.o)
 .text.uart_write
                0x08007612       0xe8 /home/ground/Documents/P2-Hackathon/ardupilot/PX4Firmware/Build/px4io-v2_default.build/nuttx-export/libs/libnuttx.a(drivers-serial.o)
 .text.uart_read
                0x080076fa       0xf4 /home/ground/Documents/P2-Hackathon/ardupilot/PX4Firmware/Build/px4io-v2_default.build/nuttx-export/libs/libnuttx.a(drivers-serial.o)
 .text.uart_open
                0x080077ee       0xa2 /home/ground/Documents/P2-Hackathon/ardupilot/PX4Firmware/Build/px4io-v2_default.build/nuttx-export/libs/libnuttx.a(drivers-serial.o)
 .text.uart_close
                0x08007890       0x7e /home/ground/Documents/P2-Hackathon/ardupilot/PX4Firmware/Build/px4io-v2_default.build/nuttx-export/libs/libnuttx.a(drivers-serial.o)
 *fill*         0x0800790e        0x2 
 .text.uart_register
                0x08007910       0x54 /home/ground/Documents/P2-Hackathon/ardupilot/PX4Firmware/Build/px4io-v2_default.build/nuttx-export/libs/libnuttx.a(drivers-serial.o)
                0x08007910                uart_register
 .text.uart_datareceived
                0x08007964       0x10 /home/ground/Documents/P2-Hackathon/ardupilot/PX4Firmware/Build/px4io-v2_default.build/nuttx-export/libs/libnuttx.a(drivers-serial.o)
                0x08007964                uart_datareceived
 .text.uart_datasent
                0x08007974       0x10 /home/ground/Documents/P2-Hackathon/ardupilot/PX4Firmware/Build/px4io-v2_default.build/nuttx-export/libs/libnuttx.a(drivers-serial.o)
                0x08007974                uart_datasent
 .text.uart_xmitchars
                0x08007984       0x70 /home/ground/Documents/P2-Hackathon/ardupilot/PX4Firmware/Build/px4io-v2_default.build/nuttx-export/libs/libnuttx.a(drivers-serialirq.o)
                0x08007984                uart_xmitchars
 .text.uart_recvchars
                0x080079f4       0x5c /home/ground/Documents/P2-Hackathon/ardupilot/PX4Firmware/Build/px4io-v2_default.build/nuttx-export/libs/libnuttx.a(drivers-serialirq.o)
                0x080079f4                uart_recvchars
 .text.get_errno_ptr
                0x08007a50       0x24 /home/ground/Documents/P2-Hackathon/ardupilot/PX4Firmware/Build/px4io-v2_default.build/nuttx-export/libs/libnuttx.a(sched-errno_getptr.o)
                0x08007a50                get_errno_ptr
 .text.exit     0x08007a74       0x1c /home/ground/Documents/P2-Hackathon/ardupilot/PX4Firmware/Build/px4io-v2_default.build/nuttx-export/libs/libnuttx.a(sched-exit.o)
                0x08007a74                exit
 .text.getpid   0x08007a90       0x10 /home/ground/Documents/P2-Hackathon/ardupilot/PX4Firmware/Build/px4io-v2_default.build/nuttx-export/libs/libnuttx.a(sched-getpid.o)
                0x08007a90                getpid
 .text.os_start
                0x08007aa0      0x12c /home/ground/Documents/P2-Hackathon/ardupilot/PX4Firmware/Build/px4io-v2_default.build/nuttx-export/libs/libnuttx.a(sched-os_start.o)
                0x08007aa0                os_start
 .text.sched_garbagecollection
                0x08007bcc       0x2c /home/ground/Documents/P2-Hackathon/ardupilot/PX4Firmware/Build/px4io-v2_default.build/nuttx-export/libs/libnuttx.a(sched-sched_garbage.o)
                0x08007bcc                sched_garbagecollection
 .text.sched_getfiles
                0x08007bf8       0x10 /home/ground/Documents/P2-Hackathon/ardupilot/PX4Firmware/Build/px4io-v2_default.build/nuttx-export/libs/libnuttx.a(sched-sched_getfiles.o)
                0x08007bf8                sched_getfiles
 .text.sem_post
                0x08007c08       0x58 /home/ground/Documents/P2-Hackathon/ardupilot/PX4Firmware/Build/px4io-v2_default.build/nuttx-export/libs/libnuttx.a(sched-sem_post.o)
                0x08007c08                sem_post
 .text.sem_trywait
                0x08007c60       0x4c /home/ground/Documents/P2-Hackathon/ardupilot/PX4Firmware/Build/px4io-v2_default.build/nuttx-export/libs/libnuttx.a(sched-sem_trywait.o)
                0x08007c60                sem_trywait
 .text.sem_wait
                0x08007cac       0x84 /home/ground/Documents/P2-Hackathon/ardupilot/PX4Firmware/Build/px4io-v2_default.build/nuttx-export/libs/libnuttx.a(sched-sem_wait.o)
                0x08007cac                sem_wait
 .text.task_exithook
                0x08007d30       0x1e /home/ground/Documents/P2-Hackathon/ardupilot/PX4Firmware/Build/px4io-v2_default.build/nuttx-export/libs/libnuttx.a(sched-task_exithook.o)
                0x08007d30                task_exithook
 .text.task_recover
                0x08007d4e       0x26 /home/ground/Documents/P2-Hackathon/ardupilot/PX4Firmware/Build/px4io-v2_default.build/nuttx-export/libs/libnuttx.a(sched-task_recover.o)
                0x08007d4e                task_recover
 .text.wd_cancel
                0x08007d74       0x64 /home/ground/Documents/P2-Hackathon/ardupilot/PX4Firmware/Build/px4io-v2_default.build/nuttx-export/libs/libnuttx.a(sched-wd_cancel.o)
                0x08007d74                wd_cancel
 .text.wd_delete
                0x08007dd8       0x3c /home/ground/Documents/P2-Hackathon/ardupilot/PX4Firmware/Build/px4io-v2_default.build/nuttx-export/libs/libnuttx.a(sched-wd_delete.o)
                0x08007dd8                wd_delete
 .text.wd_initialize
                0x08007e14       0x44 /home/ground/Documents/P2-Hackathon/ardupilot/PX4Firmware/Build/px4io-v2_default.build/nuttx-export/libs/libnuttx.a(sched-wd_initialize.o)
                0x08007e14                wd_initialize
 .text.dq_addfirst
                0x08007e58       0x18 /home/ground/Documents/P2-Hackathon/ardupilot/PX4Firmware/Build/px4io-v2_default.build/nuttx-export/libs/libnuttx.a(c-dq_addfirst.o)
                0x08007e58                dq_addfirst
 .text.cfgetspeed
                0x08007e70        0x4 /home/ground/Documents/P2-Hackathon/ardupilot/PX4Firmware/Build/px4io-v2_default.build/nuttx-export/libs/libnuttx.a(c-lib_cfgetspeed.o)
                0x08007e70                cfgetspeed
 .text.lib_checkbase
                0x08007e74       0x52 /home/ground/Documents/P2-Hackathon/ardupilot/PX4Firmware/Build/px4io-v2_default.build/nuttx-export/libs/libnuttx.a(c-lib_checkbase.o)
                0x08007e74                lib_checkbase
 .text.lib_isbasedigit
                0x08007ec6       0x4e /home/ground/Documents/P2-Hackathon/ardupilot/PX4Firmware/Build/px4io-v2_default.build/nuttx-export/libs/libnuttx.a(c-lib_isbasedigit.o)
                0x08007ec6                lib_isbasedigit
 .text.utodec   0x08007f14       0x24 /home/ground/Documents/P2-Hackathon/ardupilot/PX4Firmware/Build/px4io-v2_default.build/nuttx-export/libs/libnuttx.a(c-lib_libvsprintf.o)
 .text.utooct   0x08007f38       0x1e /home/ground/Documents/P2-Hackathon/ardupilot/PX4Firmware/Build/px4io-v2_default.build/nuttx-export/libs/libnuttx.a(c-lib_libvsprintf.o)
 .text.utobin   0x08007f56       0x1e /home/ground/Documents/P2-Hackathon/ardupilot/PX4Firmware/Build/px4io-v2_default.build/nuttx-export/libs/libnuttx.a(c-lib_libvsprintf.o)
 .text.llutodec
                0x08007f74       0x42 /home/ground/Documents/P2-Hackathon/ardupilot/PX4Firmware/Build/px4io-v2_default.build/nuttx-export/libs/libnuttx.a(c-lib_libvsprintf.o)
 .text.llutooct
                0x08007fb6       0x2e /home/ground/Documents/P2-Hackathon/ardupilot/PX4Firmware/Build/px4io-v2_default.build/nuttx-export/libs/libnuttx.a(c-lib_libvsprintf.o)
 .text.llutobin
                0x08007fe4       0x26 /home/ground/Documents/P2-Hackathon/ardupilot/PX4Firmware/Build/px4io-v2_default.build/nuttx-export/libs/libnuttx.a(c-lib_libvsprintf.o)
 .text.prejustify
                0x0800800a       0x8a /home/ground/Documents/P2-Hackathon/ardupilot/PX4Firmware/Build/px4io-v2_default.build/nuttx-export/libs/libnuttx.a(c-lib_libvsprintf.o)
 .text.utohex   0x08008094       0x4c /home/ground/Documents/P2-Hackathon/ardupilot/PX4Firmware/Build/px4io-v2_default.build/nuttx-export/libs/libnuttx.a(c-lib_libvsprintf.o)
 .text.utoascii
                0x080080e0       0x88 /home/ground/Documents/P2-Hackathon/ardupilot/PX4Firmware/Build/px4io-v2_default.build/nuttx-export/libs/libnuttx.a(c-lib_libvsprintf.o)
 .text.llutohex
                0x08008168       0x5c /home/ground/Documents/P2-Hackathon/ardupilot/PX4Firmware/Build/px4io-v2_default.build/nuttx-export/libs/libnuttx.a(c-lib_libvsprintf.o)
 .text.llutoascii
                0x080081c4       0x92 /home/ground/Documents/P2-Hackathon/ardupilot/PX4Firmware/Build/px4io-v2_default.build/nuttx-export/libs/libnuttx.a(c-lib_libvsprintf.o)
 .text.postjustify
                0x08008256       0x26 /home/ground/Documents/P2-Hackathon/ardupilot/PX4Firmware/Build/px4io-v2_default.build/nuttx-export/libs/libnuttx.a(c-lib_libvsprintf.o)
 .text.lib_vsprintf
                0x0800827c      0x2ac /home/ground/Documents/P2-Hackathon/ardupilot/PX4Firmware/Build/px4io-v2_default.build/nuttx-export/libs/libnuttx.a(c-lib_libvsprintf.o)
                0x0800827c                lib_vsprintf
 .text.lowoutstream_putc
                0x08008528       0x16 /home/ground/Documents/P2-Hackathon/ardupilot/PX4Firmware/Build/px4io-v2_default.build/nuttx-export/libs/libnuttx.a(c-lib_lowoutstream.o)
 *fill*         0x0800853e        0x2 
 .text.lib_lowoutstream
                0x08008540       0x10 /home/ground/Documents/P2-Hackathon/ardupilot/PX4Firmware/Build/px4io-v2_default.build/nuttx-export/libs/libnuttx.a(c-lib_lowoutstream.o)
                0x08008540                lib_lowoutstream
 .text.memoutstream_putc
                0x08008550       0x1a /home/ground/Documents/P2-Hackathon/ardupilot/PX4Firmware/Build/px4io-v2_default.build/nuttx-export/libs/libnuttx.a(c-lib_memoutstream.o)
 *fill*         0x0800856a        0x2 
 .text.lib_memoutstream
                0x0800856c       0x18 /home/ground/Documents/P2-Hackathon/ardupilot/PX4Firmware/Build/px4io-v2_default.build/nuttx-export/libs/libnuttx.a(c-lib_memoutstream.o)
                0x0800856c                lib_memoutstream
 .text.nulloutstream_putc
                0x08008584        0x8 /home/ground/Documents/P2-Hackathon/ardupilot/PX4Firmware/Build/px4io-v2_default.build/nuttx-export/libs/libnuttx.a(c-lib_nulloutstream.o)
 .text.lib_nulloutstream
                0x0800858c       0x10 /home/ground/Documents/P2-Hackathon/ardupilot/PX4Firmware/Build/px4io-v2_default.build/nuttx-export/libs/libnuttx.a(c-lib_nulloutstream.o)
                0x0800858c                lib_nulloutstream
 .text.lib_skipspace
                0x0800859c       0x16 /home/ground/Documents/P2-Hackathon/ardupilot/PX4Firmware/Build/px4io-v2_default.build/nuttx-export/libs/libnuttx.a(c-lib_skipspace.o)
                0x0800859c                lib_skipspace
 .text.strcpy   0x080085b2       0x10 /home/ground/Documents/P2-Hackathon/ardupilot/PX4Firmware/Build/px4io-v2_default.build/nuttx-export/libs/libnuttx.a(c-lib_strcpy.o)
                0x080085b2                strcpy
 .text.strlen   0x080085c2       0x10 /home/ground/Documents/P2-Hackathon/ardupilot/PX4Firmware/Build/px4io-v2_default.build/nuttx-export/libs/libnuttx.a(c-lib_strlen.o)
                0x080085c2                strlen
 .text.sem_init
                0x080085d2       0x1e /home/ground/Documents/P2-Hackathon/ardupilot/PX4Firmware/Build/px4io-v2_default.build/nuttx-export/libs/libnuttx.a(c-sem_init.o)
                0x080085d2                sem_init
 .text.sq_remfirst
                0x080085f0       0x14 /home/ground/Documents/P2-Hackathon/ardupilot/PX4Firmware/Build/px4io-v2_default.build/nuttx-export/libs/libnuttx.a(c-sq_remfirst.o)
                0x080085f0                sq_remfirst
 .text.mm_addfreechunk
                0x08008604       0x36 /home/ground/Documents/P2-Hackathon/ardupilot/PX4Firmware/Build/px4io-v2_default.build/nuttx-export/libs/libnuttx.a(mm-mm_addfreechunk.o)
                0x08008604                mm_addfreechunk
 .text.mm_addregion
                0x0800863a       0x50 /home/ground/Documents/P2-Hackathon/ardupilot/PX4Firmware/Build/px4io-v2_default.build/nuttx-export/libs/libnuttx.a(mm-mm_initialize.o)
                0x0800863a                mm_addregion
 .text.mm_initialize
                0x0800868a       0x40 /home/ground/Documents/P2-Hackathon/ardupilot/PX4Firmware/Build/px4io-v2_default.build/nuttx-export/libs/libnuttx.a(mm-mm_initialize.o)
                0x0800868a                mm_initialize
 *fill*         0x080086ca        0x2 
 .text.up_allocate_heap
                0x080086cc       0x14 /home/ground/Documents/P2-Hackathon/ardupilot/PX4Firmware/Build/px4io-v2_default.build/nuttx-export/libs/libnuttx.a(arch-stm32_allocateheap.o)
                0x080086cc                up_allocate_heap
 .text.up_idle  0x080086e0        0x4 /home/ground/Documents/P2-Hackathon/ardupilot/PX4Firmware/Build/px4io-v2_default.build/nuttx-export/libs/libnuttx.a(arch-stm32_idle.o)
                0x080086e0                up_idle
 .text.up_lowputc
                0x080086e4       0x18 /home/ground/Documents/P2-Hackathon/ardupilot/PX4Firmware/Build/px4io-v2_default.build/nuttx-export/libs/libnuttx.a(arch-stm32_lowputc.o)
                0x080086e4                up_lowputc
 .text.stm32_lowsetup
                0x080086fc       0x6c /home/ground/Documents/P2-Hackathon/ardupilot/PX4Firmware/Build/px4io-v2_default.build/nuttx-export/libs/libnuttx.a(arch-stm32_lowputc.o)
                0x080086fc                stm32_lowsetup
 .text.stm32_clockconfig
                0x08008768       0xe8 /home/ground/Documents/P2-Hackathon/ardupilot/PX4Firmware/Build/px4io-v2_default.build/nuttx-export/libs/libnuttx.a(arch-stm32_rcc.o)
                0x08008768                stm32_clockconfig
 .text.up_block_task
                0x08008850       0x74 /home/ground/Documents/P2-Hackathon/ardupilot/PX4Firmware/Build/px4io-v2_default.build/nuttx-export/libs/libnuttx.a(arch-up_blocktask.o)
                0x08008850                up_block_task
 .text.up_copystate
                0x080088c4       0x16 /home/ground/Documents/P2-Hackathon/ardupilot/PX4Firmware/Build/px4io-v2_default.build/nuttx-export/libs/libnuttx.a(arch-up_copystate.o)
                0x080088c4                up_copystate
 .text          0x080088da       0x5e /home/ground/Documents/P2-Hackathon/ardupilot/PX4Firmware/Build/px4io-v2_default.build/nuttx-export/libs/libnuttx.a(arch-up_exception.o)
                0x080088da                exception_common
 .text._exit    0x08008938       0x1c /home/ground/Documents/P2-Hackathon/ardupilot/PX4Firmware/Build/px4io-v2_default.build/nuttx-export/libs/libnuttx.a(arch-up_exit.o)
                0x08008938                _exit
 .text          0x08008954        0xa /home/ground/Documents/P2-Hackathon/ardupilot/PX4Firmware/Build/px4io-v2_default.build/nuttx-export/libs/libnuttx.a(arch-up_fullcontextrestore.o)
                0x08008954                up_fullcontextrestore
 *fill*         0x0800895e        0x2 
 .text.up_initialize
                0x08008960       0x28 /home/ground/Documents/P2-Hackathon/ardupilot/PX4Firmware/Build/px4io-v2_default.build/nuttx-export/libs/libnuttx.a(arch-up_initialize.o)
                0x08008960                up_initialize
 .text.up_initial_state
                0x08008988       0x34 /home/ground/Documents/P2-Hackathon/ardupilot/PX4Firmware/Build/px4io-v2_default.build/nuttx-export/libs/libnuttx.a(arch-up_initialstate.o)
                0x08008988                up_initial_state
 .text.up_interrupt_context
                0x080089bc       0x10 /home/ground/Documents/P2-Hackathon/ardupilot/PX4Firmware/Build/px4io-v2_default.build/nuttx-export/libs/libnuttx.a(arch-up_interruptcontext.o)
                0x080089bc                up_interrupt_context
 .text.up_mdelay
                0x080089cc       0x28 /home/ground/Documents/P2-Hackathon/ardupilot/PX4Firmware/Build/px4io-v2_default.build/nuttx-export/libs/libnuttx.a(arch-up_mdelay.o)
                0x080089cc                up_mdelay
 .text          0x080089f4        0xc /home/ground/Documents/P2-Hackathon/ardupilot/PX4Firmware/Build/px4io-v2_default.build/nuttx-export/libs/libnuttx.a(arch-up_switchcontext.o)
                0x080089f4                up_switchcontext
 .text.up_unblock_task
                0x08008a00       0x54 /home/ground/Documents/P2-Hackathon/ardupilot/PX4Firmware/Build/px4io-v2_default.build/nuttx-export/libs/libnuttx.a(arch-up_unblocktask.o)
                0x08008a00                up_unblock_task
 .text._files_close
                0x08008a54       0x2a /home/ground/Documents/P2-Hackathon/ardupilot/PX4Firmware/Build/px4io-v2_default.build/nuttx-export/libs/libnuttx.a(fs-fs_files.o)
 *fill*         0x08008a7e        0x2 
 .text._files_semtake
                0x08008a80       0x24 /home/ground/Documents/P2-Hackathon/ardupilot/PX4Firmware/Build/px4io-v2_default.build/nuttx-export/libs/libnuttx.a(fs-fs_files.o)
 .text.files_initialize
                0x08008aa4        0x2 /home/ground/Documents/P2-Hackathon/ardupilot/PX4Firmware/Build/px4io-v2_default.build/nuttx-export/libs/libnuttx.a(fs-fs_files.o)
                0x08008aa4                files_initialize
 .text.files_initlist
                0x08008aa6        0x8 /home/ground/Documents/P2-Hackathon/ardupilot/PX4Firmware/Build/px4io-v2_default.build/nuttx-export/libs/libnuttx.a(fs-fs_files.o)
                0x08008aa6                files_initlist
 .text.files_releaselist
                0x08008aae       0x20 /home/ground/Documents/P2-Hackathon/ardupilot/PX4Firmware/Build/px4io-v2_default.build/nuttx-export/libs/libnuttx.a(fs-fs_files.o)
                0x08008aae                files_releaselist
 .text.files_dup
                0x08008ace       0x80 /home/ground/Documents/P2-Hackathon/ardupilot/PX4Firmware/Build/px4io-v2_default.build/nuttx-export/libs/libnuttx.a(fs-fs_files.o)
                0x08008ace                files_dup
 .text.files_allocate
                0x08008b4e       0x56 /home/ground/Documents/P2-Hackathon/ardupilot/PX4Firmware/Build/px4io-v2_default.build/nuttx-export/libs/libnuttx.a(fs-fs_files.o)
                0x08008b4e                files_allocate
 .text.files_close
                0x08008ba4       0x3a /home/ground/Documents/P2-Hackathon/ardupilot/PX4Firmware/Build/px4io-v2_default.build/nuttx-export/libs/libnuttx.a(fs-fs_files.o)
                0x08008ba4                files_close
 .text.files_release
                0x08008bde       0x2e /home/ground/Documents/P2-Hackathon/ardupilot/PX4Firmware/Build/px4io-v2_default.build/nuttx-export/libs/libnuttx.a(fs-fs_files.o)
                0x08008bde                files_release
 .text.inode_addref
                0x08008c0c       0x1a /home/ground/Documents/P2-Hackathon/ardupilot/PX4Firmware/Build/px4io-v2_default.build/nuttx-export/libs/libnuttx.a(fs-fs_inodeaddref.o)
                0x08008c0c                inode_addref
 .text.inode_find
                0x08008c26       0x34 /home/ground/Documents/P2-Hackathon/ardupilot/PX4Firmware/Build/px4io-v2_default.build/nuttx-export/libs/libnuttx.a(fs-fs_inodefind.o)
                0x08008c26                inode_find
 .text.inode_release
                0x08008c5a       0x3e /home/ground/Documents/P2-Hackathon/ardupilot/PX4Firmware/Build/px4io-v2_default.build/nuttx-export/libs/libnuttx.a(fs-fs_inoderelease.o)
                0x08008c5a                inode_release
 .text.register_driver
                0x08008c98       0x32 /home/ground/Documents/P2-Hackathon/ardupilot/PX4Firmware/Build/px4io-v2_default.build/nuttx-export/libs/libnuttx.a(fs-fs_registerdriver.o)
                0x08008c98                register_driver
 .text.group_allocate
                0x08008cca       0x18 /home/ground/Documents/P2-Hackathon/ardupilot/PX4Firmware/Build/px4io-v2_default.build/nuttx-export/libs/libnuttx.a(sched-group_create.o)
                0x08008cca                group_allocate
 .text.group_initialize
                0x08008ce2        0xa /home/ground/Documents/P2-Hackathon/ardupilot/PX4Firmware/Build/px4io-v2_default.build/nuttx-export/libs/libnuttx.a(sched-group_create.o)
                0x08008ce2                group_initialize
 .text.group_leave
                0x08008cec       0x26 /home/ground/Documents/P2-Hackathon/ardupilot/PX4Firmware/Build/px4io-v2_default.build/nuttx-export/libs/libnuttx.a(sched-group_leave.o)
                0x08008cec                group_leave
 *fill*         0x08008d12        0x2 
 .text.group_setupidlefiles
                0x08008d14       0x38 /home/ground/Documents/P2-Hackathon/ardupilot/PX4Firmware/Build/px4io-v2_default.build/nuttx-export/libs/libnuttx.a(sched-group_setupidlefiles.o)
                0x08008d14                group_setupidlefiles
 .text.os_bringup
                0x08008d4c       0x34 /home/ground/Documents/P2-Hackathon/ardupilot/PX4Firmware/Build/px4io-v2_default.build/nuttx-export/libs/libnuttx.a(sched-os_bringup.o)
                0x08008d4c                os_bringup
 .text.sched_addblocked
                0x08008d80       0x38 /home/ground/Documents/P2-Hackathon/ardupilot/PX4Firmware/Build/px4io-v2_default.build/nuttx-export/libs/libnuttx.a(sched-sched_addblocked.o)
                0x08008d80                sched_addblocked
 .text.sched_addprioritized
                0x08008db8       0x54 /home/ground/Documents/P2-Hackathon/ardupilot/PX4Firmware/Build/px4io-v2_default.build/nuttx-export/libs/libnuttx.a(sched-sched_addprioritized.o)
                0x08008db8                sched_addprioritized
 .text.sched_addreadytorun
                0x08008e0c       0x60 /home/ground/Documents/P2-Hackathon/ardupilot/PX4Firmware/Build/px4io-v2_default.build/nuttx-export/libs/libnuttx.a(sched-sched_addreadytorun.o)
                0x08008e0c                sched_addreadytorun
 .text.sched_ufree
                0x08008e6c       0x3c /home/ground/Documents/P2-Hackathon/ardupilot/PX4Firmware/Build/px4io-v2_default.build/nuttx-export/libs/libnuttx.a(sched-sched_free.o)
                0x08008e6c                sched_ufree
 .text.sched_mergepending
                0x08008ea8       0x64 /home/ground/Documents/P2-Hackathon/ardupilot/PX4Firmware/Build/px4io-v2_default.build/nuttx-export/libs/libnuttx.a(sched-sched_mergepending.o)
                0x08008ea8                sched_mergepending
 .text.sched_removeblocked
                0x08008f0c       0x2c /home/ground/Documents/P2-Hackathon/ardupilot/PX4Firmware/Build/px4io-v2_default.build/nuttx-export/libs/libnuttx.a(sched-sched_removeblocked.o)
                0x08008f0c                sched_removeblocked
 .text.sched_removereadytorun
                0x08008f38       0x38 /home/ground/Documents/P2-Hackathon/ardupilot/PX4Firmware/Build/px4io-v2_default.build/nuttx-export/libs/libnuttx.a(sched-sched_removereadytorun.o)
                0x08008f38                sched_removereadytorun
 .text.sem_destroy
                0x08008f70       0x26 /home/ground/Documents/P2-Hackathon/ardupilot/PX4Firmware/Build/px4io-v2_default.build/nuttx-export/libs/libnuttx.a(sched-sem_destroy.o)
                0x08008f70                sem_destroy
 *fill*         0x08008f96        0x2 
 .text.thread_create
                0x08008f98       0xa8 /home/ground/Documents/P2-Hackathon/ardupilot/PX4Firmware/Build/px4io-v2_default.build/nuttx-export/libs/libnuttx.a(sched-task_create.o)
 .text.task_create
                0x08009040       0x1a /home/ground/Documents/P2-Hackathon/ardupilot/PX4Firmware/Build/px4io-v2_default.build/nuttx-export/libs/libnuttx.a(sched-task_create.o)
                0x08009040                task_create
 *fill*         0x0800905a        0x2 
 .text.task_exit
                0x0800905c       0x4c /home/ground/Documents/P2-Hackathon/ardupilot/PX4Firmware/Build/px4io-v2_default.build/nuttx-export/libs/libnuttx.a(sched-task_exit.o)
                0x0800905c                task_exit
 .text.task_schedsetup
                0x080090a8       0xa4 /home/ground/Documents/P2-Hackathon/ardupilot/PX4Firmware/Build/px4io-v2_default.build/nuttx-export/libs/libnuttx.a(sched-task_setup.o)
                0x080090a8                task_schedsetup
 .text.task_argsetup
                0x0800914c       0x5c /home/ground/Documents/P2-Hackathon/ardupilot/PX4Firmware/Build/px4io-v2_default.build/nuttx-export/libs/libnuttx.a(sched-task_setup.o)
                0x0800914c                task_argsetup
 .text.task_start
                0x080091a8       0x28 /home/ground/Documents/P2-Hackathon/ardupilot/PX4Firmware/Build/px4io-v2_default.build/nuttx-export/libs/libnuttx.a(sched-task_start.o)
                0x080091a8                task_start
 .text.task_terminate
                0x080091d0       0x78 /home/ground/Documents/P2-Hackathon/ardupilot/PX4Firmware/Build/px4io-v2_default.build/nuttx-export/libs/libnuttx.a(sched-task_terminate.o)
                0x080091d0                task_terminate
 .text.dq_addlast
                0x08009248       0x18 /home/ground/Documents/P2-Hackathon/ardupilot/PX4Firmware/Build/px4io-v2_default.build/nuttx-export/libs/libnuttx.a(c-dq_addlast.o)
                0x08009248                dq_addlast
 .text.dq_rem   0x08009260       0x1c /home/ground/Documents/P2-Hackathon/ardupilot/PX4Firmware/Build/px4io-v2_default.build/nuttx-export/libs/libnuttx.a(c-dq_rem.o)
                0x08009260                dq_rem
 .text.strdup   0x0800927c       0x1c /home/ground/Documents/P2-Hackathon/ardupilot/PX4Firmware/Build/px4io-v2_default.build/nuttx-export/libs/libnuttx.a(c-lib_strdup.o)
                0x0800927c                strdup
 .text.up_timerisr
                0x08009298        0xa /home/ground/Documents/P2-Hackathon/ardupilot/PX4Firmware/Build/px4io-v2_default.build/nuttx-export/libs/libnuttx.a(arch-stm32_timerisr.o)
                0x08009298                up_timerisr
 *fill*         0x080092a2        0x2 
 .text.up_timerinit
                0x080092a4       0x40 /home/ground/Documents/P2-Hackathon/ardupilot/PX4Firmware/Build/px4io-v2_default.build/nuttx-export/libs/libnuttx.a(arch-stm32_timerisr.o)
                0x080092a4                up_timerinit
 .text.up_create_stack
                0x080092e4       0x42 /home/ground/Documents/P2-Hackathon/ardupilot/PX4Firmware/Build/px4io-v2_default.build/nuttx-export/libs/libnuttx.a(arch-up_createstack.o)
                0x080092e4                up_create_stack
 *fill*         0x08009326        0x2 
 .text.up_doirq
                0x08009328       0x2c /home/ground/Documents/P2-Hackathon/ardupilot/PX4Firmware/Build/px4io-v2_default.build/nuttx-export/libs/libnuttx.a(arch-up_doirq.o)
                0x08009328                up_doirq
 .text.up_release_stack
                0x08009354       0x16 /home/ground/Documents/P2-Hackathon/ardupilot/PX4Firmware/Build/px4io-v2_default.build/nuttx-export/libs/libnuttx.a(arch-up_releasestack.o)
                0x08009354                up_release_stack
 .text.close    0x0800936a       0x24 /home/ground/Documents/P2-Hackathon/ardupilot/PX4Firmware/Build/px4io-v2_default.build/nuttx-export/libs/libnuttx.a(fs-fs_close.o)
                0x0800936a                close
 .text.dup2     0x0800938e       0x4a /home/ground/Documents/P2-Hackathon/ardupilot/PX4Firmware/Build/px4io-v2_default.build/nuttx-export/libs/libnuttx.a(fs-fs_filedup2.o)
                0x0800938e                dup2
 .text.fs_initialize
                0x080093d8       0x20 /home/ground/Documents/P2-Hackathon/ardupilot/PX4Firmware/Build/px4io-v2_default.build/nuttx-export/libs/libnuttx.a(fs-fs_inode.o)
                0x080093d8                fs_initialize
 .text.inode_semtake
                0x080093f8       0x28 /home/ground/Documents/P2-Hackathon/ardupilot/PX4Firmware/Build/px4io-v2_default.build/nuttx-export/libs/libnuttx.a(fs-fs_inode.o)
                0x080093f8                inode_semtake
 .text.inode_semgive
                0x08009420        0xc /home/ground/Documents/P2-Hackathon/ardupilot/PX4Firmware/Build/px4io-v2_default.build/nuttx-export/libs/libnuttx.a(fs-fs_inode.o)
                0x08009420                inode_semgive
 .text.inode_free
                0x0800942c       0x1e /home/ground/Documents/P2-Hackathon/ardupilot/PX4Firmware/Build/px4io-v2_default.build/nuttx-export/libs/libnuttx.a(fs-fs_inode.o)
                0x0800942c                inode_free
 .text.inode_nextname
                0x0800944a       0x12 /home/ground/Documents/P2-Hackathon/ardupilot/PX4Firmware/Build/px4io-v2_default.build/nuttx-export/libs/libnuttx.a(fs-fs_inode.o)
                0x0800944a                inode_nextname
 .text.inode_search
                0x0800945c       0xa4 /home/ground/Documents/P2-Hackathon/ardupilot/PX4Firmware/Build/px4io-v2_default.build/nuttx-export/libs/libnuttx.a(fs-fs_inode.o)
                0x0800945c                inode_search
 .text.inode_alloc
                0x08009500       0x3c /home/ground/Documents/P2-Hackathon/ardupilot/PX4Firmware/Build/px4io-v2_default.build/nuttx-export/libs/libnuttx.a(fs-fs_inodereserve.o)
 .text.inode_reserve
                0x0800953c       0xa4 /home/ground/Documents/P2-Hackathon/ardupilot/PX4Firmware/Build/px4io-v2_default.build/nuttx-export/libs/libnuttx.a(fs-fs_inodereserve.o)
                0x0800953c                inode_reserve
 .text.group_setuptaskfiles
                0x080095e0        0xe /home/ground/Documents/P2-Hackathon/ardupilot/PX4Firmware/Build/px4io-v2_default.build/nuttx-export/libs/libnuttx.a(sched-group_setuptaskfiles.o)
                0x080095e0                group_setuptaskfiles
 *fill*         0x080095ee        0x2 
 .text.irq_dispatch
                0x080095f0       0x20 /home/ground/Documents/P2-Hackathon/ardupilot/PX4Firmware/Build/px4io-v2_default.build/nuttx-export/libs/libnuttx.a(sched-irq_dispatch.o)
                0x080095f0                irq_dispatch
 .text.sched_gettcb
                0x08009610       0x24 /home/ground/Documents/P2-Hackathon/ardupilot/PX4Firmware/Build/px4io-v2_default.build/nuttx-export/libs/libnuttx.a(sched-sched_gettcb.o)
                0x08009610                sched_gettcb
 .text.sched_lock
                0x08009634       0x30 /home/ground/Documents/P2-Hackathon/ardupilot/PX4Firmware/Build/px4io-v2_default.build/nuttx-export/libs/libnuttx.a(sched-sched_lock.o)
                0x08009634                sched_lock
 .text.sched_process_timer
                0x08009664       0x1c /home/ground/Documents/P2-Hackathon/ardupilot/PX4Firmware/Build/px4io-v2_default.build/nuttx-export/libs/libnuttx.a(sched-sched_processtimer.o)
                0x08009664                sched_process_timer
 .text.sched_releasetcb
                0x08009680       0x54 /home/ground/Documents/P2-Hackathon/ardupilot/PX4Firmware/Build/px4io-v2_default.build/nuttx-export/libs/libnuttx.a(sched-sched_releasetcb.o)
                0x08009680                sched_releasetcb
 .text.sched_unlock
                0x080096d4       0x48 /home/ground/Documents/P2-Hackathon/ardupilot/PX4Firmware/Build/px4io-v2_default.build/nuttx-export/libs/libnuttx.a(sched-sched_unlock.o)
                0x080096d4                sched_unlock
 .text.task_activate
                0x0800971c       0x18 /home/ground/Documents/P2-Hackathon/ardupilot/PX4Firmware/Build/px4io-v2_default.build/nuttx-export/libs/libnuttx.a(sched-task_activate.o)
                0x0800971c                task_activate
 .text.up_release_pending
                0x08009734       0x38 /home/ground/Documents/P2-Hackathon/ardupilot/PX4Firmware/Build/px4io-v2_default.build/nuttx-export/libs/libnuttx.a(arch-up_releasepending.o)
                0x08009734                up_release_pending
 .text          0x0800976c       0x18 /opt/gcc-arm-none-eabi-4_9-2015q3/bin/../lib/gcc/arm-none-eabi/4.9.3/armv7-m/libgcc.a(_lshrdi3.o)
                0x0800976c                __aeabi_llsr
                0x0800976c                __lshrdi3
 .text          0x08009784      0x21c /opt/gcc-arm-none-eabi-4_9-2015q3/bin/../lib/gcc/arm-none-eabi/4.9.3/armv7-m/libgcc.a(_arm_addsubsf3.o)
                0x08009784                __aeabi_frsub
                0x0800978c                __subsf3
                0x0800978c                __aeabi_fsub
                0x08009790                __aeabi_fadd
                0x08009790                __addsf3
                0x080098f0                __aeabi_ui2f
                0x080098f0                __floatunsisf
                0x080098f8                __aeabi_i2f
                0x080098f8                __floatsisf
                0x08009914                __floatundisf
                0x08009914                __aeabi_ul2f
                0x08009924                __floatdisf
                0x08009924                __aeabi_l2f
 .text          0x080099a0      0x2a0 /opt/gcc-arm-none-eabi-4_9-2015q3/bin/../lib/gcc/arm-none-eabi/4.9.3/armv7-m/libgcc.a(_arm_muldivsf3.o)
                0x080099a0                __mulsf3
                0x080099a0                __aeabi_fmul
                0x08009b08                __divsf3
                0x08009b08                __aeabi_fdiv
 .text          0x08009c40       0xec /opt/gcc-arm-none-eabi-4_9-2015q3/bin/../lib/gcc/arm-none-eabi/4.9.3/armv7-m/libgcc.a(_arm_cmpsf2.o)
                0x08009c40                __gtsf2
                0x08009c40                __gesf2
                0x08009c48                __lesf2
                0x08009c48                __ltsf2
                0x08009c50                __nesf2
                0x08009c50                __eqsf2
                0x08009c50                __cmpsf2
                0x08009cb0                __aeabi_cfrcmple
                0x08009cb8                __aeabi_cfcmple
                0x08009cb8                __aeabi_cfcmpeq
                0x08009cc8                __aeabi_fcmpeq
                0x08009cdc                __aeabi_fcmplt
                0x08009cf0                __aeabi_fcmple
                0x08009d04                __aeabi_fcmpge
                0x08009d18                __aeabi_fcmpgt
 .text          0x08009d2c       0x2c /opt/gcc-arm-none-eabi-4_9-2015q3/bin/../lib/gcc/arm-none-eabi/4.9.3/armv7-m/libgcc.a(_arm_unordsf2.o)
                0x08009d2c                __aeabi_fcmpun
                0x08009d2c                __unordsf2
 .text          0x08009d58       0x4c /opt/gcc-arm-none-eabi-4_9-2015q3/bin/../lib/gcc/arm-none-eabi/4.9.3/armv7-m/libgcc.a(_arm_fixsfsi.o)
                0x08009d58                __fixsfsi
                0x08009d58                __aeabi_f2iz
 .text          0x08009da4       0x40 /opt/gcc-arm-none-eabi-4_9-2015q3/bin/../lib/gcc/arm-none-eabi/4.9.3/armv7-m/libgcc.a(_arm_fixunssfsi.o)
                0x08009da4                __aeabi_f2uiz
                0x08009da4                __fixunssfsi
 .text          0x08009de4       0x30 /opt/gcc-arm-none-eabi-4_9-2015q3/bin/../lib/gcc/arm-none-eabi/4.9.3/armv7-m/libgcc.a(_aeabi_uldivmod.o)
                0x08009de4                __aeabi_uldivmod
 .text          0x08009e14       0x60 /opt/gcc-arm-none-eabi-4_9-2015q3/bin/../lib/gcc/arm-none-eabi/4.9.3/armv7-m/libgcc.a(bpabi.o)
                0x08009e14                __gnu_ldivmod_helper
                0x08009e44                __gnu_uldivmod_helper
 .text          0x08009e74        0x4 /opt/gcc-arm-none-eabi-4_9-2015q3/bin/../lib/gcc/arm-none-eabi/4.9.3/armv7-m/libgcc.a(_dvmd_tls.o)
                0x08009e74                __aeabi_ldiv0
                0x08009e74                __aeabi_idiv0
 .text          0x08009e78      0x2ac /opt/gcc-arm-none-eabi-4_9-2015q3/bin/../lib/gcc/arm-none-eabi/4.9.3/armv7-m/libgcc.a(_divdi3.o)
                0x08009e78                __divdi3
 .text          0x0800a124      0x270 /opt/gcc-arm-none-eabi-4_9-2015q3/bin/../lib/gcc/arm-none-eabi/4.9.3/armv7-m/libgcc.a(_udivdi3.o)
                0x0800a124                __udivdi3
 *(.fixup)
 *(.gnu.warning)
 *(.rodata .rodata.*)
 .rodata.pwm_channels
                0x0800a394       0x40 /home/ground/Documents/P2-Hackathon/ardupilot/PX4Firmware/Build/px4io-v2_default.build//home/ground/Documents/P2-Hackathon/ardupilot/PX4Firmware/src/drivers/boards/px4io-v2/module.pre.o
                0x0800a394                pwm_channels
 .rodata.pwm_timers
                0x0800a3d4       0x40 /home/ground/Documents/P2-Hackathon/ardupilot/PX4Firmware/Build/px4io-v2_default.build//home/ground/Documents/P2-Hackathon/ardupilot/PX4Firmware/src/drivers/boards/px4io-v2/module.pre.o
                0x0800a3d4                pwm_timers
 .rodata.latency_buckets
                0x0800a414       0x10 /home/ground/Documents/P2-Hackathon/ardupilot/PX4Firmware/Build/px4io-v2_default.build//home/ground/Documents/P2-Hackathon/ardupilot/PX4Firmware/src/drivers/stm32/module.pre.o
                0x0800a414                latency_buckets
 .rodata.str1.4
                0x0800a424      0x378 /home/ground/Documents/P2-Hackathon/ardupilot/PX4Firmware/Build/px4io-v2_default.build//home/ground/Documents/P2-Hackathon/ardupilot/PX4Firmware/src/modules/px4iofirmware/module.pre.o
                                0x377 (size before relaxing)
 .rodata.r_page_config
                0x0800a79c       0x12 /home/ground/Documents/P2-Hackathon/ardupilot/PX4Firmware/Build/px4io-v2_default.build//home/ground/Documents/P2-Hackathon/ardupilot/PX4Firmware/src/modules/px4iofirmware/module.pre.o
 *fill*         0x0800a7ae        0x2 
 .rodata.sbus_decoder
                0x0800a7b0       0xc0 /home/ground/Documents/P2-Hackathon/ardupilot/PX4Firmware/Build/px4io-v2_default.build//home/ground/Documents/P2-Hackathon/ardupilot/PX4Firmware/src/modules/px4iofirmware/module.pre.o
 .rodata._ZTV5Mixer
                0x0800a870       0x18 /home/ground/Documents/P2-Hackathon/ardupilot/PX4Firmware/Build/px4io-v2_default.build//home/ground/Documents/P2-Hackathon/ardupilot/PX4Firmware/src/modules/px4iofirmware/module.pre.o
                0x0800a870                vtable for Mixer
 .rodata._ZTV9NullMixer
                0x0800a888       0x18 /home/ground/Documents/P2-Hackathon/ardupilot/PX4Firmware/Build/px4io-v2_default.build//home/ground/Documents/P2-Hackathon/ardupilot/PX4Firmware/src/modules/px4iofirmware/module.pre.o
                0x0800a888                vtable for NullMixer
 .rodata._ZTV10MixerGroup
                0x0800a8a0       0x18 /home/ground/Documents/P2-Hackathon/ardupilot/PX4Firmware/Build/px4io-v2_default.build//home/ground/Documents/P2-Hackathon/ardupilot/PX4Firmware/src/modules/px4iofirmware/module.pre.o
                0x0800a8a0                vtable for MixerGroup
 .rodata._ZN12_GLOBAL__N_1L13_config_tri_yE
                0x0800a8b8       0x30 /home/ground/Documents/P2-Hackathon/ardupilot/PX4Firmware/Build/px4io-v2_default.build//home/ground/Documents/P2-Hackathon/ardupilot/PX4Firmware/src/modules/px4iofirmware/module.pre.o
 .rodata._ZN12_GLOBAL__N_1L19_config_twin_engineE
                0x0800a8e8       0x20 /home/ground/Documents/P2-Hackathon/ardupilot/PX4Firmware/Build/px4io-v2_default.build//home/ground/Documents/P2-Hackathon/ardupilot/PX4Firmware/src/modules/px4iofirmware/module.pre.o
 .rodata._ZN12_GLOBAL__N_1L13_config_hex_xE
                0x0800a908       0x60 /home/ground/Documents/P2-Hackathon/ardupilot/PX4Firmware/Build/px4io-v2_default.build//home/ground/Documents/P2-Hackathon/ardupilot/PX4Firmware/src/modules/px4iofirmware/module.pre.o
 .rodata._ZN12_GLOBAL__N_1L15_config_hex_coxE
                0x0800a968       0x60 /home/ground/Documents/P2-Hackathon/ardupilot/PX4Firmware/Build/px4io-v2_default.build//home/ground/Documents/P2-Hackathon/ardupilot/PX4Firmware/src/modules/px4iofirmware/module.pre.o
 .rodata._ZN12_GLOBAL__N_1L14_config_octa_xE
                0x0800a9c8       0x80 /home/ground/Documents/P2-Hackathon/ardupilot/PX4Firmware/Build/px4io-v2_default.build//home/ground/Documents/P2-Hackathon/ardupilot/PX4Firmware/src/modules/px4iofirmware/module.pre.o
 .rodata._ZN12_GLOBAL__N_1L19_config_rotor_countE
                0x0800aa48       0x34 /home/ground/Documents/P2-Hackathon/ardupilot/PX4Firmware/Build/px4io-v2_default.build//home/ground/Documents/P2-Hackathon/ardupilot/PX4Firmware/src/modules/px4iofirmware/module.pre.o
 .rodata._ZN12_GLOBAL__N_1L20_config_quad_deadcatE
                0x0800aa7c       0x40 /home/ground/Documents/P2-Hackathon/ardupilot/PX4Firmware/Build/px4io-v2_default.build//home/ground/Documents/P2-Hackathon/ardupilot/PX4Firmware/src/modules/px4iofirmware/module.pre.o
 .rodata._ZN12_GLOBAL__N_1L16_config_hex_plusE
                0x0800aabc       0x60 /home/ground/Documents/P2-Hackathon/ardupilot/PX4Firmware/Build/px4io-v2_default.build//home/ground/Documents/P2-Hackathon/ardupilot/PX4Firmware/src/modules/px4iofirmware/module.pre.o
 .rodata._ZN12_GLOBAL__N_1L17_config_octa_plusE
                0x0800ab1c       0x80 /home/ground/Documents/P2-Hackathon/ardupilot/PX4Firmware/Build/px4io-v2_default.build//home/ground/Documents/P2-Hackathon/ardupilot/PX4Firmware/src/modules/px4iofirmware/module.pre.o
 .rodata._ZN12_GLOBAL__N_1L17_config_quad_plusE
                0x0800ab9c       0x40 /home/ground/Documents/P2-Hackathon/ardupilot/PX4Firmware/Build/px4io-v2_default.build//home/ground/Documents/P2-Hackathon/ardupilot/PX4Firmware/src/modules/px4iofirmware/module.pre.o
 .rodata._ZN12_GLOBAL__N_113_config_indexE
                0x0800abdc       0x34 /home/ground/Documents/P2-Hackathon/ardupilot/PX4Firmware/Build/px4io-v2_default.build//home/ground/Documents/P2-Hackathon/ardupilot/PX4Firmware/src/modules/px4iofirmware/module.pre.o
 .rodata._ZN12_GLOBAL__N_1L17_config_quad_wideE
                0x0800ac10       0x40 /home/ground/Documents/P2-Hackathon/ardupilot/PX4Firmware/Build/px4io-v2_default.build//home/ground/Documents/P2-Hackathon/ardupilot/PX4Firmware/src/modules/px4iofirmware/module.pre.o
 .rodata._ZN12_GLOBAL__N_1L16_config_octa_coxE
                0x0800ac50       0x80 /home/ground/Documents/P2-Hackathon/ardupilot/PX4Firmware/Build/px4io-v2_default.build//home/ground/Documents/P2-Hackathon/ardupilot/PX4Firmware/src/modules/px4iofirmware/module.pre.o
 .rodata._ZN12_GLOBAL__N_1L14_config_quad_vE
                0x0800acd0       0x40 /home/ground/Documents/P2-Hackathon/ardupilot/PX4Firmware/Build/px4io-v2_default.build//home/ground/Documents/P2-Hackathon/ardupilot/PX4Firmware/src/modules/px4iofirmware/module.pre.o
 .rodata._ZN12_GLOBAL__N_1L14_config_quad_xE
                0x0800ad10       0x40 /home/ground/Documents/P2-Hackathon/ardupilot/PX4Firmware/Build/px4io-v2_default.build//home/ground/Documents/P2-Hackathon/ardupilot/PX4Firmware/src/modules/px4iofirmware/module.pre.o
 .rodata._ZTV15MultirotorMixer
                0x0800ad50       0x18 /home/ground/Documents/P2-Hackathon/ardupilot/PX4Firmware/Build/px4io-v2_default.build//home/ground/Documents/P2-Hackathon/ardupilot/PX4Firmware/src/modules/px4iofirmware/module.pre.o
                0x0800ad50                vtable for MultirotorMixer
 .rodata._ZTV11SimpleMixer
                0x0800ad68       0x18 /home/ground/Documents/P2-Hackathon/ardupilot/PX4Firmware/Build/px4io-v2_default.build//home/ground/Documents/P2-Hackathon/ardupilot/PX4Firmware/src/modules/px4iofirmware/module.pre.o
                0x0800ad68                vtable for SimpleMixer
 .rodata.crc8_tab
                0x0800ad80      0x100 /home/ground/Documents/P2-Hackathon/ardupilot/PX4Firmware/Build/px4io-v2_default.build//home/ground/Documents/P2-Hackathon/ardupilot/PX4Firmware/src/modules/px4iofirmware/module.pre.o
 .rodata.str1.1
                0x0800ae80       0x14 /home/ground/Documents/P2-Hackathon/ardupilot/PX4Firmware/Build/px4io-v2_default.build/nuttx-export/libs/libnuttx.a(sched-irq_unexpectedisr.o)
 .rodata.crc32_tab
                0x0800ae94      0x400 /home/ground/Documents/P2-Hackathon/ardupilot/PX4Firmware/Build/px4io-v2_default.build/nuttx-export/libs/libnuttx.a(c-lib_crc32.o)
 .rodata.str1.1
                0x0800b294       0x14 /home/ground/Documents/P2-Hackathon/ardupilot/PX4Firmware/Build/px4io-v2_default.build/nuttx-export/libs/libnuttx.a(c-lib_sscanf.o)
 .rodata.spaces
                0x0800b2a8        0x7 /home/ground/Documents/P2-Hackathon/ardupilot/PX4Firmware/Build/px4io-v2_default.build/nuttx-export/libs/libnuttx.a(c-lib_sscanf.o)
 .rodata.str1.1
                0x0800b2af        0x9 /home/ground/Documents/P2-Hackathon/ardupilot/PX4Firmware/Build/px4io-v2_default.build/nuttx-export/libs/libnuttx.a(mm-mm_sem.o)
 .rodata.str1.1
                0x0800b2b8       0x17 /home/ground/Documents/P2-Hackathon/ardupilot/PX4Firmware/Build/px4io-v2_default.build/nuttx-export/libs/libnuttx.a(arch-stm32_dma.o)
 *fill*         0x0800b2cf        0x1 
 .rodata.g_gpiobase
                0x0800b2d0       0x10 /home/ground/Documents/P2-Hackathon/ardupilot/PX4Firmware/Build/px4io-v2_default.build/nuttx-export/libs/libnuttx.a(arch-stm32_gpio.o)
                0x0800b2d0                g_gpiobase
 .rodata.str1.1
                0x0800b2e0       0x23 /home/ground/Documents/P2-Hackathon/ardupilot/PX4Firmware/Build/px4io-v2_default.build/nuttx-export/libs/libnuttx.a(arch-stm32_serial.o)
 *fill*         0x0800b303        0x1 
 .rodata.uart_devs
                0x0800b304        0xc /home/ground/Documents/P2-Hackathon/ardupilot/PX4Firmware/Build/px4io-v2_default.build/nuttx-export/libs/libnuttx.a(arch-stm32_serial.o)
 .rodata.g_uart_ops
                0x0800b310       0x34 /home/ground/Documents/P2-Hackathon/ardupilot/PX4Firmware/Build/px4io-v2_default.build/nuttx-export/libs/libnuttx.a(arch-stm32_serial.o)
 .rodata.g_uart_dma_ops
                0x0800b344       0x34 /home/ground/Documents/P2-Hackathon/ardupilot/PX4Firmware/Build/px4io-v2_default.build/nuttx-export/libs/libnuttx.a(arch-stm32_serial.o)
 .rodata.str1.1
                0x0800b378      0x160 /home/ground/Documents/P2-Hackathon/ardupilot/PX4Firmware/Build/px4io-v2_default.build/nuttx-export/libs/libnuttx.a(arch-up_assert.o)
 .rodata.str1.1