
Discarded input sections

 .group         0x00000000        0x8 hmc5883_spi.cpp.o
 .group         0x00000000        0x8 hmc5883_spi.cpp.o
 .group         0x00000000        0x8 hmc5883_spi.cpp.o
 .group         0x00000000        0x8 hmc5883_spi.cpp.o
 .group         0x00000000        0x8 hmc5883_spi.cpp.o
 .group         0x00000000        0x8 hmc5883_spi.cpp.o
 .group         0x00000000        0x8 hmc5883_spi.cpp.o
 .group         0x00000000        0x8 hmc5883_spi.cpp.o
 .group         0x00000000        0x8 hmc5883_spi.cpp.o
 .group         0x00000000        0x8 hmc5883_spi.cpp.o
 .group         0x00000000        0x8 hmc5883_spi.cpp.o
 .group         0x00000000        0x8 hmc5883_spi.cpp.o
 .group         0x00000000        0x8 hmc5883_spi.cpp.o
 .group         0x00000000        0x8 hmc5883_spi.cpp.o
 .group         0x00000000        0x8 hmc5883_spi.cpp.o
 .group         0x00000000        0x8 hmc5883_spi.cpp.o
 .group         0x00000000        0x8 hmc5883_spi.cpp.o
 .group         0x00000000        0x8 hmc5883_spi.cpp.o
 .group         0x00000000        0x8 hmc5883_spi.cpp.o
 .group         0x00000000        0x8 hmc5883_spi.cpp.o
 .group         0x00000000        0x8 hmc5883_spi.cpp.o
 .group         0x00000000        0x8 hmc5883_spi.cpp.o
 .group         0x00000000        0x8 hmc5883_spi.cpp.o
 .group         0x00000000        0x8 hmc5883_spi.cpp.o
 .group         0x00000000        0x8 hmc5883_spi.cpp.o
 .group         0x00000000        0x8 hmc5883_spi.cpp.o
 .group         0x00000000        0x8 hmc5883_spi.cpp.o
 .group         0x00000000        0x8 hmc5883_spi.cpp.o
 .group         0x00000000        0x8 hmc5883_spi.cpp.o
 .group         0x00000000        0x8 hmc5883_spi.cpp.o
 .group         0x00000000        0x8 hmc5883_spi.cpp.o
 .group         0x00000000        0x8 hmc5883_spi.cpp.o
 .group         0x00000000        0x8 hmc5883_spi.cpp.o
 .group         0x00000000        0x8 hmc5883_spi.cpp.o
 .group         0x00000000        0x8 hmc5883_spi.cpp.o
 .group         0x00000000        0x8 hmc5883_spi.cpp.o
 .group         0x00000000        0x8 hmc5883_spi.cpp.o
 .group         0x00000000        0x8 hmc5883_spi.cpp.o
 .group         0x00000000        0x8 hmc5883_spi.cpp.o
 .group         0x00000000        0x8 hmc5883_spi.cpp.o
 .group         0x00000000        0x8 hmc5883_spi.cpp.o
 .group         0x00000000        0x8 hmc5883_spi.cpp.o
 .group         0x00000000        0x8 hmc5883_spi.cpp.o
 .group         0x00000000        0x8 hmc5883_spi.cpp.o
 .group         0x00000000        0x8 hmc5883_spi.cpp.o
 .group         0x00000000        0x8 hmc5883_spi.cpp.o
 .group         0x00000000        0x8 hmc5883_spi.cpp.o
 .group         0x00000000        0x8 hmc5883_spi.cpp.o
 .group         0x00000000        0x8 hmc5883_spi.cpp.o
 .group         0x00000000        0x8 hmc5883_spi.cpp.o
 .group         0x00000000        0x8 hmc5883_spi.cpp.o
 .group         0x00000000        0x8 hmc5883_spi.cpp.o
 .group         0x00000000        0x8 hmc5883_spi.cpp.o
 .group         0x00000000        0x8 hmc5883_spi.cpp.o
 .group         0x00000000        0x8 hmc5883_spi.cpp.o
 .group         0x00000000        0x8 hmc5883_spi.cpp.o
 .group         0x00000000        0x8 hmc5883_spi.cpp.o
 .group         0x00000000        0x8 hmc5883_spi.cpp.o
 .group         0x00000000        0x8 hmc5883_spi.cpp.o
 .group         0x00000000        0x8 hmc5883_spi.cpp.o
 .group         0x00000000        0x8 hmc5883_spi.cpp.o
 .group         0x00000000        0x8 hmc5883_spi.cpp.o
 .group         0x00000000        0x8 hmc5883_spi.cpp.o
 .group         0x00000000        0x8 hmc5883_spi.cpp.o
 .group         0x00000000        0x8 hmc5883_spi.cpp.o
 .group         0x00000000        0x8 hmc5883_spi.cpp.o
 .group         0x00000000        0x8 hmc5883_spi.cpp.o
 .group         0x00000000        0x8 hmc5883_spi.cpp.o
 .group         0x00000000        0x8 hmc5883_spi.cpp.o
 .group         0x00000000        0x8 hmc5883_spi.cpp.o
 .group         0x00000000        0x8 hmc5883_spi.cpp.o
 .group         0x00000000        0x8 hmc5883_spi.cpp.o
 .group         0x00000000        0x8 hmc5883_spi.cpp.o
 .group         0x00000000        0x8 hmc5883_spi.cpp.o
 .group         0x00000000        0x8 hmc5883_spi.cpp.o
 .group         0x00000000        0x8 hmc5883_spi.cpp.o
 .group         0x00000000        0x8 hmc5883_spi.cpp.o
 .group         0x00000000        0x8 hmc5883_spi.cpp.o
 .group         0x00000000        0x8 hmc5883_spi.cpp.o
 .group         0x00000000        0x8 hmc5883_spi.cpp.o
 .group         0x00000000        0x8 hmc5883_spi.cpp.o
 .group         0x00000000        0x8 hmc5883_spi.cpp.o
 .group         0x00000000        0x8 hmc5883_spi.cpp.o
 .group         0x00000000        0x8 hmc5883_spi.cpp.o
 .group         0x00000000        0x8 hmc5883_spi.cpp.o
 .debug_macro   0x00000000      0x92e hmc5883_spi.cpp.o
 .debug_macro   0x00000000       0x22 hmc5883_spi.cpp.o
 .debug_macro   0x00000000      0x89f hmc5883_spi.cpp.o
 .debug_macro   0x00000000       0xc9 hmc5883_spi.cpp.o
 .debug_macro   0x00000000       0x10 hmc5883_spi.cpp.o
 .debug_macro   0x00000000       0x88 hmc5883_spi.cpp.o
 .debug_macro   0x00000000      0x14e hmc5883_spi.cpp.o
 .debug_macro   0x00000000      0x125 hmc5883_spi.cpp.o
 .debug_macro   0x00000000       0x5d hmc5883_spi.cpp.o
 .debug_macro   0x00000000       0x22 hmc5883_spi.cpp.o
 .debug_macro   0x00000000       0x59 hmc5883_spi.cpp.o
 .debug_macro   0x00000000       0x58 hmc5883_spi.cpp.o
 .debug_macro   0x00000000      0x24e hmc5883_spi.cpp.o
 .debug_macro   0x00000000      0x6c1 hmc5883_spi.cpp.o
 .debug_macro   0x00000000       0xd1 hmc5883_spi.cpp.o
 .debug_macro   0x00000000       0x78 hmc5883_spi.cpp.o
 .debug_macro   0x00000000       0x28 hmc5883_spi.cpp.o
 .debug_macro   0x00000000      0x11b hmc5883_spi.cpp.o
 .debug_macro   0x00000000       0x10 hmc5883_spi.cpp.o
 .debug_macro   0x00000000       0x4c hmc5883_spi.cpp.o
 .debug_macro   0x00000000      0x27f hmc5883_spi.cpp.o
 .debug_macro   0x00000000       0x10 hmc5883_spi.cpp.o
 .debug_macro   0x00000000      0x195 hmc5883_spi.cpp.o
 .debug_macro   0x00000000       0x8a hmc5883_spi.cpp.o
 .debug_macro   0x00000000       0x10 hmc5883_spi.cpp.o
 .debug_macro   0x00000000       0x10 hmc5883_spi.cpp.o
 .debug_macro   0x00000000      0x6cb hmc5883_spi.cpp.o
 .debug_macro   0x00000000      0x20a hmc5883_spi.cpp.o
 .debug_macro   0x00000000      0xf6f hmc5883_spi.cpp.o
 .debug_macro   0x00000000      0x2ab hmc5883_spi.cpp.o
 .debug_macro   0x00000000      0x8b5 hmc5883_spi.cpp.o
 .debug_macro   0x00000000       0x23 hmc5883_spi.cpp.o
 .debug_macro   0x00000000       0x39 hmc5883_spi.cpp.o
 .debug_macro   0x00000000       0x78 hmc5883_spi.cpp.o
 .debug_macro   0x00000000      0x14e hmc5883_spi.cpp.o
 .debug_macro   0x00000000      0x7ca hmc5883_spi.cpp.o
 .debug_macro   0x00000000       0xff hmc5883_spi.cpp.o
 .debug_macro   0x00000000      0xae7 hmc5883_spi.cpp.o
 .debug_macro   0x00000000       0x51 hmc5883_spi.cpp.o
 .debug_macro   0x00000000      0x11a hmc5883_spi.cpp.o
 .debug_macro   0x00000000       0x16 hmc5883_spi.cpp.o
 .debug_macro   0x00000000       0x1d hmc5883_spi.cpp.o
 .debug_macro   0x00000000      0x206 hmc5883_spi.cpp.o
 .debug_macro   0x00000000      0x56a hmc5883_spi.cpp.o
 .debug_macro   0x00000000       0x9c hmc5883_spi.cpp.o
 .debug_macro   0x00000000      0x2bf hmc5883_spi.cpp.o
 .debug_macro   0x00000000       0xd3 hmc5883_spi.cpp.o
 .debug_macro   0x00000000       0x16 hmc5883_spi.cpp.o
 .debug_macro   0x00000000       0x34 hmc5883_spi.cpp.o
 .debug_macro   0x00000000      0xab0 hmc5883_spi.cpp.o
 .debug_macro   0x00000000       0x17 hmc5883_spi.cpp.o
 .debug_macro   0x00000000      0x6fa hmc5883_spi.cpp.o
 .debug_macro   0x00000000       0x22 hmc5883_spi.cpp.o
 .debug_macro   0x00000000      0x596 hmc5883_spi.cpp.o
 .debug_macro   0x00000000       0x16 hmc5883_spi.cpp.o
 .debug_macro   0x00000000      0x29b hmc5883_spi.cpp.o
 .debug_macro   0x00000000       0x16 hmc5883_spi.cpp.o
 .debug_macro   0x00000000     0x15a4 hmc5883_spi.cpp.o
 .debug_macro   0x00000000       0x53 hmc5883_spi.cpp.o
 .debug_macro   0x00000000      0x347 hmc5883_spi.cpp.o
 .debug_macro   0x00000000       0x96 hmc5883_spi.cpp.o
 .debug_macro   0x00000000       0x1c hmc5883_spi.cpp.o
 .debug_macro   0x00000000       0x9a hmc5883_spi.cpp.o
 .debug_macro   0x00000000      0x1cf hmc5883_spi.cpp.o
 .debug_macro   0x00000000      0x16c hmc5883_spi.cpp.o
 .debug_macro   0x00000000      0x413 hmc5883_spi.cpp.o
 .debug_macro   0x00000000       0x5f hmc5883_spi.cpp.o
 .debug_macro   0x00000000       0x1d hmc5883_spi.cpp.o
 .debug_macro   0x00000000       0xdf hmc5883_spi.cpp.o
 .debug_macro   0x00000000       0x16 hmc5883_spi.cpp.o
 .debug_macro   0x00000000      0x13f hmc5883_spi.cpp.o
 .debug_macro   0x00000000       0x16 hmc5883_spi.cpp.o
 .debug_macro   0x00000000       0x1c hmc5883_spi.cpp.o
 .debug_macro   0x00000000      0xdb4 hmc5883_spi.cpp.o
 .debug_macro   0x00000000       0x16 hmc5883_spi.cpp.o
 .debug_macro   0x00000000      0x215 hmc5883_spi.cpp.o
 .debug_macro   0x00000000       0x59 hmc5883_spi.cpp.o
 .debug_macro   0x00000000       0x1c hmc5883_spi.cpp.o
 .debug_macro   0x00000000       0x29 hmc5883_spi.cpp.o
 .debug_macro   0x00000000       0x46 hmc5883_spi.cpp.o
 .debug_macro   0x00000000       0x22 hmc5883_spi.cpp.o
 .debug_macro   0x00000000       0xac hmc5883_spi.cpp.o
 .debug_macro   0x00000000       0x78 hmc5883_spi.cpp.o
 .debug_macro   0x00000000       0x28 hmc5883_spi.cpp.o
 .debug_macro   0x00000000      0x24d hmc5883_spi.cpp.o
 .group         0x00000000        0x8 hmc5883.cpp.o
 .group         0x00000000        0x8 hmc5883.cpp.o
 .group         0x00000000        0x8 hmc5883.cpp.o
 .group         0x00000000        0x8 hmc5883.cpp.o
 .group         0x00000000        0x8 hmc5883.cpp.o
 .group         0x00000000        0x8 hmc5883.cpp.o
 .group         0x00000000        0x8 hmc5883.cpp.o
 .group         0x00000000        0x8 hmc5883.cpp.o
 .group         0x00000000        0x8 hmc5883.cpp.o
 .group         0x00000000        0x8 hmc5883.cpp.o
 .group         0x00000000        0x8 hmc5883.cpp.o
 .group         0x00000000        0x8 hmc5883.cpp.o
 .group         0x00000000        0x8 hmc5883.cpp.o
 .group         0x00000000        0x8 hmc5883.cpp.o
 .group         0x00000000        0x8 hmc5883.cpp.o
 .group         0x00000000        0x8 hmc5883.cpp.o
 .group         0x00000000        0x8 hmc5883.cpp.o
 .group         0x00000000        0x8 hmc5883.cpp.o
 .group         0x00000000        0x8 hmc5883.cpp.o
 .group         0x00000000        0x8 hmc5883.cpp.o
 .group         0x00000000        0x8 hmc5883.cpp.o
 .group         0x00000000        0x8 hmc5883.cpp.o
 .group         0x00000000        0x8 hmc5883.cpp.o
 .group         0x00000000        0x8 hmc5883.cpp.o
 .group         0x00000000        0x8 hmc5883.cpp.o
 .group         0x00000000        0x8 hmc5883.cpp.o
 .group         0x00000000        0x8 hmc5883.cpp.o
 .group         0x00000000        0x8 hmc5883.cpp.o
 .group         0x00000000        0x8 hmc5883.cpp.o
 .group         0x00000000        0x8 hmc5883.cpp.o
 .group         0x00000000        0x8 hmc5883.cpp.o
 .group         0x00000000        0x8 hmc5883.cpp.o
 .group         0x00000000        0x8 hmc5883.cpp.o
 .group         0x00000000        0x8 hmc5883.cpp.o
 .group         0x00000000        0x8 hmc5883.cpp.o
 .group         0x00000000        0x8 hmc5883.cpp.o
 .group         0x00000000        0x8 hmc5883.cpp.o
 .group         0x00000000        0x8 hmc5883.cpp.o
 .group         0x00000000        0x8 hmc5883.cpp.o
 .group         0x00000000        0x8 hmc5883.cpp.o
 .group         0x00000000        0x8 hmc5883.cpp.o
 .group         0x00000000        0x8 hmc5883.cpp.o
 .group         0x00000000        0x8 hmc5883.cpp.o
 .group         0x00000000        0x8 hmc5883.cpp.o
 .group         0x00000000        0x8 hmc5883.cpp.o
 .group         0x00000000        0x8 hmc5883.cpp.o
 .group         0x00000000        0x8 hmc5883.cpp.o
 .group         0x00000000        0x8 hmc5883.cpp.o
 .group         0x00000000        0x8 hmc5883.cpp.o
 .group         0x00000000        0x8 hmc5883.cpp.o
 .group         0x00000000        0x8 hmc5883.cpp.o
 .group         0x00000000        0x8 hmc5883.cpp.o
 .group         0x00000000        0x8 hmc5883.cpp.o
 .group         0x00000000        0x8 hmc5883.cpp.o
 .group         0x00000000        0x8 hmc5883.cpp.o
 .group         0x00000000        0x8 hmc5883.cpp.o
 .group         0x00000000        0x8 hmc5883.cpp.o
 .group         0x00000000        0x8 hmc5883.cpp.o
 .group         0x00000000        0x8 hmc5883.cpp.o
 .group         0x00000000        0x8 hmc5883.cpp.o
 .group         0x00000000        0x8 hmc5883.cpp.o
 .group         0x00000000        0x8 hmc5883.cpp.o
 .group         0x00000000        0x8 hmc5883.cpp.o
 .group         0x00000000        0x8 hmc5883.cpp.o
 .group         0x00000000        0x8 hmc5883.cpp.o
 .group         0x00000000        0x8 hmc5883.cpp.o
 .group         0x00000000        0x8 hmc5883.cpp.o
 .group         0x00000000        0x8 hmc5883.cpp.o
 .group         0x00000000        0x8 hmc5883.cpp.o
 .group         0x00000000        0x8 hmc5883.cpp.o
 .group         0x00000000        0x8 hmc5883.cpp.o
 .group         0x00000000        0x8 hmc5883.cpp.o
 .group         0x00000000        0x8 hmc5883.cpp.o
 .group         0x00000000        0x8 hmc5883.cpp.o
 .group         0x00000000        0x8 hmc5883.cpp.o
 .group         0x00000000        0x8 hmc5883.cpp.o
 .group         0x00000000        0x8 hmc5883.cpp.o
 .group         0x00000000        0x8 hmc5883.cpp.o
 .debug_macro   0x00000000      0x92e hmc5883.cpp.o
 .debug_macro   0x00000000       0x22 hmc5883.cpp.o
 .debug_macro   0x00000000      0x89f hmc5883.cpp.o
 .debug_macro   0x00000000       0xc9 hmc5883.cpp.o
 .debug_macro   0x00000000       0x10 hmc5883.cpp.o
 .debug_macro   0x00000000       0x88 hmc5883.cpp.o
 .debug_macro   0x00000000      0x14e hmc5883.cpp.o
 .debug_macro   0x00000000      0x125 hmc5883.cpp.o
 .debug_macro   0x00000000       0x5d hmc5883.cpp.o
 .debug_macro   0x00000000       0x23 hmc5883.cpp.o
 .debug_macro   0x00000000       0x39 hmc5883.cpp.o
 .debug_macro   0x00000000       0x9c hmc5883.cpp.o
 .debug_macro   0x00000000       0x58 hmc5883.cpp.o
 .debug_macro   0x00000000       0xd1 hmc5883.cpp.o
 .debug_macro   0x00000000       0x59 hmc5883.cpp.o
 .debug_macro   0x00000000      0x11b hmc5883.cpp.o
 .debug_macro   0x00000000      0x27f hmc5883.cpp.o
 .debug_macro   0x00000000       0x10 hmc5883.cpp.o
 .debug_macro   0x00000000      0x195 hmc5883.cpp.o
 .debug_macro   0x00000000       0x8a hmc5883.cpp.o
 .debug_macro   0x00000000       0x10 hmc5883.cpp.o
 .debug_macro   0x00000000       0x10 hmc5883.cpp.o
 .debug_macro   0x00000000       0x78 hmc5883.cpp.o
 .debug_macro   0x00000000       0x28 hmc5883.cpp.o
 .debug_macro   0x00000000      0x6cb hmc5883.cpp.o
 .debug_macro   0x00000000      0x20a hmc5883.cpp.o
 .debug_macro   0x00000000      0xf6f hmc5883.cpp.o
 .debug_macro   0x00000000      0x2ab hmc5883.cpp.o
 .debug_macro   0x00000000      0x8b5 hmc5883.cpp.o
 .debug_macro   0x00000000       0x78 hmc5883.cpp.o
 .debug_macro   0x00000000      0x14e hmc5883.cpp.o
 .debug_macro   0x00000000      0x7ca hmc5883.cpp.o
 .debug_macro   0x00000000       0xff hmc5883.cpp.o
 .debug_macro   0x00000000      0xae7 hmc5883.cpp.o
 .debug_macro   0x00000000       0x51 hmc5883.cpp.o
 .debug_macro   0x00000000      0x11a hmc5883.cpp.o
 .debug_macro   0x00000000       0x16 hmc5883.cpp.o
 .debug_macro   0x00000000       0x1d hmc5883.cpp.o
 .debug_macro   0x00000000      0x206 hmc5883.cpp.o
 .debug_macro   0x00000000      0x56a hmc5883.cpp.o
 .debug_macro   0x00000000      0x2bf hmc5883.cpp.o
 .debug_macro   0x00000000       0xd3 hmc5883.cpp.o
 .debug_macro   0x00000000       0x16 hmc5883.cpp.o
 .debug_macro   0x00000000       0x34 hmc5883.cpp.o
 .debug_macro   0x00000000      0xab0 hmc5883.cpp.o
 .debug_macro   0x00000000       0x17 hmc5883.cpp.o
 .debug_macro   0x00000000      0x6fa hmc5883.cpp.o
 .debug_macro   0x00000000       0x22 hmc5883.cpp.o
 .debug_macro   0x00000000      0x596 hmc5883.cpp.o
 .debug_macro   0x00000000       0x16 hmc5883.cpp.o
 .debug_macro   0x00000000      0x29b hmc5883.cpp.o
 .debug_macro   0x00000000       0x16 hmc5883.cpp.o
 .debug_macro   0x00000000     0x15a4 hmc5883.cpp.o
 .debug_macro   0x00000000       0x53 hmc5883.cpp.o
 .debug_macro   0x00000000      0x347 hmc5883.cpp.o
 .debug_macro   0x00000000       0x96 hmc5883.cpp.o
 .debug_macro   0x00000000       0x1c hmc5883.cpp.o
 .debug_macro   0x00000000       0x9a hmc5883.cpp.o
 .debug_macro   0x00000000      0x1cf hmc5883.cpp.o
 .debug_macro   0x00000000      0x16c hmc5883.cpp.o
 .debug_macro   0x00000000      0x413 hmc5883.cpp.o
 .debug_macro   0x00000000       0x5f hmc5883.cpp.o
 .debug_macro   0x00000000       0x1d hmc5883.cpp.o
 .debug_macro   0x00000000       0xdf hmc5883.cpp.o
 .debug_macro   0x00000000       0x16 hmc5883.cpp.o
 .debug_macro   0x00000000      0x13f hmc5883.cpp.o
 .debug_macro   0x00000000       0x16 hmc5883.cpp.o
 .debug_macro   0x00000000       0x1c hmc5883.cpp.o
 .debug_macro   0x00000000      0xdb4 hmc5883.cpp.o
 .debug_macro   0x00000000       0x16 hmc5883.cpp.o
 .debug_macro   0x00000000      0x24d hmc5883.cpp.o
 .debug_macro   0x00000000       0x29 hmc5883.cpp.o
 .debug_macro   0x00000000       0x1c hmc5883.cpp.o
 .debug_macro   0x00000000       0x46 hmc5883.cpp.o
 .debug_macro   0x00000000       0x22 hmc5883.cpp.o
 .debug_macro   0x00000000       0xac hmc5883.cpp.o
 .debug_macro   0x00000000       0x78 hmc5883.cpp.o
 .debug_macro   0x00000000       0x28 hmc5883.cpp.o

Memory Configuration

Name             Origin             Length             Attributes
*default*        0x00000000         0xffffffff

Linker script and memory map

LOAD hmc5883_i2c.cpp.o
LOAD hmc5883_spi.cpp.o
LOAD hmc5883.cpp.o

.interp
 *(.interp)

.note.gnu.build-id
 *(.note.gnu.build-id)

.hash
 *(.hash)

.gnu.hash
 *(.gnu.hash)

.dynsym
 *(.dynsym)

.dynstr
 *(.dynstr)

.gnu.version
 *(.gnu.version)

.gnu.version_d
 *(.gnu.version_d)

.gnu.version_r
 *(.gnu.version_r)

.rel.init
 *(.rel.init)

.rela.init
 *(.rela.init)

.rel.text
 *(.rel.text)

.rela.text
 *(.rela.text)

.rel.fini
 *(.rel.fini)

.rela.fini
 *(.rela.fini)

.rel.rodata
 *(.rel.rodata)

.rela.rodata
 *(.rela.rodata)

.rel.data.rel.ro
 *(.rel.data.rel.ro)

.rela.data.rel.ro
 *(.rela.data.rel.ro)

.rel.data
 *(.rel.data)

.rela.data
 *(.rela.data)

.rel.tdata
 *(.rel.tdata)

.rela.tdata
 *(.rela.tdata)

.rel.tbss
 *(.rel.tbss)

.rela.tbss
 *(.rela.tbss)

.rel.ctors
 *(.rel.ctors)

.rela.ctors
 *(.rela.ctors)

.rel.dtors
 *(.rel.dtors)

.rela.dtors
 *(.rela.dtors)

.rel.got
 *(.rel.got)

.rela.got
 *(.rela.got)

.rel.bss
 *(.rel.bss)

.rela.bss
 *(.rela.bss)

.rel.iplt
 *(.rel.iplt)

.rela.iplt
 *(.rela.iplt)

.rel.plt
 *(.rel.plt)

.rela.plt
 *(.rela.plt)

.init
 *(SORT(.init))

.plt
 *(.plt)

.iplt
 *(.iplt)

.text           0x00000000        0x0
 *(.text .stub)
 .text          0x00000000        0x0 hmc5883_i2c.cpp.o
 .text          0x00000000        0x0 hmc5883_spi.cpp.o
 .text          0x00000000        0x0 hmc5883.cpp.o
 *(.gnu.warning)

.text._ZN11HMC5883_I2CD2Ev
                0x00000000       0x14
 .text._ZN11HMC5883_I2CD2Ev
                0x00000000       0x14 hmc5883_i2c.cpp.o
                0x00000000                HMC5883_I2C::~HMC5883_I2C()
                0x00000000                HMC5883_I2C::~HMC5883_I2C()

.text._ZN11HMC5883_I2CD0Ev
                0x00000000       0x12
 .text._ZN11HMC5883_I2CD0Ev
                0x00000000       0x12 hmc5883_i2c.cpp.o
                0x00000000                HMC5883_I2C::~HMC5883_I2C()

.text._ZN11HMC5883_I2C5probeEv
                0x00000000       0x8c
 .text._ZN11HMC5883_I2C5probeEv
                0x00000000       0x8c hmc5883_i2c.cpp.o
                0x00000000                HMC5883_I2C::probe()

.text._ZN11HMC5883_I2C5writeEjPvj
                0x00000000       0x36
 .text._ZN11HMC5883_I2C5writeEjPvj
                0x00000000       0x36 hmc5883_i2c.cpp.o
                0x00000000                HMC5883_I2C::write(unsigned int, void*, unsigned int)

.text._ZN11HMC5883_I2C4readEjPvj
                0x00000000       0x1a
 .text._ZN11HMC5883_I2C4readEjPvj
                0x00000000       0x1a hmc5883_i2c.cpp.o
                0x00000000                HMC5883_I2C::read(unsigned int, void*, unsigned int)

.text._ZN11HMC5883_I2C5ioctlEjRj
                0x00000000       0x2a
 .text._ZN11HMC5883_I2C5ioctlEjRj
                0x00000000       0x2a hmc5883_i2c.cpp.o
                0x00000000                HMC5883_I2C::ioctl(unsigned int, unsigned int&)

.text._ZN11HMC5883_I2CC2Ei
                0x00000000       0x34
 .text._ZN11HMC5883_I2CC2Ei
                0x00000000       0x34 hmc5883_i2c.cpp.o
                0x00000000                HMC5883_I2C::HMC5883_I2C(int)
                0x00000000                HMC5883_I2C::HMC5883_I2C(int)

.text._Z21HMC5883_I2C_interfacei
                0x00000000       0x16
 .text._Z21HMC5883_I2C_interfacei
                0x00000000       0x16 hmc5883_i2c.cpp.o
                0x00000000                HMC5883_I2C_interface(int)

.text._ZN11HMC5883_I2C4initEv
                0x00000000        0x4
 .text._ZN11HMC5883_I2C4initEv
                0x00000000        0x4 hmc5883_i2c.cpp.o
                0x00000000                HMC5883_I2C::init()

.text._ZN11HMC5883_SPID2Ev
                0x00000000       0x14
 .text._ZN11HMC5883_SPID2Ev
                0x00000000       0x14 hmc5883_spi.cpp.o
                0x00000000                HMC5883_SPI::~HMC5883_SPI()
                0x00000000                HMC5883_SPI::~HMC5883_SPI()

.text._ZN11HMC5883_SPID0Ev
                0x00000000       0x12
 .text._ZN11HMC5883_SPID0Ev
                0x00000000       0x12 hmc5883_spi.cpp.o
                0x00000000                HMC5883_SPI::~HMC5883_SPI()

.text._ZN11HMC5883_SPI5writeEjPvj
                0x00000000       0x34
 .text._ZN11HMC5883_SPI5writeEjPvj
                0x00000000       0x34 hmc5883_spi.cpp.o
                0x00000000                HMC5883_SPI::write(unsigned int, void*, unsigned int)

.text._ZN11HMC5883_SPI4readEjPvj
                0x00000000       0x38
 .text._ZN11HMC5883_SPI4readEjPvj
                0x00000000       0x38 hmc5883_spi.cpp.o
                0x00000000                HMC5883_SPI::read(unsigned int, void*, unsigned int)

.text._ZN11HMC5883_SPI5ioctlEjRj
                0x00000000       0x2a
 .text._ZN11HMC5883_SPI5ioctlEjRj
                0x00000000       0x2a hmc5883_spi.cpp.o
                0x00000000                HMC5883_SPI::ioctl(unsigned int, unsigned int&)

.text._ZN11HMC5883_SPIC2Ei9spi_dev_e
                0x00000000       0x34
 .text._ZN11HMC5883_SPIC2Ei9spi_dev_e
                0x00000000       0x34 hmc5883_spi.cpp.o
                0x00000000                HMC5883_SPI::HMC5883_SPI(int, spi_dev_e)
                0x00000000                HMC5883_SPI::HMC5883_SPI(int, spi_dev_e)

.text._Z21HMC5883_SPI_interfacei
                0x00000000       0x18
 .text._Z21HMC5883_SPI_interfacei
                0x00000000       0x18 hmc5883_spi.cpp.o
                0x00000000                HMC5883_SPI_interface(int)

.text._ZN11HMC5883_SPI4initEv
                0x00000000       0x9c
 .text._ZN11HMC5883_SPI4initEv
                0x00000000       0x9c hmc5883_spi.cpp.o
                0x00000000                HMC5883_SPI::init()

.text._ZN10RingBufferD2Ev
                0x00000000       0x18
 .text._ZN10RingBufferD2Ev
                0x00000000       0x18 hmc5883.cpp.o
                0x00000000                RingBuffer::~RingBuffer()
                0x00000000                RingBuffer::~RingBuffer()

.text._ZN10RingBufferD0Ev
                0x00000000       0x12
 .text._ZN10RingBufferD0Ev
                0x00000000       0x12 hmc5883.cpp.o
                0x00000000                RingBuffer::~RingBuffer()

.text._ZN10RingBufferC2Ejj
                0x00000000       0x24
 .text._ZN10RingBufferC2Ejj
                0x00000000       0x24 hmc5883.cpp.o
                0x00000000                RingBuffer::RingBuffer(unsigned int, unsigned int)
                0x00000000                RingBuffer::RingBuffer(unsigned int, unsigned int)

.text._ZN10RingBuffer5_nextEj
                0x00000000        0xa
 .text._ZN10RingBuffer5_nextEj
                0x00000000        0xa hmc5883.cpp.o
                0x00000000                RingBuffer::_next(unsigned int)

.text._ZN10RingBuffer5emptyEv
                0x00000000        0xc
 .text._ZN10RingBuffer5emptyEv
                0x00000000        0xc hmc5883.cpp.o
                0x00000000                RingBuffer::empty()

.text._ZN10RingBuffer4fullEv
                0x00000000       0x14
 .text._ZN10RingBuffer4fullEv
                0x00000000       0x14 hmc5883.cpp.o
                0x00000000                RingBuffer::full()

.text._ZN10RingBuffer4sizeEv
                0x00000000        0xc
 .text._ZN10RingBuffer4sizeEv
                0x00000000        0xc hmc5883.cpp.o
                0x00000000                RingBuffer::size()

.text._ZN10RingBuffer3putEPKvj
                0x00000000       0x34
 .text._ZN10RingBuffer3putEPKvj
                0x00000000       0x34 hmc5883.cpp.o
                0x00000000                RingBuffer::put(void const*, unsigned int)

.text._ZN10RingBuffer3putEa
                0x00000000       0x16
 .text._ZN10RingBuffer3putEa
                0x00000000       0x16 hmc5883.cpp.o
                0x00000000                RingBuffer::put(signed char)

.text._ZN10RingBuffer3putEh
                0x00000000       0x16
 .text._ZN10RingBuffer3putEh
                0x00000000       0x16 hmc5883.cpp.o
                0x00000000                RingBuffer::put(unsigned char)

.text._ZN10RingBuffer3putEs
                0x00000000       0x16
 .text._ZN10RingBuffer3putEs
                0x00000000       0x16 hmc5883.cpp.o
                0x00000000                RingBuffer::put(short)

.text._ZN10RingBuffer3putEt
                0x00000000       0x16
 .text._ZN10RingBuffer3putEt
                0x00000000       0x16 hmc5883.cpp.o
                0x00000000                RingBuffer::put(unsigned short)

.text._ZN10RingBuffer3putEi
                0x00000000       0x16
 .text._ZN10RingBuffer3putEi
                0x00000000       0x16 hmc5883.cpp.o
                0x00000000                RingBuffer::put(int)

.text._ZN10RingBuffer3putEj
                0x00000000       0x16
 .text._ZN10RingBuffer3putEj
                0x00000000       0x16 hmc5883.cpp.o
                0x00000000                RingBuffer::put(unsigned int)

.text._ZN10RingBuffer3putEx
                0x00000000       0x14
 .text._ZN10RingBuffer3putEx
                0x00000000       0x14 hmc5883.cpp.o
                0x00000000                RingBuffer::put(long long)

.text._ZN10RingBuffer3putEy
                0x00000000       0x14
 .text._ZN10RingBuffer3putEy
                0x00000000       0x14 hmc5883.cpp.o
                0x00000000                RingBuffer::put(unsigned long long)

.text._ZN10RingBuffer3putEf
                0x00000000       0x14
 .text._ZN10RingBuffer3putEf
                0x00000000       0x14 hmc5883.cpp.o
                0x00000000                RingBuffer::put(float)

.text._ZN10RingBuffer3putEd
                0x00000000       0x14
 .text._ZN10RingBuffer3putEd
                0x00000000       0x14 hmc5883.cpp.o
                0x00000000                RingBuffer::put(double)

.text._ZN10RingBuffer3getEPvj
                0x00000000       0x68
 .text._ZN10RingBuffer3getEPvj
                0x00000000       0x68 hmc5883.cpp.o
                0x00000000                RingBuffer::get(void*, unsigned int)

.text._ZN10RingBuffer5flushEv
                0x00000000       0x1a
 .text._ZN10RingBuffer5flushEv
                0x00000000       0x1a hmc5883.cpp.o
                0x00000000                RingBuffer::flush()

.text._ZN10RingBuffer5forceEPKvj
                0x00000000       0x28
 .text._ZN10RingBuffer5forceEPKvj
                0x00000000       0x28 hmc5883.cpp.o
                0x00000000                RingBuffer::force(void const*, unsigned int)

.text._ZN10RingBuffer5forceEa
                0x00000000       0x16
 .text._ZN10RingBuffer5forceEa
                0x00000000       0x16 hmc5883.cpp.o
                0x00000000                RingBuffer::force(signed char)

.text._ZN10RingBuffer5forceEh
                0x00000000       0x16
 .text._ZN10RingBuffer5forceEh
                0x00000000       0x16 hmc5883.cpp.o
                0x00000000                RingBuffer::force(unsigned char)

.text._ZN10RingBuffer5forceEs
                0x00000000       0x16
 .text._ZN10RingBuffer5forceEs
                0x00000000       0x16 hmc5883.cpp.o
                0x00000000                RingBuffer::force(short)

.text._ZN10RingBuffer5forceEt
                0x00000000       0x16
 .text._ZN10RingBuffer5forceEt
                0x00000000       0x16 hmc5883.cpp.o
                0x00000000                RingBuffer::force(unsigned short)

.text._ZN10RingBuffer5forceEi
                0x00000000       0x16
 .text._ZN10RingBuffer5forceEi
                0x00000000       0x16 hmc5883.cpp.o
                0x00000000                RingBuffer::force(int)

.text._ZN10RingBuffer5forceEj
                0x00000000       0x16
 .text._ZN10RingBuffer5forceEj
                0x00000000       0x16 hmc5883.cpp.o
                0x00000000                RingBuffer::force(unsigned int)

.text._ZN10RingBuffer5forceEx
                0x00000000       0x14
 .text._ZN10RingBuffer5forceEx
                0x00000000       0x14 hmc5883.cpp.o
                0x00000000                RingBuffer::force(long long)

.text._ZN10RingBuffer5forceEy
                0x00000000       0x14
 .text._ZN10RingBuffer5forceEy
                0x00000000       0x14 hmc5883.cpp.o
                0x00000000                RingBuffer::force(unsigned long long)

.text._ZN10RingBuffer5forceEf
                0x00000000       0x14
 .text._ZN10RingBuffer5forceEf
                0x00000000       0x14 hmc5883.cpp.o
                0x00000000                RingBuffer::force(float)

.text._ZN10RingBuffer5forceEd
                0x00000000       0x14
 .text._ZN10RingBuffer5forceEd
                0x00000000       0x14 hmc5883.cpp.o
                0x00000000                RingBuffer::force(double)

.text._ZN10RingBuffer3getERa
                0x00000000        0x6
 .text._ZN10RingBuffer3getERa
                0x00000000        0x6 hmc5883.cpp.o
                0x00000000                RingBuffer::get(signed char&)

.text._ZN10RingBuffer3getERh
                0x00000000        0x6
 .text._ZN10RingBuffer3getERh
                0x00000000        0x6 hmc5883.cpp.o
                0x00000000                RingBuffer::get(unsigned char&)

.text._ZN10RingBuffer3getERs
                0x00000000        0x6
 .text._ZN10RingBuffer3getERs
                0x00000000        0x6 hmc5883.cpp.o
                0x00000000                RingBuffer::get(short&)

.text._ZN10RingBuffer3getERt
                0x00000000        0x6
 .text._ZN10RingBuffer3getERt
                0x00000000        0x6 hmc5883.cpp.o
                0x00000000                RingBuffer::get(unsigned short&)

.text._ZN10RingBuffer3getERi
                0x00000000        0x6
 .text._ZN10RingBuffer3getERi
                0x00000000        0x6 hmc5883.cpp.o
                0x00000000                RingBuffer::get(int&)

.text._ZN10RingBuffer3getERj
                0x00000000        0x6
 .text._ZN10RingBuffer3getERj
                0x00000000        0x6 hmc5883.cpp.o
                0x00000000                RingBuffer::get(unsigned int&)

.text._ZN10RingBuffer3getERx
                0x00000000        0x6
 .text._ZN10RingBuffer3getERx
                0x00000000        0x6 hmc5883.cpp.o
                0x00000000                RingBuffer::get(long long&)

.text._ZN10RingBuffer3getERy
                0x00000000        0x6
 .text._ZN10RingBuffer3getERy
                0x00000000        0x6 hmc5883.cpp.o
                0x00000000                RingBuffer::get(unsigned long long&)

.text._ZN10RingBuffer3getERf
                0x00000000        0x6
 .text._ZN10RingBuffer3getERf
                0x00000000        0x6 hmc5883.cpp.o
                0x00000000                RingBuffer::get(float&)

.text._ZN10RingBuffer3getERd
                0x00000000        0x6
 .text._ZN10RingBuffer3getERd
                0x00000000        0x6 hmc5883.cpp.o
                0x00000000                RingBuffer::get(double&)

.text._ZN10RingBuffer5spaceEv
                0x00000000       0x1a
 .text._ZN10RingBuffer5spaceEv
                0x00000000       0x1a hmc5883.cpp.o
                0x00000000                RingBuffer::space()

.text._ZN10RingBuffer5countEv
                0x00000000        0xc
 .text._ZN10RingBuffer5countEv
                0x00000000        0xc hmc5883.cpp.o
                0x00000000                RingBuffer::count()

.text._ZN10RingBuffer6resizeEj
                0x00000000       0x26
 .text._ZN10RingBuffer6resizeEj
                0x00000000       0x26 hmc5883.cpp.o
                0x00000000                RingBuffer::resize(unsigned int)

.text._ZN10RingBuffer10print_infoEPKc
                0x00000000       0x24
 .text._ZN10RingBuffer10print_infoEPKc
                0x00000000       0x24 hmc5883.cpp.o
                0x00000000                RingBuffer::print_info(char const*)

.text._ZN7HMC5883C2EPN6device6DeviceEPKc8Rotation
                0x00000000      0x10c
 .text._ZN7HMC5883C2EPN6device6DeviceEPKc8Rotation
                0x00000000      0x10c hmc5883.cpp.o
                0x00000000                HMC5883::HMC5883(device::Device*, char const*, Rotation)
                0x00000000                HMC5883::HMC5883(device::Device*, char const*, Rotation)

.text._ZN7HMC58835startEv
                0x00000000       0x2c
 .text._ZN7HMC58835startEv
                0x00000000       0x2c hmc5883.cpp.o
                0x00000000                HMC5883::start()

.text._ZN7HMC58834stopEv
                0x00000000        0xa
 .text._ZN7HMC58834stopEv
                0x00000000        0xa hmc5883.cpp.o
                0x00000000                HMC5883::stop()

.text._ZN7HMC5883D2Ev
                0x00000000       0x60
 .text._ZN7HMC5883D2Ev
                0x00000000       0x60 hmc5883.cpp.o
                0x00000000                HMC5883::~HMC5883()
                0x00000000                HMC5883::~HMC5883()

.text._ZN7HMC5883D0Ev
                0x00000000       0x12
 .text._ZN7HMC5883D0Ev
                0x00000000       0x12 hmc5883.cpp.o
                0x00000000                HMC5883::~HMC5883()

.text._ZN7HMC588311check_scaleEv
                0x00000000       0x68
 .text._ZN7HMC588311check_scaleEv
                0x00000000       0x68 hmc5883.cpp.o
                0x00000000                HMC5883::check_scale()

.text._ZN7HMC58839calibrateEP4filej
                0x00000000      0x294
 .text._ZN7HMC58839calibrateEP4filej
                0x00000000      0x294 hmc5883.cpp.o
                0x00000000                HMC5883::calibrate(file*, unsigned int)

.text._ZN7HMC588312check_offsetEv
                0x00000000       0x68
 .text._ZN7HMC588312check_offsetEv
                0x00000000       0x68 hmc5883.cpp.o
                0x00000000                HMC5883::check_offset()

.text._ZN7HMC588317check_calibrationEv
                0x00000000       0x68
 .text._ZN7HMC588317check_calibrationEv
                0x00000000       0x68 hmc5883.cpp.o
                0x00000000                HMC5883::check_calibration()

.text._ZN7HMC58839write_regEhh
                0x00000000       0x18
 .text._ZN7HMC58839write_regEhh
                0x00000000       0x18 hmc5883.cpp.o
                0x00000000                HMC5883::write_reg(unsigned char, unsigned char)

.text._ZN7HMC58837measureEv
                0x00000000       0x1c
 .text._ZN7HMC58837measureEv
                0x00000000       0x1c hmc5883.cpp.o
                0x00000000                HMC5883::measure()

.text._ZN7HMC58838read_regEhRh
                0x00000000       0x20
 .text._ZN7HMC58838read_regEhRh
                0x00000000       0x20 hmc5883.cpp.o
                0x00000000                HMC5883::read_reg(unsigned char, unsigned char&)

.text._ZN7HMC58839set_rangeEj
                0x00000000      0x13c
 .text._ZN7HMC58839set_rangeEj
                0x00000000      0x13c hmc5883.cpp.o
                0x00000000                HMC5883::set_range(unsigned int)

.text._ZN7HMC58835resetEv
                0x00000000       0x10
 .text._ZN7HMC58835resetEv
                0x00000000       0x10 hmc5883.cpp.o
                0x00000000                HMC5883::reset()

.text._ZN7HMC588311check_rangeEv
                0x00000000       0x4a
 .text._ZN7HMC588311check_rangeEv
                0x00000000       0x4a hmc5883.cpp.o
                0x00000000                HMC5883::check_range()

.text._ZN7HMC588310check_confEv
                0x00000000       0x42
 .text._ZN7HMC588310check_confEv
                0x00000000       0x42 hmc5883.cpp.o
                0x00000000                HMC5883::check_conf()

.text._ZN7HMC588314set_excitementEj
                0x00000000       0x6c
 .text._ZN7HMC588314set_excitementEj
                0x00000000       0x6c hmc5883.cpp.o
                0x00000000                HMC5883::set_excitement(unsigned int)

.text._ZN7HMC588328set_temperature_compensationEj
                0x00000000       0x64
 .text._ZN7HMC588328set_temperature_compensationEj
                0x00000000       0x64 hmc5883.cpp.o
                0x00000000                HMC5883::set_temperature_compensation(unsigned int)

.text._ZN7HMC58837collectEv
                0x00000000      0x2b0
 .text._ZN7HMC58837collectEv
                0x00000000      0x2b0 hmc5883.cpp.o
                0x00000000                HMC5883::collect()

.text._ZN7HMC58834readEP4filePcj
                0x00000000       0x7a
 .text._ZN7HMC58834readEP4filePcj
                0x00000000       0x7a hmc5883.cpp.o
                0x00000000                HMC5883::read(file*, char*, unsigned int)

.text._ZN7HMC58835cycleEv
                0x00000000       0x6c
 .text._ZN7HMC58835cycleEv
                0x00000000       0x6c hmc5883.cpp.o
                0x00000000                HMC5883::cycle()

.text._ZN7HMC588316cycle_trampolineEPv
                0x00000000        0x4
 .text._ZN7HMC588316cycle_trampolineEPv
                0x00000000        0x4 hmc5883.cpp.o
                0x00000000                HMC5883::cycle_trampoline(void*)

.text._ZN7HMC588313meas_to_floatEPh
                0x00000000       0x1c
 .text._ZN7HMC588313meas_to_floatEPh
                0x00000000       0x1c hmc5883.cpp.o
                0x00000000                HMC5883::meas_to_float(unsigned char*)

.text._ZN7HMC588310print_infoEv
                0x00000000      0x108
 .text._ZN7HMC588310print_infoEv
                0x00000000      0x108 hmc5883.cpp.o
                0x00000000                HMC5883::print_info()

.text._ZN7hmc58839start_busERNS_18hmc5883_bus_optionE8Rotation
                0x00000000       0xa8
 .text._ZN7hmc58839start_busERNS_18hmc5883_bus_optionE8Rotation
                0x00000000       0xa8 hmc5883.cpp.o
                0x00000000                hmc5883::start_bus(hmc5883::hmc5883_bus_option&, Rotation)

.text._ZN7hmc58835startE11HMC5883_BUS8Rotation
                0x00000000       0x48
 .text._ZN7hmc58835startE11HMC5883_BUS8Rotation
                0x00000000       0x48 hmc5883.cpp.o
                0x00000000                hmc5883::start(HMC5883_BUS, Rotation)

.text._ZN7hmc58838find_busE11HMC5883_BUS
                0x00000000       0x38
 .text._ZN7hmc58838find_busE11HMC5883_BUS
                0x00000000       0x38 hmc5883.cpp.o
                0x00000000                hmc5883::find_bus(HMC5883_BUS)

.text._ZN7hmc58834testE11HMC5883_BUS
                0x00000000      0x170
 .text._ZN7hmc58834testE11HMC5883_BUS
                0x00000000      0x170 hmc5883.cpp.o
                0x00000000                hmc5883::test(HMC5883_BUS)

.text._ZN7hmc58839calibrateE11HMC5883_BUS
                0x00000000       0x44
 .text._ZN7hmc58839calibrateE11HMC5883_BUS
                0x00000000       0x44 hmc5883.cpp.o
                0x00000000                hmc5883::calibrate(HMC5883_BUS)

.text._ZN7hmc58835resetE11HMC5883_BUS
                0x00000000       0x5c
 .text._ZN7hmc58835resetE11HMC5883_BUS
                0x00000000       0x5c hmc5883.cpp.o
                0x00000000                hmc5883::reset(HMC5883_BUS)

.text._ZN7hmc588311temp_enableE11HMC5883_BUSb
                0x00000000       0x44
 .text._ZN7hmc588311temp_enableE11HMC5883_BUSb
                0x00000000       0x44 hmc5883.cpp.o
                0x00000000                hmc5883::temp_enable(HMC5883_BUS, bool)

.text._ZN7hmc58834infoE11HMC5883_BUS
                0x00000000       0x24
 .text._ZN7hmc58834infoE11HMC5883_BUS
                0x00000000       0x24 hmc5883.cpp.o
                0x00000000                hmc5883::info(HMC5883_BUS)

.text._ZN7hmc58835usageEv
                0x00000000       0x44
 .text._ZN7hmc58835usageEv
                0x00000000       0x44 hmc5883.cpp.o
                0x00000000                hmc5883::usage()

.text.hmc5883_main
                0x00000000      0x154
 .text.hmc5883_main
                0x00000000      0x154 hmc5883.cpp.o
                0x00000000                hmc5883_main

.text._ZN7HMC58834initEv
                0x00000000       0x50
 .text._ZN7HMC58834initEv
                0x00000000       0x50 hmc5883.cpp.o
                0x00000000                HMC5883::init()

.text._ZN7HMC58835ioctlEP4fileim
                0x00000000      0x20c
 .text._ZN7HMC58835ioctlEP4fileim
                0x00000000      0x20c hmc5883.cpp.o
                0x00000000                HMC5883::ioctl(file*, int, unsigned long)

.fini
 *(SORT(.fini))

.rodata         0x00000000       0x18
 *(.rodata)
 .rodata        0x00000000       0x18 hmc5883.cpp.o

.rodata.str1.1  0x00000000      0x7e4
 .rodata.str1.1
                0x00000000       0x3c hmc5883_i2c.cpp.o
 .rodata.str1.1
                0x0000003c       0x4c hmc5883_spi.cpp.o
 .rodata.str1.1
                0x00000088      0x75c hmc5883.cpp.o

.rodata._ZTV11HMC5883_I2C
                0x00000000       0x60
 .rodata._ZTV11HMC5883_I2C
                0x00000000       0x60 hmc5883_i2c.cpp.o
                0x00000000                vtable for HMC5883_I2C

.rodata._ZTV11HMC5883_SPI
                0x00000000       0x60
 .rodata._ZTV11HMC5883_SPI
                0x00000000       0x60 hmc5883_spi.cpp.o
                0x00000000                vtable for HMC5883_SPI

.rodata._ZTV7HMC5883
                0x00000000       0x5c
 .rodata._ZTV7HMC5883
                0x00000000       0x5c hmc5883.cpp.o
                0x00000000                vtable for HMC5883

.rodata._ZTV10RingBuffer
                0x00000000       0x10
 .rodata._ZTV10RingBuffer
                0x00000000       0x10 hmc5883.cpp.o
                0x00000000                vtable for RingBuffer

.rodata1
 *(.rodata1)

.ARM.extab
 *(.ARM.extab)

.ARM.exidx
 *(.ARM.exidx)

.eh_frame_hdr
 *(.eh_frame_hdr)

.eh_frame
 *(.eh_frame)

.gcc_except_table
 *(.gcc_except_table .gcc_except_table.*)

.exception_ranges
 *(.exception_ranges .exception_ranges*)

.eh_frame
 *(.eh_frame)

.gcc_except_table
 *(.gcc_except_table .gcc_except_table.*)

.exception_ranges
 *(.exception_ranges .exception_ranges*)

.tdata
 *(.tdata)

.tbss
 *(.tbss)

.preinit_array
 *(.preinit_array)

.jcr
 *(.jcr)

.dynamic
 *(.dynamic)

.got
 *(.got.plt)
 *(.igot.plt)
 *(.got)
 *(.igot)

.data           0x00000000        0x0
 *(.data)
 .data          0x00000000        0x0 hmc5883_i2c.cpp.o
 .data          0x00000000        0x0 hmc5883_spi.cpp.o
 .data          0x00000000        0x0 hmc5883.cpp.o

.data._ZN7hmc588311bus_optionsE
                0x00000000       0x3c
 .data._ZN7hmc588311bus_optionsE
                0x00000000       0x3c hmc5883.cpp.o
                0x00000000                hmc5883::bus_options

.data1
 *(.data1)

.bss            0x00000000        0x0
 *(.dynbss)
 *(.bss)
 .bss           0x00000000        0x0 hmc5883_i2c.cpp.o
 .bss           0x00000000        0x0 hmc5883_spi.cpp.o
 .bss           0x00000000        0x0 hmc5883.cpp.o
 *(COMMON)

.stab
 *(.stab)

.stabstr
 *(.stabstr)

.stab.excl
 *(.stab.excl)

.stab.exclstr
 *(.stab.exclstr)

.stab.index
 *(.stab.index)

.stab.indexstr
 *(.stab.indexstr)

.comment        0x00000000      0x153
 *(.comment)
 .comment       0x00000000       0x71 hmc5883_i2c.cpp.o
 .comment       0x00000071       0x71 hmc5883_spi.cpp.o
 .comment       0x000000e2       0x71 hmc5883.cpp.o

.group          0x00000000        0x8
 .group         0x00000000        0x8 hmc5883_i2c.cpp.o

.group          0x00000000        0x8
 .group         0x00000000        0x8 hmc5883_i2c.cpp.o

.group          0x00000000        0x8
 .group         0x00000000        0x8 hmc5883_i2c.cpp.o

.group          0x00000000        0x8
 .group         0x00000000        0x8 hmc5883_i2c.cpp.o

.group          0x00000000        0x8
 .group         0x00000000        0x8 hmc5883_i2c.cpp.o

.group          0x00000000        0x8
 .group         0x00000000        0x8 hmc5883_i2c.cpp.o

.group          0x00000000        0x8
 .group         0x00000000        0x8 hmc5883_i2c.cpp.o

.group          0x00000000        0x8
 .group         0x00000000        0x8 hmc5883_i2c.cpp.o

.group          0x00000000        0x8
 .group         0x00000000        0x8 hmc5883_i2c.cpp.o

.group          0x00000000        0x8
 .group         0x00000000        0x8 hmc5883_i2c.cpp.o

.group          0x00000000        0x8
 .group         0x00000000        0x8 hmc5883_i2c.cpp.o

.group          0x00000000        0x8
 .group         0x00000000        0x8 hmc5883_i2c.cpp.o

.group          0x00000000        0x8
 .group         0x00000000        0x8 hmc5883_i2c.cpp.o

.group          0x00000000        0x8
 .group         0x00000000        0x8 hmc5883_i2c.cpp.o

.group          0x00000000        0x8
 .group         0x00000000        0x8 hmc5883_i2c.cpp.o

.group          0x00000000        0x8
 .group         0x00000000        0x8 hmc5883_i2c.cpp.o

.group          0x00000000        0x8
 .group         0x00000000        0x8 hmc5883_i2c.cpp.o

.group          0x00000000        0x8
 .group         0x00000000        0x8 hmc5883_i2c.cpp.o

.group          0x00000000        0x8
 .group         0x00000000        0x8 hmc5883_i2c.cpp.o

.group          0x00000000        0x8
 .group         0x00000000        0x8 hmc5883_i2c.cpp.o

.group          0x00000000        0x8
 .group         0x00000000        0x8 hmc5883_i2c.cpp.o

.group          0x00000000        0x8
 .group         0x00000000        0x8 hmc5883_i2c.cpp.o

.group          0x00000000        0x8
 .group         0x00000000        0x8 hmc5883_i2c.cpp.o

.group          0x00000000        0x8
 .group         0x00000000        0x8 hmc5883_i2c.cpp.o

.group          0x00000000        0x8
 .group         0x00000000        0x8 hmc5883_i2c.cpp.o

.group          0x00000000        0x8
 .group         0x00000000        0x8 hmc5883_i2c.cpp.o

.group          0x00000000        0x8
 .group         0x00000000        0x8 hmc5883_i2c.cpp.o

.group          0x00000000        0x8
 .group         0x00000000        0x8 hmc5883_i2c.cpp.o

.group          0x00000000        0x8
 .group         0x00000000        0x8 hmc5883_i2c.cpp.o

.group          0x00000000        0x8
 .group         0x00000000        0x8 hmc5883_i2c.cpp.o

.group          0x00000000        0x8
 .group         0x00000000        0x8 hmc5883_i2c.cpp.o

.group          0x00000000        0x8
 .group         0x00000000        0x8 hmc5883_i2c.cpp.o

.group          0x00000000        0x8
 .group         0x00000000        0x8 hmc5883_i2c.cpp.o

.group          0x00000000        0x8
 .group         0x00000000        0x8 hmc5883_i2c.cpp.o

.group          0x00000000        0x8
 .group         0x00000000        0x8 hmc5883_i2c.cpp.o

.group          0x00000000        0x8
 .group         0x00000000        0x8 hmc5883_i2c.cpp.o

.group          0x00000000        0x8
 .group         0x00000000        0x8 hmc5883_i2c.cpp.o

.group          0x00000000        0x8
 .group         0x00000000        0x8 hmc5883_i2c.cpp.o

.group          0x00000000        0x8
 .group         0x00000000        0x8 hmc5883_i2c.cpp.o

.group          0x00000000        0x8
 .group         0x00000000        0x8 hmc5883_i2c.cpp.o

.group          0x00000000        0x8
 .group         0x00000000        0x8 hmc5883_i2c.cpp.o

.group          0x00000000        0x8
 .group         0x00000000        0x8 hmc5883_i2c.cpp.o

.group          0x00000000        0x8
 .group         0x00000000        0x8 hmc5883_i2c.cpp.o

.group          0x00000000        0x8
 .group         0x00000000        0x8 hmc5883_i2c.cpp.o

.group          0x00000000        0x8
 .group         0x00000000        0x8 hmc5883_i2c.cpp.o

.group          0x00000000        0x8
 .group         0x00000000        0x8 hmc5883_i2c.cpp.o

.group          0x00000000        0x8
 .group         0x00000000        0x8 hmc5883_i2c.cpp.o

.group          0x00000000        0x8
 .group         0x00000000        0x8 hmc5883_i2c.cpp.o

.group          0x00000000        0x8
 .group         0x00000000        0x8 hmc5883_i2c.cpp.o

.group          0x00000000        0x8
 .group         0x00000000        0x8 hmc5883_i2c.cpp.o

.group          0x00000000        0x8
 .group         0x00000000        0x8 hmc5883_i2c.cpp.o

.group          0x00000000        0x8
 .group         0x00000000        0x8 hmc5883_i2c.cpp.o

.group          0x00000000        0x8
 .group         0x00000000        0x8 hmc5883_i2c.cpp.o

.group          0x00000000        0x8
 .group         0x00000000        0x8 hmc5883_i2c.cpp.o

.group          0x00000000        0x8
 .group         0x00000000        0x8 hmc5883_i2c.cpp.o

.group          0x00000000        0x8
 .group         0x00000000        0x8 hmc5883_i2c.cpp.o

.group          0x00000000        0x8
 .group         0x00000000        0x8 hmc5883_i2c.cpp.o

.group          0x00000000        0x8
 .group         0x00000000        0x8 hmc5883_i2c.cpp.o

.group          0x00000000        0x8
 .group         0x00000000        0x8 hmc5883_i2c.cpp.o

.group          0x00000000        0x8
 .group         0x00000000        0x8 hmc5883_i2c.cpp.o

.group          0x00000000        0x8
 .group         0x00000000        0x8 hmc5883_i2c.cpp.o

.group          0x00000000        0x8
 .group         0x00000000        0x8 hmc5883_i2c.cpp.o

.group          0x00000000        0x8
 .group         0x00000000        0x8 hmc5883_i2c.cpp.o

.group          0x00000000        0x8
 .group         0x00000000        0x8 hmc5883_i2c.cpp.o

.group          0x00000000        0x8
 .group         0x00000000        0x8 hmc5883_i2c.cpp.o

.group          0x00000000        0x8
 .group         0x00000000        0x8 hmc5883_i2c.cpp.o

.group          0x00000000        0x8
 .group         0x00000000        0x8 hmc5883_i2c.cpp.o

.group          0x00000000        0x8
 .group         0x00000000        0x8 hmc5883_i2c.cpp.o

.group          0x00000000        0x8
 .group         0x00000000        0x8 hmc5883_i2c.cpp.o

.group          0x00000000        0x8
 .group         0x00000000        0x8 hmc5883_i2c.cpp.o

.group          0x00000000        0x8
 .group         0x00000000        0x8 hmc5883_i2c.cpp.o

.group          0x00000000        0x8
 .group         0x00000000        0x8 hmc5883_i2c.cpp.o

.group          0x00000000        0x8
 .group         0x00000000        0x8 hmc5883_i2c.cpp.o

.group          0x00000000        0x8
 .group         0x00000000        0x8 hmc5883_i2c.cpp.o

.group          0x00000000        0x8
 .group         0x00000000        0x8 hmc5883_i2c.cpp.o

.group          0x00000000        0x8
 .group         0x00000000        0x8 hmc5883_i2c.cpp.o

.group          0x00000000        0x8
 .group         0x00000000        0x8 hmc5883_i2c.cpp.o

.group          0x00000000        0x8
 .group         0x00000000        0x8 hmc5883_i2c.cpp.o

.group          0x00000000        0x8
 .group         0x00000000        0x8 hmc5883_i2c.cpp.o

.group          0x00000000        0x8
 .group         0x00000000        0x8 hmc5883_i2c.cpp.o

.group          0x00000000        0x8
 .group         0x00000000        0x8 hmc5883_i2c.cpp.o

.group          0x00000000        0x8
 .group         0x00000000        0x8 hmc5883_i2c.cpp.o

.group          0x00000000        0x8
 .group         0x00000000        0x8 hmc5883_i2c.cpp.o

.group          0x00000000        0x8
 .group         0x00000000        0x8 hmc5883_i2c.cpp.o

.group          0x00000000        0x8
 .group         0x00000000        0x8 hmc5883_i2c.cpp.o

.group          0x00000000        0x8
 .group         0x00000000        0x8 hmc5883.cpp.o

.group          0x00000000        0x8
 .group         0x00000000        0x8 hmc5883.cpp.o

.group          0x00000000        0x8
 .group         0x00000000        0x8 hmc5883.cpp.o

.group          0x00000000        0x8
 .group         0x00000000        0x8 hmc5883.cpp.o

.group          0x00000000        0x8
 .group         0x00000000        0x8 hmc5883.cpp.o

.group          0x00000000        0x8
 .group         0x00000000        0x8 hmc5883.cpp.o

.group          0x00000000        0x8
 .group         0x00000000        0x8 hmc5883.cpp.o

.group          0x00000000        0x8
 .group         0x00000000        0x8 hmc5883.cpp.o

.group          0x00000000        0x8
 .group         0x00000000        0x8 hmc5883.cpp.o

.group          0x00000000        0x8
 .group         0x00000000        0x8 hmc5883.cpp.o

.group          0x00000000        0x8
 .group         0x00000000        0x8 hmc5883.cpp.o

.group          0x00000000        0x8
 .group         0x00000000        0x8 hmc5883.cpp.o

.group          0x00000000        0x8
 .group         0x00000000        0x8 hmc5883.cpp.o

.group          0x00000000        0x8
 .group         0x00000000        0x8 hmc5883.cpp.o

.group          0x00000000        0x8
 .group         0x00000000        0x8 hmc5883.cpp.o

.group          0x00000000        0x8
 .group         0x00000000        0x8 hmc5883.cpp.o

.group          0x00000000        0x8
 .group         0x00000000        0x8 hmc5883.cpp.o

.group          0x00000000        0x8
 .group         0x00000000        0x8 hmc5883.cpp.o

.group          0x00000000        0x8
 .group         0x00000000        0x8 hmc5883.cpp.o

.group          0x00000000        0x8
 .group         0x00000000        0x8 hmc5883.cpp.o

.group          0x00000000        0x8
 .group         0x00000000        0x8 hmc5883.cpp.o

.group          0x00000000        0x8
 .group         0x00000000        0x8 hmc5883.cpp.o

.group          0x00000000        0x8
 .group         0x00000000        0x8 hmc5883.cpp.o

.group          0x00000000        0x8
 .group         0x00000000        0x8 hmc5883.cpp.o

.group          0x00000000        0x8
 .group         0x00000000        0x8 hmc5883.cpp.o

.group          0x00000000        0x8
 .group         0x00000000        0x8 hmc5883.cpp.o

.group          0x00000000        0x8
 .group         0x00000000        0x8 hmc5883.cpp.o

.group          0x00000000        0x8
 .group         0x00000000        0x8 hmc5883.cpp.o

.group          0x00000000        0x8
 .group         0x00000000        0x8 hmc5883.cpp.o

.group          0x00000000        0x8
 .group         0x00000000        0x8 hmc5883.cpp.o

.group          0x00000000        0x8
 .group         0x00000000        0x8 hmc5883.cpp.o

.group          0x00000000        0x8
 .group         0x00000000        0x8 hmc5883.cpp.o

.group          0x00000000        0x8
 .group         0x00000000        0x8 hmc5883.cpp.o

.group          0x00000000        0x8
 .group         0x00000000        0x8 hmc5883.cpp.o

.group          0x00000000        0x8
 .group         0x00000000        0x8 hmc5883.cpp.o

.group          0x00000000        0x8
 .group         0x00000000        0x8 hmc5883.cpp.o

.debug
 *(.debug)

.line
 *(.line)

.debug_srcinfo
 *(.debug_srcinfo)

.debug_sfnames
 *(.debug_sfnames)

.debug_aranges  0x00000000      0x358
 *(.debug_aranges)
 .debug_aranges
                0x00000000       0x60 hmc5883_i2c.cpp.o
 .debug_aranges
                0x00000060       0x58 hmc5883_spi.cpp.o
 .debug_aranges
                0x000000b8      0x2a0 hmc5883.cpp.o

.debug_pubnames
 *(.debug_pubnames)

.debug_info     0x00000000     0x7e79
 *(.debug_info)
 .debug_info    0x00000000      0xf63 hmc5883_i2c.cpp.o
 .debug_info    0x00000f63      0xfee hmc5883_spi.cpp.o
 .debug_info    0x00001f51     0x5f28 hmc5883.cpp.o

.debug_abbrev   0x00000000     0x109c
 *(.debug_abbrev)
 .debug_abbrev  0x00000000      0x39a hmc5883_i2c.cpp.o
 .debug_abbrev  0x0000039a      0x3c1 hmc5883_spi.cpp.o
 .debug_abbrev  0x0000075b      0x941 hmc5883.cpp.o

.debug_line     0x00000000     0x3bbf
 *(.debug_line .debug_line.* .debug_line_end)
 .debug_line    0x00000000      0xd8a hmc5883_i2c.cpp.o
 .debug_line    0x00000d8a      0xd86 hmc5883_spi.cpp.o
 .debug_line    0x00001b10     0x20af hmc5883.cpp.o

.debug_frame    0x00000000      0xa0c
 *(.debug_frame)
 .debug_frame   0x00000000      0x108 hmc5883_i2c.cpp.o
 .debug_frame   0x00000108      0x100 hmc5883_spi.cpp.o
 .debug_frame   0x00000208      0x804 hmc5883.cpp.o

.debug_str      0x00000000    0xd74e1
 *(.debug_str)
 .debug_str     0x00000000    0x45c58 hmc5883_i2c.cpp.o
 .debug_str     0x00045c58    0x45d67 hmc5883_spi.cpp.o
 .debug_str     0x0008b9bf    0x4bb22 hmc5883.cpp.o

.debug_loc      0x00000000     0x2f54
 *(.debug_loc)
 .debug_loc     0x00000000      0x374 hmc5883_i2c.cpp.o
 .debug_loc     0x00000374      0x3e9 hmc5883_spi.cpp.o
 .debug_loc     0x0000075d     0x27f7 hmc5883.cpp.o

.debug_macinfo
 *(.debug_macinfo)

.debug_weaknames
 *(.debug_weaknames)

.debug_funcnames
 *(.debug_funcnames)

.debug_typenames
 *(.debug_typenames)

.debug_varnames
 *(.debug_varnames)

.debug_pubtypes
 *(.debug_pubtypes)

.debug_ranges   0x00000000      0x5b8
 *(.debug_ranges)
 .debug_ranges  0x00000000       0xb8 hmc5883_i2c.cpp.o
 .debug_ranges  0x000000b8       0xb0 hmc5883_spi.cpp.o
 .debug_ranges  0x00000168      0x450 hmc5883.cpp.o

.debug_macro    0x00000000     0x10ed
 *(.debug_macro)
 .debug_macro   0x00000000      0x481 hmc5883_i2c.cpp.o
 .debug_macro   0x00000481      0x499 hmc5883_spi.cpp.o
 .debug_macro   0x0000091a      0x7d3 hmc5883.cpp.o

.stack
 *(.stack)

.ARM.attributes
                0x00000000       0x35
 *(.ARM.attributes)
 .ARM.attributes
                0x00000000       0x35 hmc5883_i2c.cpp.o
 .ARM.attributes
                0x00000035       0x35 hmc5883_spi.cpp.o
 .ARM.attributes
                0x0000006a       0x35 hmc5883.cpp.o
 *(.gnu.attributes)

.note.gnu.arm.ident
 *(.note.gnu.arm.ident)
OUTPUT(/home/ground/Desktop/PX4Firmware/Build/px4fmu-v2_APM.build//home/ground/Desktop/PX4Firmware/src/drivers/hmc5883/module.pre.o elf32-littlearm)

.debug_macro    0x00000000      0x92e
 .debug_macro   0x00000000      0x92e hmc5883_i2c.cpp.o

.debug_macro    0x00000000       0x22
 .debug_macro   0x00000000       0x22 hmc5883_i2c.cpp.o

.debug_macro    0x00000000      0x89f
 .debug_macro   0x00000000      0x89f hmc5883_i2c.cpp.o

.debug_macro    0x00000000       0xc9
 .debug_macro   0x00000000       0xc9 hmc5883_i2c.cpp.o

.debug_macro    0x00000000       0x10
 .debug_macro   0x00000000       0x10 hmc5883_i2c.cpp.o

.debug_macro    0x00000000       0x88
 .debug_macro   0x00000000       0x88 hmc5883_i2c.cpp.o

.debug_macro    0x00000000      0x14e
 .debug_macro   0x00000000      0x14e hmc5883_i2c.cpp.o

.debug_macro    0x00000000      0x125
 .debug_macro   0x00000000      0x125 hmc5883_i2c.cpp.o

.debug_macro    0x00000000       0x5d
 .debug_macro   0x00000000       0x5d hmc5883_i2c.cpp.o

.debug_macro    0x00000000       0x22
 .debug_macro   0x00000000       0x22 hmc5883_i2c.cpp.o

.debug_macro    0x00000000       0x59
 .debug_macro   0x00000000       0x59 hmc5883_i2c.cpp.o

.debug_macro    0x00000000       0x58
 .debug_macro   0x00000000       0x58 hmc5883_i2c.cpp.o

.debug_macro    0x00000000      0x24e
 .debug_macro   0x00000000      0x24e hmc5883_i2c.cpp.o

.debug_macro    0x00000000      0x6c1
 .debug_macro   0x00000000      0x6c1 hmc5883_i2c.cpp.o

.debug_macro    0x00000000       0xd1
 .debug_macro   0x00000000       0xd1 hmc5883_i2c.cpp.o

.debug_macro    0x00000000       0x78
 .debug_macro   0x00000000       0x78 hmc5883_i2c.cpp.o

.debug_macro    0x00000000       0x28
 .debug_macro   0x00000000       0x28 hmc5883_i2c.cpp.o

.debug_macro    0x00000000      0x11b
 .debug_macro   0x00000000      0x11b hmc5883_i2c.cpp.o

.debug_macro    0x00000000       0x10
 .debug_macro   0x00000000       0x10 hmc5883_i2c.cpp.o

.debug_macro    0x00000000       0x4c
 .debug_macro   0x00000000       0x4c hmc5883_i2c.cpp.o

.debug_macro    0x00000000      0x27f
 .debug_macro   0x00000000      0x27f hmc5883_i2c.cpp.o

.debug_macro    0x00000000       0x10
 .debug_macro   0x00000000       0x10 hmc5883_i2c.cpp.o

.debug_macro    0x00000000      0x195
 .debug_macro   0x00000000      0x195 hmc5883_i2c.cpp.o

.debug_macro    0x00000000       0x8a
 .debug_macro   0x00000000       0x8a hmc5883_i2c.cpp.o

.debug_macro    0x00000000       0x10
 .debug_macro   0x00000000       0x10 hmc5883_i2c.cpp.o

.debug_macro    0x00000000       0x10
 .debug_macro   0x00000000       0x10 hmc5883_i2c.cpp.o

.debug_macro    0x00000000      0x6cb
 .debug_macro   0x00000000      0x6cb hmc5883_i2c.cpp.o

.debug_macro    0x00000000      0x20a
 .debug_macro   0x00000000      0x20a hmc5883_i2c.cpp.o

.debug_macro    0x00000000      0xf6f
 .debug_macro   0x00000000      0xf6f hmc5883_i2c.cpp.o

.debug_macro    0x00000000      0x2ab
 .debug_macro   0x00000000      0x2ab hmc5883_i2c.cpp.o

.debug_macro    0x00000000      0x8b5
 .debug_macro   0x00000000      0x8b5 hmc5883_i2c.cpp.o

.debug_macro    0x00000000       0x23
 .debug_macro   0x00000000       0x23 hmc5883_i2c.cpp.o

.debug_macro    0x00000000       0x39
 .debug_macro   0x00000000       0x39 hmc5883_i2c.cpp.o

.debug_macro    0x00000000       0x78
 .debug_macro   0x00000000       0x78 hmc5883_i2c.cpp.o

.debug_macro    0x00000000      0x14e
 .debug_macro   0x00000000      0x14e hmc5883_i2c.cpp.o

.debug_macro    0x00000000      0x7ca
 .debug_macro   0x00000000      0x7ca hmc5883_i2c.cpp.o

.debug_macro    0x00000000       0xff
 .debug_macro   0x00000000       0xff hmc5883_i2c.cpp.o

.debug_macro    0x00000000      0xae7
 .debug_macro   0x00000000      0xae7 hmc5883_i2c.cpp.o

.debug_macro    0x00000000       0x51
 .debug_macro   0x00000000       0x51 hmc5883_i2c.cpp.o

.debug_macro    0x00000000      0x11a
 .debug_macro   0x00000000      0x11a hmc5883_i2c.cpp.o

.debug_macro    0x00000000       0x16
 .debug_macro   0x00000000       0x16 hmc5883_i2c.cpp.o

.debug_macro    0x00000000       0x1d
 .debug_macro   0x00000000       0x1d hmc5883_i2c.cpp.o

.debug_macro    0x00000000      0x206
 .debug_macro   0x00000000      0x206 hmc5883_i2c.cpp.o

.debug_macro    0x00000000      0x56a
 .debug_macro   0x00000000      0x56a hmc5883_i2c.cpp.o

.debug_macro    0x00000000       0x9c
 .debug_macro   0x00000000       0x9c hmc5883_i2c.cpp.o

.debug_macro    0x00000000      0x2bf
 .debug_macro   0x00000000      0x2bf hmc5883_i2c.cpp.o

.debug_macro    0x00000000       0xd3
 .debug_macro   0x00000000       0xd3 hmc5883_i2c.cpp.o

.debug_macro    0x00000000       0x16
 .debug_macro   0x00000000       0x16 hmc5883_i2c.cpp.o

.debug_macro    0x00000000       0x34
 .debug_macro   0x00000000       0x34 hmc5883_i2c.cpp.o

.debug_macro    0x00000000      0xab0
 .debug_macro   0x00000000      0xab0 hmc5883_i2c.cpp.o

.debug_macro    0x00000000       0x17
 .debug_macro   0x00000000       0x17 hmc5883_i2c.cpp.o

.debug_macro    0x00000000      0x6fa
 .debug_macro   0x00000000      0x6fa hmc5883_i2c.cpp.o

.debug_macro    0x00000000       0x22
 .debug_macro   0x00000000       0x22 hmc5883_i2c.cpp.o

.debug_macro    0x00000000      0x596
 .debug_macro   0x00000000      0x596 hmc5883_i2c.cpp.o

.debug_macro    0x00000000       0x16
 .debug_macro   0x00000000       0x16 hmc5883_i2c.cpp.o

.debug_macro    0x00000000      0x29b
 .debug_macro   0x00000000      0x29b hmc5883_i2c.cpp.o

.debug_macro    0x00000000       0x16
 .debug_macro   0x00000000       0x16 hmc5883_i2c.cpp.o

.debug_macro    0x00000000     0x15a4
 .debug_macro   0x00000000     0x15a4 hmc5883_i2c.cpp.o

.debug_macro    0x00000000       0x53
 .debug_macro   0x00000000       0x53 hmc5883_i2c.cpp.o

.debug_macro    0x00000000      0x347
 .debug_macro   0x00000000      0x347 hmc5883_i2c.cpp.o

.debug_macro    0x00000000       0x96
 .debug_macro   0x00000000       0x96 hmc5883_i2c.cpp.o

.debug_macro    0x00000000       0x1c
 .debug_macro   0x00000000       0x1c hmc5883_i2c.cpp.o

.debug_macro    0x00000000       0x9a
 .debug_macro   0x00000000       0x9a hmc5883_i2c.cpp.o

.debug_macro    0x00000000      0x1cf
 .debug_macro   0x00000000      0x1cf hmc5883_i2c.cpp.o

.debug_macro    0x00000000      0x16c
 .debug_macro   0x00000000      0x16c hmc5883_i2c.cpp.o

.debug_macro    0x00000000      0x413
 .debug_macro   0x00000000      0x413 hmc5883_i2c.cpp.o

.debug_macro    0x00000000       0x5f
 .debug_macro   0x00000000       0x5f hmc5883_i2c.cpp.o

.debug_macro    0x00000000       0x1d
 .debug_macro   0x00000000       0x1d hmc5883_i2c.cpp.o

.debug_macro    0x00000000       0xdf
 .debug_macro   0x00000000       0xdf hmc5883_i2c.cpp.o

.debug_macro    0x00000000       0x16
 .debug_macro   0x00000000       0x16 hmc5883_i2c.cpp.o

.debug_macro    0x00000000      0x13f
 .debug_macro   0x00000000      0x13f hmc5883_i2c.cpp.o

.debug_macro    0x00000000       0x16
 .debug_macro   0x00000000       0x16 hmc5883_i2c.cpp.o

.debug_macro    0x00000000       0x1c
 .debug_macro   0x00000000       0x1c hmc5883_i2c.cpp.o

.debug_macro    0x00000000      0xdb4
 .debug_macro   0x00000000      0xdb4 hmc5883_i2c.cpp.o

.debug_macro    0x00000000       0x16
 .debug_macro   0x00000000       0x16 hmc5883_i2c.cpp.o

.debug_macro    0x00000000      0x215
 .debug_macro   0x00000000      0x215 hmc5883_i2c.cpp.o

.debug_macro    0x00000000       0x59
 .debug_macro   0x00000000       0x59 hmc5883_i2c.cpp.o

.debug_macro    0x00000000       0x1c
 .debug_macro   0x00000000       0x1c hmc5883_i2c.cpp.o

.debug_macro    0x00000000       0x29
 .debug_macro   0x00000000       0x29 hmc5883_i2c.cpp.o

.debug_macro    0x00000000       0x46
 .debug_macro   0x00000000       0x46 hmc5883_i2c.cpp.o

.debug_macro    0x00000000       0x22
 .debug_macro   0x00000000       0x22 hmc5883_i2c.cpp.o

.debug_macro    0x00000000       0xac
 .debug_macro   0x00000000       0xac hmc5883_i2c.cpp.o

.debug_macro    0x00000000       0x78
 .debug_macro   0x00000000       0x78 hmc5883_i2c.cpp.o

.debug_macro    0x00000000       0x28
 .debug_macro   0x00000000       0x28 hmc5883_i2c.cpp.o

.debug_macro    0x00000000      0x24d
 .debug_macro   0x00000000      0x24d hmc5883_i2c.cpp.o

.debug_macro    0x00000000      0x6bb
 .debug_macro   0x00000000      0x6bb hmc5883.cpp.o

.debug_macro    0x00000000       0x53
 .debug_macro   0x00000000       0x53 hmc5883.cpp.o

.debug_macro    0x00000000       0x5e
 .debug_macro   0x00000000       0x5e hmc5883.cpp.o

.debug_macro    0x00000000       0x28
 .debug_macro   0x00000000       0x28 hmc5883.cpp.o

.debug_macro    0x00000000      0x14d
 .debug_macro   0x00000000      0x14d hmc5883.cpp.o

.debug_macro    0x00000000       0x4c
 .debug_macro   0x00000000       0x4c hmc5883.cpp.o

.debug_macro    0x00000000       0x49
 .debug_macro   0x00000000       0x49 hmc5883.cpp.o

.debug_macro    0x00000000      0x106
 .debug_macro   0x00000000      0x106 hmc5883.cpp.o

.debug_macro    0x00000000       0x28
 .debug_macro   0x00000000       0x28 hmc5883.cpp.o

.debug_macro    0x00000000       0x98
 .debug_macro   0x00000000       0x98 hmc5883.cpp.o

.debug_macro    0x00000000       0x16
 .debug_macro   0x00000000       0x16 hmc5883.cpp.o

.debug_macro    0x00000000       0x46
 .debug_macro   0x00000000       0x46 hmc5883.cpp.o

.debug_macro    0x00000000       0xb4
 .debug_macro   0x00000000       0xb4 hmc5883.cpp.o

.debug_macro    0x00000000       0x41
 .debug_macro   0x00000000       0x41 hmc5883.cpp.o

.debug_macro    0x00000000       0x4d
 .debug_macro   0x00000000       0x4d hmc5883.cpp.o

.debug_macro    0x00000000       0x58
 .debug_macro   0x00000000       0x58 hmc5883.cpp.o

.debug_macro    0x00000000       0x22
 .debug_macro   0x00000000       0x22 hmc5883.cpp.o

.debug_macro    0x00000000       0x2e
 .debug_macro   0x00000000       0x2e hmc5883.cpp.o

.debug_macro    0x00000000       0x9c
 .debug_macro   0x00000000       0x9c hmc5883.cpp.o

.debug_macro    0x00000000      0x281
 .debug_macro   0x00000000      0x281 hmc5883.cpp.o

.debug_macro    0x00000000       0x16
 .debug_macro   0x00000000       0x16 hmc5883.cpp.o

.debug_macro    0x00000000       0x19
 .debug_macro   0x00000000       0x19 hmc5883.cpp.o

.debug_macro    0x00000000       0x4d
 .debug_macro   0x00000000       0x4d hmc5883.cpp.o

.debug_macro    0x00000000       0xc1
 .debug_macro   0x00000000       0xc1 hmc5883.cpp.o

.debug_macro    0x00000000      0x21b
 .debug_macro   0x00000000      0x21b hmc5883.cpp.o

.debug_macro    0x00000000       0x16
 .debug_macro   0x00000000       0x16 hmc5883.cpp.o

.debug_macro    0x00000000       0x2b
 .debug_macro   0x00000000       0x2b hmc5883.cpp.o

.debug_macro    0x00000000      0x167
 .debug_macro   0x00000000      0x167 hmc5883.cpp.o

.debug_macro    0x00000000       0x30
 .debug_macro   0x00000000       0x30 hmc5883.cpp.o

.debug_macro    0x00000000       0x18
 .debug_macro   0x00000000       0x18 hmc5883.cpp.o

.debug_macro    0x00000000       0x1c
 .debug_macro   0x00000000       0x1c hmc5883.cpp.o

.debug_macro    0x00000000       0x20
 .debug_macro   0x00000000       0x20 hmc5883.cpp.o

.debug_macro    0x00000000       0x3b
 .debug_macro   0x00000000       0x3b hmc5883.cpp.o

.debug_macro    0x00000000       0x2d
 .debug_macro   0x00000000       0x2d hmc5883.cpp.o

.debug_macro    0x00000000       0x42
 .debug_macro   0x00000000       0x42 hmc5883.cpp.o

.debug_macro    0x00000000       0xac
 .debug_macro   0x00000000       0xac hmc5883.cpp.o
